

================================================================
== Vitis HLS Report for 'aes_generate_round_keys_Pipeline_VITIS_LOOP_157_1'
================================================================
* Date:           Sat Dec 10 15:24:51 2022

* Version:        2022.2 (Build 3670227 on Oct 13 2022)
* Project:        pynqrypt-vitis-hls
* Solution:       pynqrypt (Vivado IP Flow Target)
* Product family: zynq
* Target device:  xc7z020i-clg400-1L


================================================================
== Performance Estimates
================================================================
+ Timing: 
    * Summary: 
    +--------+----------+----------+------------+
    |  Clock |  Target  | Estimated| Uncertainty|
    +--------+----------+----------+------------+
    |ap_clk  |  10.00 ns|  5.944 ns|     2.70 ns|
    +--------+----------+----------+------------+

+ Latency: 
    * Summary: 
    +---------+---------+----------+----------+-----+-----+---------+
    |  Latency (cycles) |  Latency (absolute) |  Interval | Pipeline|
    |   min   |   max   |    min   |    max   | min | max |   Type  |
    +---------+---------+----------+----------+-----+-----+---------+
    |       14|       14|  0.140 us|  0.140 us|   14|   14|       no|
    +---------+---------+----------+----------+-----+-----+---------+

    + Detail: 
        * Instance: 
        N/A

        * Loop: 
        +--------------------+---------+---------+----------+-----------+-----------+------+----------+
        |                    |  Latency (cycles) | Iteration|  Initiation Interval  | Trip |          |
        |      Loop Name     |   min   |   max   |  Latency |  achieved |   target  | Count| Pipelined|
        +--------------------+---------+---------+----------+-----------+-----------+------+----------+
        |- VITIS_LOOP_157_1  |       12|       12|         3|          1|          1|    11|       yes|
        +--------------------+---------+---------+----------+-----------+-----------+------+----------+

============================================================
+ Verbose Summary: Synthesis Manager
============================================================
InlineROM: 1
ExposeGlobal: 0
============================================================
+ Verbose Summary: CDFG Model
============================================================
IsTopModel: 0
ResetActiveHigh: 1
IsCombinational: 0
IsDatapathOnly: 0
HasWiredReturn: 1
HasMFsm: 2
HasVarLatency: 1
IsPipeline: 0
IsRtlPipelined: 0
IsInstanceOverlapped: 0
IsDontTouch: 0
HasImplIP: 0
IsGatedGlobalClock: 0

+ Individual pipeline summary: 
  * Pipeline-0: initiation interval (II) = 1, depth = 3


============================================================
+ Verbose Summary: Schedule
============================================================
* Number of FSM states : 3
* Pipeline : 1
  Pipeline-0 : II = 1, D = 3, States = { 1 2 3 }
* Dataflow Pipeline: 0

* FSM state transitions: 
1 --> 2 
2 --> 3 
3 --> 

* FSM state operations: 

State 1 <SV = 0> <Delay = 3.41>
ST_1 : Operation 6 [1/1] (0.00ns)   --->   "%i_2 = alloca i32 1"   --->   Operation 6 'alloca' 'i_2' <Predicate = true> <Delay = 0.00>
ST_1 : Operation 7 [1/1] (0.00ns)   --->   "%p_round_key_V_1_reload_read = read i1408 @_ssdm_op_Read.ap_auto.i1408, i1408 %p_round_key_V_1_reload"   --->   Operation 7 'read' 'p_round_key_V_1_reload_read' <Predicate = true> <Delay = 0.00>
ST_1 : Operation 8 [1/1] (1.58ns)   --->   "%store_ln0 = store i6 0, i6 %i_2"   --->   Operation 8 'store' 'store_ln0' <Predicate = true> <Delay = 1.58>
ST_1 : Operation 9 [1/1] (0.00ns)   --->   "%br_ln0 = br void %for.inc92"   --->   Operation 9 'br' 'br_ln0' <Predicate = true> <Delay = 0.00>
ST_1 : Operation 10 [1/1] (0.00ns)   --->   "%i = load i6 %i_2" [hw-impl/src/pynqrypt.cpp:157]   --->   Operation 10 'load' 'i' <Predicate = true> <Delay = 0.00>
ST_1 : Operation 11 [1/1] (0.00ns)   --->   "%specpipeline_ln0 = specpipeline void @_ssdm_op_SpecPipeline, i32 4294967295, i32 0, i32 1, i32 0, void @p_str"   --->   Operation 11 'specpipeline' 'specpipeline_ln0' <Predicate = true> <Delay = 0.00>
ST_1 : Operation 12 [1/1] (1.42ns)   --->   "%icmp_ln157 = icmp_ult  i6 %i, i6 44" [hw-impl/src/pynqrypt.cpp:157]   --->   Operation 12 'icmp' 'icmp_ln157' <Predicate = true> <Delay = 1.42> <CoreInst = "Cmp">   --->   Core 9 'Cmp' <Latency = 0> <II = 1> <Delay = 1.42> <FuncUnit> <Opcode : 'icmp'> <InPorts = 2> <OutPorts = 1>
ST_1 : Operation 13 [1/1] (0.00ns)   --->   "%empty = speclooptripcount i32 @_ssdm_op_SpecLoopTripCount, i64 11, i64 11, i64 11"   --->   Operation 13 'speclooptripcount' 'empty' <Predicate = true> <Delay = 0.00>
ST_1 : Operation 14 [1/1] (0.00ns)   --->   "%br_ln157 = br i1 %icmp_ln157, void %for.end94.exitStub, void %for.inc92.split" [hw-impl/src/pynqrypt.cpp:157]   --->   Operation 14 'br' 'br_ln157' <Predicate = true> <Delay = 0.00>
ST_1 : Operation 15 [1/1] (0.00ns)   --->   "%tmp_s = partselect i4 @_ssdm_op_PartSelect.i4.i6.i32.i32, i6 %i, i32 2, i32 5" [hw-impl/src/pynqrypt.cpp:157]   --->   Operation 15 'partselect' 'tmp_s' <Predicate = (icmp_ln157)> <Delay = 0.00>
ST_1 : Operation 16 [1/1] (0.00ns)   --->   "%shl_ln186_1 = bitconcatenate i11 @_ssdm_op_BitConcatenate.i11.i6.i5, i6 %i, i5 0"   --->   Operation 16 'bitconcatenate' 'shl_ln186_1' <Predicate = (icmp_ln157)> <Delay = 0.00>
ST_1 : Operation 17 [1/1] (0.00ns)   --->   "%or_ln186 = or i11 %shl_ln186_1, i11 32"   --->   Operation 17 'or' 'or_ln186' <Predicate = (icmp_ln157)> <Delay = 0.00>
ST_1 : Operation 18 [1/1] (1.63ns)   --->   "%add_ln186 = add i11 %or_ln186, i11 32"   --->   Operation 18 'add' 'add_ln186' <Predicate = (icmp_ln157)> <Delay = 1.63> <CoreInst = "Adder">   --->   Core 1 'Adder' <Latency = 0> <II = 1> <Delay = 1.63> <FuncUnit> <Opcode : 'add' 'sub'> <InPorts = 2> <OutPorts = 1>
ST_1 : Operation 19 [1/1] (1.82ns)   --->   "%add_ln157 = add i6 %i, i6 4" [hw-impl/src/pynqrypt.cpp:157]   --->   Operation 19 'add' 'add_ln157' <Predicate = (icmp_ln157)> <Delay = 1.82> <CoreInst = "Adder">   --->   Core 1 'Adder' <Latency = 0> <II = 1> <Delay = 1.82> <FuncUnit> <Opcode : 'add' 'sub'> <InPorts = 2> <OutPorts = 1>
ST_1 : Operation 20 [1/1] (1.58ns)   --->   "%store_ln157 = store i6 %add_ln157, i6 %i_2" [hw-impl/src/pynqrypt.cpp:157]   --->   Operation 20 'store' 'store_ln157' <Predicate = (icmp_ln157)> <Delay = 1.58>

State 2 <SV = 1> <Delay = 5.94>
ST_2 : Operation 21 [1/1] (0.00ns)   --->   "%zext_ln186_5 = zext i11 %shl_ln186_1"   --->   Operation 21 'zext' 'zext_ln186_5' <Predicate = true> <Delay = 0.00>
ST_2 : Operation 22 [1/1] (5.94ns)   --->   "%lshr_ln186 = lshr i1408 %p_round_key_V_1_reload_read, i1408 %zext_ln186_5"   --->   Operation 22 'lshr' 'lshr_ln186' <Predicate = true> <Delay = 5.94> <CoreInst = "Shifter">   --->   Core 75 'Shifter' <Latency = 0> <II = 1> <Delay = 5.94> <FuncUnit> <Opcode : 'shl' 'lshr' 'ashr'> <InPorts = 2> <OutPorts = 1>
ST_2 : Operation 23 [1/1] (0.00ns)   --->   "%trunc_ln186 = trunc i1408 %lshr_ln186"   --->   Operation 23 'trunc' 'trunc_ln186' <Predicate = true> <Delay = 0.00>
ST_2 : Operation 24 [1/1] (0.00ns)   --->   "%zext_ln186_6 = zext i11 %or_ln186"   --->   Operation 24 'zext' 'zext_ln186_6' <Predicate = true> <Delay = 0.00>
ST_2 : Operation 25 [1/1] (5.94ns)   --->   "%lshr_ln186_4 = lshr i1408 %p_round_key_V_1_reload_read, i1408 %zext_ln186_6"   --->   Operation 25 'lshr' 'lshr_ln186_4' <Predicate = true> <Delay = 5.94> <CoreInst = "Shifter">   --->   Core 75 'Shifter' <Latency = 0> <II = 1> <Delay = 5.94> <FuncUnit> <Opcode : 'shl' 'lshr' 'ashr'> <InPorts = 2> <OutPorts = 1>
ST_2 : Operation 26 [1/1] (0.00ns)   --->   "%trunc_ln186_5 = trunc i1408 %lshr_ln186_4"   --->   Operation 26 'trunc' 'trunc_ln186_5' <Predicate = true> <Delay = 0.00>
ST_2 : Operation 27 [1/1] (0.00ns)   --->   "%zext_ln186_7 = zext i11 %add_ln186"   --->   Operation 27 'zext' 'zext_ln186_7' <Predicate = true> <Delay = 0.00>
ST_2 : Operation 28 [1/1] (5.94ns)   --->   "%lshr_ln186_5 = lshr i1408 %p_round_key_V_1_reload_read, i1408 %zext_ln186_7"   --->   Operation 28 'lshr' 'lshr_ln186_5' <Predicate = true> <Delay = 5.94> <CoreInst = "Shifter">   --->   Core 75 'Shifter' <Latency = 0> <II = 1> <Delay = 5.94> <FuncUnit> <Opcode : 'shl' 'lshr' 'ashr'> <InPorts = 2> <OutPorts = 1>
ST_2 : Operation 29 [1/1] (0.00ns)   --->   "%trunc_ln186_6 = trunc i1408 %lshr_ln186_5"   --->   Operation 29 'trunc' 'trunc_ln186_6' <Predicate = true> <Delay = 0.00>
ST_2 : Operation 30 [1/1] (0.00ns) (grouped into LUT with out node lshr_ln186_6)   --->   "%or_ln186_1 = or i11 %shl_ln186_1, i11 96"   --->   Operation 30 'or' 'or_ln186_1' <Predicate = true> <Delay = 0.00>
ST_2 : Operation 31 [1/1] (0.00ns) (grouped into LUT with out node lshr_ln186_6)   --->   "%zext_ln186_8 = zext i11 %or_ln186_1"   --->   Operation 31 'zext' 'zext_ln186_8' <Predicate = true> <Delay = 0.00>
ST_2 : Operation 32 [1/1] (5.94ns) (out node of the LUT)   --->   "%lshr_ln186_6 = lshr i1408 %p_round_key_V_1_reload_read, i1408 %zext_ln186_8"   --->   Operation 32 'lshr' 'lshr_ln186_6' <Predicate = true> <Delay = 5.94> <CoreInst = "Shifter">   --->   Core 75 'Shifter' <Latency = 0> <II = 1> <Delay = 5.94> <FuncUnit> <Opcode : 'shl' 'lshr' 'ashr'> <InPorts = 2> <OutPorts = 1>
ST_2 : Operation 33 [1/1] (0.00ns)   --->   "%trunc_ln186_7 = trunc i1408 %lshr_ln186_6"   --->   Operation 33 'trunc' 'trunc_ln186_7' <Predicate = true> <Delay = 0.00>
ST_2 : Operation 40 [1/1] (0.00ns)   --->   "%ret_ln0 = ret"   --->   Operation 40 'ret' 'ret_ln0' <Predicate = (!icmp_ln157)> <Delay = 0.00>

State 3 <SV = 2> <Delay = 3.25>
ST_3 : Operation 34 [1/1] (0.00ns)   --->   "%specloopname_ln157 = specloopname void @_ssdm_op_SpecLoopName, void @empty_8" [hw-impl/src/pynqrypt.cpp:157]   --->   Operation 34 'specloopname' 'specloopname_ln157' <Predicate = true> <Delay = 0.00>
ST_3 : Operation 35 [1/1] (0.00ns)   --->   "%zext_ln186 = zext i4 %tmp_s"   --->   Operation 35 'zext' 'zext_ln186' <Predicate = true> <Delay = 0.00>
ST_3 : Operation 36 [1/1] (0.00ns)   --->   "%p_Val2_s = getelementptr i128 %this_round_keys, i64 0, i64 %zext_ln186"   --->   Operation 36 'getelementptr' 'p_Val2_s' <Predicate = true> <Delay = 0.00>
ST_3 : Operation 37 [1/1] (0.00ns)   --->   "%p_Result_s = bitconcatenate i128 @_ssdm_op_BitConcatenate.i128.i32.i32.i32.i32, i32 %trunc_ln186, i32 %trunc_ln186_5, i32 %trunc_ln186_6, i32 %trunc_ln186_7"   --->   Operation 37 'bitconcatenate' 'p_Result_s' <Predicate = true> <Delay = 0.00>
ST_3 : Operation 38 [1/1] (3.25ns)   --->   "%store_ln368 = store i128 %p_Result_s, i4 %p_Val2_s"   --->   Operation 38 'store' 'store_ln368' <Predicate = true> <Delay = 3.25> <CoreInst = "RAM">   --->   Core 82 'RAM' <Latency = 1> <II = 1> <Delay = 3.25> <Storage> <Opcode : 'load' 'store'> <Ports = 2> <Width = 128> <Depth = 11> <RAM>
ST_3 : Operation 39 [1/1] (0.00ns)   --->   "%br_ln157 = br void %for.inc92" [hw-impl/src/pynqrypt.cpp:157]   --->   Operation 39 'br' 'br_ln157' <Predicate = true> <Delay = 0.00>


============================================================
+ Verbose Summary: Timing violations
============================================================
Target clock period: 10ns, clock uncertainty: 2.7ns.

 <State 1>: 3.41ns
The critical path consists of the following:
	'alloca' operation ('i') [3]  (0 ns)
	'load' operation ('i', hw-impl/src/pynqrypt.cpp:157) on local variable 'i' [8]  (0 ns)
	'add' operation ('add_ln157', hw-impl/src/pynqrypt.cpp:157) [36]  (1.83 ns)
	'store' operation ('store_ln157', hw-impl/src/pynqrypt.cpp:157) of variable 'add_ln157', hw-impl/src/pynqrypt.cpp:157 on local variable 'i' [37]  (1.59 ns)

 <State 2>: 5.94ns
The critical path consists of the following:
	'lshr' operation ('lshr_ln186') [19]  (5.94 ns)

 <State 3>: 3.25ns
The critical path consists of the following:
	'getelementptr' operation ('__Val2__') [21]  (0 ns)
	'store' operation ('store_ln368') of variable '__Result__' on array 'this_round_keys' [35]  (3.25 ns)


============================================================
+ Verbose Summary: Binding
============================================================
N/A
* FSMD analyzer results:
  - Output states:
 - Input state : 
  - Chain level:
	State 1
	State 2
	State 3


============================================================
+ Verbose Summary: Datapath Resource usage 
============================================================
N/A
