

================================================================
== Vitis HLS Report for 'aes_encrypt_block_Pipeline_VITIS_LOOP_68_1'
================================================================
* Date:           Tue Dec  6 11:20:29 2022

* Version:        2022.2 (Build 3670227 on Oct 13 2022)
* Project:        pynqrypt-vitis-hls
* Solution:       pynqrypt (Vivado IP Flow Target)
* Product family: zynq
* Target device:  xc7z020i-clg400-1L


================================================================
== Performance Estimates
================================================================
+ Timing: 
    * Summary: 
    +--------+----------+----------+------------+
    |  Clock |  Target  | Estimated| Uncertainty|
    +--------+----------+----------+------------+
    |ap_clk  |  10.00 ns|  5.576 ns|     2.70 ns|
    +--------+----------+----------+------------+

+ Latency: 
    * Summary: 
    +---------+---------+----------+----------+-----+-----+---------+
    |  Latency (cycles) |  Latency (absolute) |  Interval | Pipeline|
    |   min   |   max   |    min   |    max   | min | max |   Type  |
    +---------+---------+----------+----------+-----+-----+---------+
    |       19|       19|  0.190 us|  0.190 us|   19|   19|       no|
    +---------+---------+----------+----------+-----+-----+---------+

    + Detail: 
        * Instance: 
        N/A

        * Loop: 
        +-------------------+---------+---------+----------+-----------+-----------+------+----------+
        |                   |  Latency (cycles) | Iteration|  Initiation Interval  | Trip |          |
        |     Loop Name     |   min   |   max   |  Latency |  achieved |   target  | Count| Pipelined|
        +-------------------+---------+---------+----------+-----------+-----------+------+----------+
        |- VITIS_LOOP_68_1  |       17|       17|         3|          1|          1|    16|       yes|
        +-------------------+---------+---------+----------+-----------+-----------+------+----------+

============================================================
+ Verbose Summary: Synthesis Manager
============================================================
InlineROM: 1
ExposeGlobal: 0
============================================================
+ Verbose Summary: CDFG Model
============================================================
IsTopModel: 0
ResetActiveHigh: 1
IsCombinational: 0
IsDatapathOnly: 0
HasWiredReturn: 1
HasMFsm: 2
HasVarLatency: 1
IsPipeline: 0
IsRtlPipelined: 0
IsInstanceOverlapped: 0
IsDontTouch: 0
HasImplIP: 0
IsGatedGlobalClock: 0

+ Individual pipeline summary: 
  * Pipeline-0: initiation interval (II) = 1, depth = 3


============================================================
+ Verbose Summary: Schedule
============================================================
* Number of FSM states : 3
* Pipeline : 1
  Pipeline-0 : II = 1, D = 3, States = { 1 2 3 }
* Dataflow Pipeline: 0

* FSM state transitions: 
1 --> 2 
2 --> 3 
3 --> 

* FSM state operations: 

State 1 <SV = 0> <Delay = 3.36>
ST_1 : Operation 6 [1/1] (0.00ns)   --->   "%i_5 = alloca i32 1"   --->   Operation 6 'alloca' 'i_5' <Predicate = true> <Delay = 0.00>
ST_1 : Operation 7 [1/1] (1.58ns)   --->   "%store_ln0 = store i5 0, i5 %i_5"   --->   Operation 7 'store' 'store_ln0' <Predicate = true> <Delay = 1.58>
ST_1 : Operation 8 [1/1] (0.00ns)   --->   "%br_ln0 = br void %for.inc.i34"   --->   Operation 8 'br' 'br_ln0' <Predicate = true> <Delay = 0.00>
ST_1 : Operation 9 [1/1] (0.00ns)   --->   "%i = load i5 %i_5" [hw-impl/src/pynqrypt.cpp:68]   --->   Operation 9 'load' 'i' <Predicate = true> <Delay = 0.00>
ST_1 : Operation 10 [1/1] (0.00ns)   --->   "%specpipeline_ln0 = specpipeline void @_ssdm_op_SpecPipeline, i32 4294967295, i32 0, i32 1, i32 0, void @p_str"   --->   Operation 10 'specpipeline' 'specpipeline_ln0' <Predicate = true> <Delay = 0.00>
ST_1 : Operation 11 [1/1] (1.36ns)   --->   "%icmp_ln68 = icmp_eq  i5 %i, i5 16" [hw-impl/src/pynqrypt.cpp:68]   --->   Operation 11 'icmp' 'icmp_ln68' <Predicate = true> <Delay = 1.36> <CoreInst = "Cmp">   --->   Core 9 'Cmp' <Latency = 0> <II = 1> <Delay = 1.36> <FuncUnit> <Opcode : 'icmp'> <InPorts = 2> <OutPorts = 1>
ST_1 : Operation 12 [1/1] (0.00ns)   --->   "%empty = speclooptripcount i32 @_ssdm_op_SpecLoopTripCount, i64 16, i64 16, i64 16"   --->   Operation 12 'speclooptripcount' 'empty' <Predicate = true> <Delay = 0.00>
ST_1 : Operation 13 [1/1] (1.78ns)   --->   "%add_ln68 = add i5 %i, i5 1" [hw-impl/src/pynqrypt.cpp:68]   --->   Operation 13 'add' 'add_ln68' <Predicate = true> <Delay = 1.78> <CoreInst = "Adder">   --->   Core 1 'Adder' <Latency = 0> <II = 1> <Delay = 1.78> <FuncUnit> <Opcode : 'add' 'sub'> <InPorts = 2> <OutPorts = 1>
ST_1 : Operation 14 [1/1] (0.00ns)   --->   "%br_ln68 = br i1 %icmp_ln68, void %for.inc.i34.split, void %_ZN6crypto8Pynqrypt13aes_sub_bytesEPh.exit35.exitStub" [hw-impl/src/pynqrypt.cpp:68]   --->   Operation 14 'br' 'br_ln68' <Predicate = true> <Delay = 0.00>
ST_1 : Operation 15 [1/1] (0.00ns)   --->   "%i_5_cast = zext i5 %i" [hw-impl/src/pynqrypt.cpp:68]   --->   Operation 15 'zext' 'i_5_cast' <Predicate = (!icmp_ln68)> <Delay = 0.00>
ST_1 : Operation 16 [1/1] (0.00ns)   --->   "%state_addr = getelementptr i8 %state, i64 0, i64 %i_5_cast" [hw-impl/src/pynqrypt.cpp:69]   --->   Operation 16 'getelementptr' 'state_addr' <Predicate = (!icmp_ln68)> <Delay = 0.00>
ST_1 : Operation 17 [2/2] (2.32ns)   --->   "%state_load_1 = load i4 %state_addr" [hw-impl/src/pynqrypt.cpp:69]   --->   Operation 17 'load' 'state_load_1' <Predicate = (!icmp_ln68)> <Delay = 2.32> <CoreInst = "RAM">   --->   Core 82 'RAM' <Latency = 1> <II = 1> <Delay = 2.32> <Storage> <Opcode : 'load' 'store'> <Ports = 2> <Width = 8> <Depth = 16> <RAM>
ST_1 : Operation 18 [1/1] (1.58ns)   --->   "%store_ln68 = store i5 %add_ln68, i5 %i_5" [hw-impl/src/pynqrypt.cpp:68]   --->   Operation 18 'store' 'store_ln68' <Predicate = (!icmp_ln68)> <Delay = 1.58>

State 2 <SV = 1> <Delay = 5.57>
ST_2 : Operation 19 [1/2] (2.32ns)   --->   "%state_load_1 = load i4 %state_addr" [hw-impl/src/pynqrypt.cpp:69]   --->   Operation 19 'load' 'state_load_1' <Predicate = true> <Delay = 2.32> <CoreInst = "RAM">   --->   Core 82 'RAM' <Latency = 1> <II = 1> <Delay = 2.32> <Storage> <Opcode : 'load' 'store'> <Ports = 2> <Width = 8> <Depth = 16> <RAM>
ST_2 : Operation 20 [1/1] (0.00ns)   --->   "%zext_ln69 = zext i8 %state_load_1" [hw-impl/src/pynqrypt.cpp:69]   --->   Operation 20 'zext' 'zext_ln69' <Predicate = true> <Delay = 0.00>
ST_2 : Operation 21 [1/1] (0.00ns)   --->   "%crypto_aes_sbox_addr = getelementptr i8 %crypto_aes_sbox, i64 0, i64 %zext_ln69" [hw-impl/src/pynqrypt.cpp:69]   --->   Operation 21 'getelementptr' 'crypto_aes_sbox_addr' <Predicate = true> <Delay = 0.00>
ST_2 : Operation 22 [2/2] (3.25ns)   --->   "%crypto_aes_sbox_load = load i8 %crypto_aes_sbox_addr" [hw-impl/src/pynqrypt.cpp:69]   --->   Operation 22 'load' 'crypto_aes_sbox_load' <Predicate = true> <Delay = 3.25> <CoreInst = "ROM">   --->   Core 95 'ROM' <Latency = 1> <II = 1> <Delay = 3.25> <Storage> <Opcode : 'load'> <Ports = 0> <Width = 8> <Depth = 256> <ROM>
ST_2 : Operation 27 [1/1] (0.00ns)   --->   "%ret_ln0 = ret"   --->   Operation 27 'ret' 'ret_ln0' <Predicate = (icmp_ln68)> <Delay = 0.00>

State 3 <SV = 2> <Delay = 5.57>
ST_3 : Operation 23 [1/1] (0.00ns)   --->   "%specloopname_ln68 = specloopname void @_ssdm_op_SpecLoopName, void @empty_6" [hw-impl/src/pynqrypt.cpp:68]   --->   Operation 23 'specloopname' 'specloopname_ln68' <Predicate = true> <Delay = 0.00>
ST_3 : Operation 24 [1/2] (3.25ns)   --->   "%crypto_aes_sbox_load = load i8 %crypto_aes_sbox_addr" [hw-impl/src/pynqrypt.cpp:69]   --->   Operation 24 'load' 'crypto_aes_sbox_load' <Predicate = true> <Delay = 3.25> <CoreInst = "ROM">   --->   Core 95 'ROM' <Latency = 1> <II = 1> <Delay = 3.25> <Storage> <Opcode : 'load'> <Ports = 0> <Width = 8> <Depth = 256> <ROM>
ST_3 : Operation 25 [1/1] (2.32ns)   --->   "%store_ln69 = store i8 %crypto_aes_sbox_load, i4 %state_addr" [hw-impl/src/pynqrypt.cpp:69]   --->   Operation 25 'store' 'store_ln69' <Predicate = true> <Delay = 2.32> <CoreInst = "RAM">   --->   Core 82 'RAM' <Latency = 1> <II = 1> <Delay = 2.32> <Storage> <Opcode : 'load' 'store'> <Ports = 2> <Width = 8> <Depth = 16> <RAM>
ST_3 : Operation 26 [1/1] (0.00ns)   --->   "%br_ln68 = br void %for.inc.i34" [hw-impl/src/pynqrypt.cpp:68]   --->   Operation 26 'br' 'br_ln68' <Predicate = true> <Delay = 0.00>


============================================================
+ Verbose Summary: Timing violations
============================================================
Target clock period: 10ns, clock uncertainty: 2.7ns.

 <State 1>: 3.37ns
The critical path consists of the following:
	'alloca' operation ('i') [3]  (0 ns)
	'load' operation ('i', hw-impl/src/pynqrypt.cpp:68) on local variable 'i' [7]  (0 ns)
	'add' operation ('add_ln68', hw-impl/src/pynqrypt.cpp:68) [11]  (1.78 ns)
	'store' operation ('store_ln68', hw-impl/src/pynqrypt.cpp:68) of variable 'add_ln68', hw-impl/src/pynqrypt.cpp:68 on local variable 'i' [22]  (1.59 ns)

 <State 2>: 5.58ns
The critical path consists of the following:
	'load' operation ('state_load_1', hw-impl/src/pynqrypt.cpp:69) on array 'state' [17]  (2.32 ns)
	'getelementptr' operation ('crypto_aes_sbox_addr', hw-impl/src/pynqrypt.cpp:69) [19]  (0 ns)
	'load' operation ('crypto_aes_sbox_load', hw-impl/src/pynqrypt.cpp:69) on array 'crypto_aes_sbox' [20]  (3.25 ns)

 <State 3>: 5.58ns
The critical path consists of the following:
	'load' operation ('crypto_aes_sbox_load', hw-impl/src/pynqrypt.cpp:69) on array 'crypto_aes_sbox' [20]  (3.25 ns)
	'store' operation ('store_ln69', hw-impl/src/pynqrypt.cpp:69) of variable 'crypto_aes_sbox_load', hw-impl/src/pynqrypt.cpp:69 on array 'state' [21]  (2.32 ns)


============================================================
+ Verbose Summary: Binding
============================================================
N/A
* FSMD analyzer results:
  - Output states:
 - Input state : 
  - Chain level:
	State 1
	State 2
	State 3


============================================================
+ Verbose Summary: Datapath Resource usage 
============================================================
N/A
