

================================================================
== Vitis HLS Report for 'pynqrypt_encrypt_Pipeline_loop_aes_generate_round_keys'
================================================================
* Date:           Sat Dec 10 11:47:22 2022

* Version:        2022.2 (Build 3670227 on Oct 13 2022)
* Project:        pynqrypt-vitis-hls
* Solution:       pynqrypt (Vivado IP Flow Target)
* Product family: zynq
* Target device:  xc7z020i-clg400-1L


================================================================
== Performance Estimates
================================================================
+ Timing: 
    * Summary: 
    +--------+----------+----------+------------+
    |  Clock |  Target  | Estimated| Uncertainty|
    +--------+----------+----------+------------+
    |ap_clk  |  10.00 ns|  6.508 ns|     2.70 ns|
    +--------+----------+----------+------------+

+ Latency: 
    * Summary: 
    +---------+---------+----------+----------+-----+-----+---------+
    |  Latency (cycles) |  Latency (absolute) |  Interval | Pipeline|
    |   min   |   max   |    min   |    max   | min | max |   Type  |
    +---------+---------+----------+----------+-----+-----+---------+
    |       82|       82|  0.820 us|  0.820 us|   82|   82|       no|
    +---------+---------+----------+----------+-----+-----+---------+

    + Detail: 
        * Instance: 
        N/A

        * Loop: 
        +--------------------------------+---------+---------+----------+-----------+-----------+------+----------+
        |                                |  Latency (cycles) | Iteration|  Initiation Interval  | Trip |          |
        |            Loop Name           |   min   |   max   |  Latency |  achieved |   target  | Count| Pipelined|
        +--------------------------------+---------+---------+----------+-----------+-----------+------+----------+
        |- loop_aes_generate_round_keys  |       80|       80|         8|          8|          1|    10|       yes|
        +--------------------------------+---------+---------+----------+-----------+-----------+------+----------+



================================================================
== Utilization Estimates
================================================================
* Summary: 
+-----------------+---------+-----+--------+-------+-----+
|       Name      | BRAM_18K| DSP |   FF   |  LUT  | URAM|
+-----------------+---------+-----+--------+-------+-----+
|DSP              |        -|    -|       -|      -|    -|
|Expression       |        -|    -|       0|    247|    -|
|FIFO             |        -|    -|       -|      -|    -|
|Instance         |        -|    -|       -|      -|    -|
|Memory           |        0|    -|       8|      2|    -|
|Multiplexer      |        -|    -|       -|    178|    -|
|Register         |        -|    -|     269|      -|    -|
+-----------------+---------+-----+--------+-------+-----+
|Total            |        0|    0|     277|    427|    0|
+-----------------+---------+-----+--------+-------+-----+
|Available        |      280|  220|  106400|  53200|    0|
+-----------------+---------+-----+--------+-------+-----+
|Utilization (%)  |        0|    0|      ~0|     ~0|    0|
+-----------------+---------+-----+--------+-------+-----+

+ Detail: 
    * Instance: 
    N/A

    * DSP: 
    N/A

    * Memory: 
    +---------------------+----------------------------------------------------------------------------------+---------+---+----+-----+------+-----+------+-------------+
    |        Memory       |                                      Module                                      | BRAM_18K| FF| LUT| URAM| Words| Bits| Banks| W*Bits*Banks|
    +---------------------+----------------------------------------------------------------------------------+---------+---+----+-----+------+-----+------+-------------+
    |crypto_aes_rcon_V_U  |pynqrypt_encrypt_Pipeline_loop_aes_generate_round_keys_crypto_aes_rcon_V_ROM_bkb  |        0|  8|   2|    0|    10|    8|     1|           80|
    +---------------------+----------------------------------------------------------------------------------+---------+---+----+-----+------+-----+------+-------------+
    |Total                |                                                                                  |        0|  8|   2|    0|    10|    8|     1|           80|
    +---------------------+----------------------------------------------------------------------------------+---------+---+----+-----+------+-----+------+-------------+

    * FIFO: 
    N/A

    * Expression: 
    +----------------------+----------+----+---+----+------------+------------+
    |     Variable Name    | Operation| DSP| FF| LUT| Bitwidth P0| Bitwidth P1|
    +----------------------+----------+----+---+----+------------+------------+
    |add_ln142_fu_391_p2   |         +|   0|  0|  14|           6|           3|
    |add_ln143_fu_209_p2   |         +|   0|  0|  14|           6|           2|
    |add_ln147_fu_230_p2   |         +|   0|  0|  13|           4|           2|
    |add_ln149_fu_241_p2   |         +|   0|  0|  14|           6|           4|
    |add_ln150_fu_291_p2   |         +|   0|  0|  14|           6|           3|
    |add_ln151_fu_301_p2   |         +|   0|  0|  14|           6|           3|
    |icmp_ln142_fu_203_p2  |      icmp|   0|  0|  10|           6|           6|
    |or_ln150_fu_351_p2    |        or|   0|  0|   6|           6|           1|
    |or_ln151_fu_366_p2    |        or|   0|  0|   6|           6|           2|
    |or_ln152_fu_381_p2    |        or|   0|  0|   6|           6|           2|
    |ret_V_4_fu_337_p2     |       xor|   0|  0|  32|          32|          32|
    |ret_V_5_fu_346_p2     |       xor|   0|  0|  32|          32|          32|
    |ret_V_6_fu_361_p2     |       xor|   0|  0|  32|          32|          32|
    |ret_V_fu_376_p2       |       xor|   0|  0|  32|          32|          32|
    |xor_ln1499_fu_323_p2  |       xor|   0|  0|   8|           8|           8|
    +----------------------+----------+----+---+----+------------+------------+
    |Total                 |          |   0|  0| 247|         194|         164|
    +----------------------+----------+----+---+----+------------+------------+

    * Multiplexer: 
    +----------------------------+----+-----------+-----+-----------+
    |            Name            | LUT| Input Size| Bits| Total Bits|
    +----------------------------+----+-----------+-----+-----------+
    |ap_NS_fsm                   |  48|          9|    1|          9|
    |ap_done_int                 |   9|          2|    1|          2|
    |ap_sig_allocacmp_i_1        |   9|          2|    6|         12|
    |crypto_aes_sbox_V_address0  |  25|          5|    8|         40|
    |i_fu_68                     |   9|          2|    6|         12|
    |p_round_key_V_address0      |  25|          5|    6|         30|
    |p_round_key_V_address1      |  25|          5|    6|         30|
    |p_round_key_V_d0            |  14|          3|   32|         96|
    |p_round_key_V_d1            |  14|          3|   32|         96|
    +----------------------------+----+-----------+-----+-----------+
    |Total                       | 178|         36|   98|        327|
    +----------------------------+----+-----------+-----+-----------+

    * Register: 
    +----------------------------------+----+----+-----+-----------+
    |               Name               | FF | LUT| Bits| Const Bits|
    +----------------------------------+----+----+-----+-----------+
    |ap_CS_fsm                         |   8|   0|    8|          0|
    |ap_done_reg                       |   1|   0|    1|          0|
    |crypto_aes_rcon_V_load_reg_462    |   8|   0|    8|          0|
    |crypto_aes_sbox_V_load_1_reg_502  |   8|   0|    8|          0|
    |crypto_aes_sbox_V_load_2_reg_512  |   8|   0|    8|          0|
    |crypto_aes_sbox_V_load_reg_482    |   8|   0|    8|          0|
    |i_1_reg_408                       |   6|   0|    6|          0|
    |i_fu_68                           |   6|   0|    6|          0|
    |lhs_V_1_reg_492                   |  32|   0|   32|          0|
    |lhs_V_2_reg_497                   |  32|   0|   32|          0|
    |lhs_V_3_reg_437                   |  32|   0|   32|          0|
    |lhs_V_reg_467                     |  32|   0|   32|          0|
    |lshr_ln541_1_reg_457              |   8|   0|    8|          0|
    |lshr_ln_reg_452                   |   8|   0|    8|          0|
    |ret_V_4_reg_522                   |  32|   0|   32|          0|
    |ret_V_6_reg_528                   |  32|   0|   32|          0|
    |trunc_ln541_reg_447               |   8|   0|    8|          0|
    +----------------------------------+----+----+-----+-----------+
    |Total                             | 269|   0|  269|          0|
    +----------------------------------+----+----+-----+-----------+



================================================================
== Interface
================================================================
* Summary: 
+----------------------------+-----+-----+------------+--------------------------------------------------------+--------------+
|          RTL Ports         | Dir | Bits|  Protocol  |                      Source Object                     |    C Type    |
+----------------------------+-----+-----+------------+--------------------------------------------------------+--------------+
|ap_clk                      |   in|    1|  ap_ctrl_hs|  pynqrypt_encrypt_Pipeline_loop_aes_generate_round_keys|  return value|
|ap_rst                      |   in|    1|  ap_ctrl_hs|  pynqrypt_encrypt_Pipeline_loop_aes_generate_round_keys|  return value|
|ap_start                    |   in|    1|  ap_ctrl_hs|  pynqrypt_encrypt_Pipeline_loop_aes_generate_round_keys|  return value|
|ap_done                     |  out|    1|  ap_ctrl_hs|  pynqrypt_encrypt_Pipeline_loop_aes_generate_round_keys|  return value|
|ap_idle                     |  out|    1|  ap_ctrl_hs|  pynqrypt_encrypt_Pipeline_loop_aes_generate_round_keys|  return value|
|ap_ready                    |  out|    1|  ap_ctrl_hs|  pynqrypt_encrypt_Pipeline_loop_aes_generate_round_keys|  return value|
|p_round_key_V_address0      |  out|    6|   ap_memory|                                           p_round_key_V|         array|
|p_round_key_V_ce0           |  out|    1|   ap_memory|                                           p_round_key_V|         array|
|p_round_key_V_we0           |  out|    1|   ap_memory|                                           p_round_key_V|         array|
|p_round_key_V_d0            |  out|   32|   ap_memory|                                           p_round_key_V|         array|
|p_round_key_V_q0            |   in|   32|   ap_memory|                                           p_round_key_V|         array|
|p_round_key_V_address1      |  out|    6|   ap_memory|                                           p_round_key_V|         array|
|p_round_key_V_ce1           |  out|    1|   ap_memory|                                           p_round_key_V|         array|
|p_round_key_V_we1           |  out|    1|   ap_memory|                                           p_round_key_V|         array|
|p_round_key_V_d1            |  out|   32|   ap_memory|                                           p_round_key_V|         array|
|p_round_key_V_q1            |   in|   32|   ap_memory|                                           p_round_key_V|         array|
|crypto_aes_sbox_V_address0  |  out|    8|   ap_memory|                                       crypto_aes_sbox_V|         array|
|crypto_aes_sbox_V_ce0       |  out|    1|   ap_memory|                                       crypto_aes_sbox_V|         array|
|crypto_aes_sbox_V_q0        |   in|    8|   ap_memory|                                       crypto_aes_sbox_V|         array|
+----------------------------+-----+-----+------------+--------------------------------------------------------+--------------+

============================================================
+ Verbose Summary: Synthesis Manager
============================================================
InlineROM: 1
ExposeGlobal: 0
============================================================
+ Verbose Summary: CDFG Model
============================================================
IsTopModel: 0
ResetActiveHigh: 1
IsCombinational: 2
IsDatapathOnly: 2
HasWiredReturn: 1
HasMFsm: 2
HasVarLatency: 1
IsPipeline: 0
IsRtlPipelined: 0
IsInstanceOverlapped: 0
IsDontTouch: 0
HasImplIP: 0
IsGatedGlobalClock: 0

+ Individual pipeline summary: 
  * Pipeline-0: initiation interval (II) = 8, depth = 8


============================================================
+ Verbose Summary: Schedule
============================================================
* Number of FSM states : 8
* Pipeline : 1
  Pipeline-0 : II = 8, D = 8, States = { 1 2 3 4 5 6 7 8 }
* Dataflow Pipeline: 0

* FSM state transitions: 
1 --> 2 
2 --> 3 
3 --> 4 
4 --> 5 
5 --> 6 
6 --> 7 
7 --> 8 
8 --> 

* FSM state operations: 

State 1 <SV = 0> <Delay = 5.07>
ST_1 : Operation 11 [1/1] (0.00ns)   --->   "%i = alloca i32 1"   --->   Operation 11 'alloca' 'i' <Predicate = true> <Delay = 0.00>
ST_1 : Operation 12 [1/1] (1.58ns)   --->   "%store_ln0 = store i6 4, i6 %i"   --->   Operation 12 'store' 'store_ln0' <Predicate = true> <Delay = 1.58>
ST_1 : Operation 13 [1/1] (0.00ns)   --->   "%br_ln0 = br void %for.inc.i.i"   --->   Operation 13 'br' 'br_ln0' <Predicate = true> <Delay = 0.00>
ST_1 : Operation 14 [1/1] (0.00ns)   --->   "%i_1 = load i6 %i" [hw-impl/src/pynqrypt.cpp:143]   --->   Operation 14 'load' 'i_1' <Predicate = true> <Delay = 0.00>
ST_1 : Operation 15 [1/1] (0.00ns)   --->   "%specpipeline_ln0 = specpipeline void @_ssdm_op_SpecPipeline, i32 4294967295, i32 0, i32 1, i32 0, void @p_str"   --->   Operation 15 'specpipeline' 'specpipeline_ln0' <Predicate = true> <Delay = 0.00>
ST_1 : Operation 16 [1/1] (1.42ns)   --->   "%icmp_ln142 = icmp_ult  i6 %i_1, i6 44" [hw-impl/src/pynqrypt.cpp:142]   --->   Operation 16 'icmp' 'icmp_ln142' <Predicate = true> <Delay = 1.42> <CoreInst = "Cmp">   --->   Core 9 'Cmp' <Latency = 0> <II = 1> <Delay = 1.42> <FuncUnit> <Opcode : 'icmp'> <InPorts = 2> <OutPorts = 1>
ST_1 : Operation 17 [1/1] (0.00ns)   --->   "%empty = speclooptripcount i32 @_ssdm_op_SpecLoopTripCount, i64 10, i64 10, i64 10"   --->   Operation 17 'speclooptripcount' 'empty' <Predicate = true> <Delay = 0.00>
ST_1 : Operation 18 [1/1] (0.00ns)   --->   "%br_ln142 = br i1 %icmp_ln142, void %for.inc92.i.i.preheader.exitStub, void %for.inc.i.i.split" [hw-impl/src/pynqrypt.cpp:142]   --->   Operation 18 'br' 'br_ln142' <Predicate = true> <Delay = 0.00>
ST_1 : Operation 19 [1/1] (1.82ns)   --->   "%add_ln143 = add i6 %i_1, i6 63" [hw-impl/src/pynqrypt.cpp:143]   --->   Operation 19 'add' 'add_ln143' <Predicate = (icmp_ln142)> <Delay = 1.82> <CoreInst = "Adder">   --->   Core 1 'Adder' <Latency = 0> <II = 1> <Delay = 1.82> <FuncUnit> <Opcode : 'add' 'sub'> <InPorts = 2> <OutPorts = 1>
ST_1 : Operation 20 [1/1] (0.00ns)   --->   "%zext_ln143 = zext i6 %add_ln143" [hw-impl/src/pynqrypt.cpp:143]   --->   Operation 20 'zext' 'zext_ln143' <Predicate = (icmp_ln142)> <Delay = 0.00>
ST_1 : Operation 21 [1/1] (0.00ns)   --->   "%p_round_key_V_addr = getelementptr i32 %p_round_key_V, i64 0, i64 %zext_ln143" [hw-impl/src/pynqrypt.cpp:143]   --->   Operation 21 'getelementptr' 'p_round_key_V_addr' <Predicate = (icmp_ln142)> <Delay = 0.00>
ST_1 : Operation 22 [2/2] (3.25ns)   --->   "%lhs_V_3 = load i6 %p_round_key_V_addr" [hw-impl/src/pynqrypt.cpp:143]   --->   Operation 22 'load' 'lhs_V_3' <Predicate = (icmp_ln142)> <Delay = 3.25> <CoreInst = "RAM">   --->   Core 82 'RAM' <Latency = 1> <II = 1> <Delay = 3.25> <Storage> <Opcode : 'load' 'store'> <Ports = 2> <Width = 32> <Depth = 44> <RAM>
ST_1 : Operation 23 [1/1] (0.00ns)   --->   "%trunc_ln1 = partselect i4 @_ssdm_op_PartSelect.i4.i6.i32.i32, i6 %i_1, i32 2, i32 5" [hw-impl/src/pynqrypt.cpp:147]   --->   Operation 23 'partselect' 'trunc_ln1' <Predicate = (icmp_ln142)> <Delay = 0.00>
ST_1 : Operation 24 [1/1] (1.73ns)   --->   "%add_ln147 = add i4 %trunc_ln1, i4 15" [hw-impl/src/pynqrypt.cpp:147]   --->   Operation 24 'add' 'add_ln147' <Predicate = (icmp_ln142)> <Delay = 1.73> <CoreInst = "Adder">   --->   Core 1 'Adder' <Latency = 0> <II = 1> <Delay = 1.73> <FuncUnit> <Opcode : 'add' 'sub'> <InPorts = 2> <OutPorts = 1>
ST_1 : Operation 25 [1/1] (0.00ns)   --->   "%zext_ln628 = zext i4 %add_ln147"   --->   Operation 25 'zext' 'zext_ln628' <Predicate = (icmp_ln142)> <Delay = 0.00>
ST_1 : Operation 26 [1/1] (0.00ns)   --->   "%crypto_aes_rcon_V_addr = getelementptr i8 %crypto_aes_rcon_V, i64 0, i64 %zext_ln628"   --->   Operation 26 'getelementptr' 'crypto_aes_rcon_V_addr' <Predicate = (icmp_ln142)> <Delay = 0.00>
ST_1 : Operation 27 [2/2] (2.32ns)   --->   "%crypto_aes_rcon_V_load = load i4 %crypto_aes_rcon_V_addr"   --->   Operation 27 'load' 'crypto_aes_rcon_V_load' <Predicate = (icmp_ln142)> <Delay = 2.32> <CoreInst = "ROM">   --->   Core 95 'ROM' <Latency = 1> <II = 1> <Delay = 2.32> <Storage> <Opcode : 'load'> <Ports = 0> <Width = 8> <Depth = 10> <ROM>
ST_1 : Operation 28 [1/1] (1.82ns)   --->   "%add_ln149 = add i6 %i_1, i6 60" [hw-impl/src/pynqrypt.cpp:149]   --->   Operation 28 'add' 'add_ln149' <Predicate = (icmp_ln142)> <Delay = 1.82> <CoreInst = "Adder">   --->   Core 1 'Adder' <Latency = 0> <II = 1> <Delay = 1.82> <FuncUnit> <Opcode : 'add' 'sub'> <InPorts = 2> <OutPorts = 1>
ST_1 : Operation 29 [1/1] (0.00ns)   --->   "%zext_ln149 = zext i6 %add_ln149" [hw-impl/src/pynqrypt.cpp:149]   --->   Operation 29 'zext' 'zext_ln149' <Predicate = (icmp_ln142)> <Delay = 0.00>
ST_1 : Operation 30 [1/1] (0.00ns)   --->   "%p_round_key_V_addr_1 = getelementptr i32 %p_round_key_V, i64 0, i64 %zext_ln149" [hw-impl/src/pynqrypt.cpp:149]   --->   Operation 30 'getelementptr' 'p_round_key_V_addr_1' <Predicate = (icmp_ln142)> <Delay = 0.00>
ST_1 : Operation 31 [2/2] (3.25ns)   --->   "%lhs_V = load i6 %p_round_key_V_addr_1"   --->   Operation 31 'load' 'lhs_V' <Predicate = (icmp_ln142)> <Delay = 3.25> <CoreInst = "RAM">   --->   Core 82 'RAM' <Latency = 1> <II = 1> <Delay = 3.25> <Storage> <Opcode : 'load' 'store'> <Ports = 2> <Width = 32> <Depth = 44> <RAM>
ST_1 : Operation 90 [1/1] (0.00ns)   --->   "%ret_ln0 = ret"   --->   Operation 90 'ret' 'ret_ln0' <Predicate = (!icmp_ln142)> <Delay = 0.00>

State 2 <SV = 1> <Delay = 6.50>
ST_2 : Operation 32 [1/2] (3.25ns)   --->   "%lhs_V_3 = load i6 %p_round_key_V_addr" [hw-impl/src/pynqrypt.cpp:143]   --->   Operation 32 'load' 'lhs_V_3' <Predicate = true> <Delay = 3.25> <CoreInst = "RAM">   --->   Core 82 'RAM' <Latency = 1> <II = 1> <Delay = 3.25> <Storage> <Opcode : 'load' 'store'> <Ports = 2> <Width = 32> <Depth = 44> <RAM>
ST_2 : Operation 33 [1/1] (0.00ns)   --->   "%r_p = partselect i8 @_ssdm_op_PartSelect.i8.i32.i32.i32, i32 %lhs_V_3, i32 24, i32 31"   --->   Operation 33 'partselect' 'r_p' <Predicate = true> <Delay = 0.00>
ST_2 : Operation 34 [1/1] (0.00ns)   --->   "%zext_ln541 = zext i8 %r_p"   --->   Operation 34 'zext' 'zext_ln541' <Predicate = true> <Delay = 0.00>
ST_2 : Operation 35 [1/1] (0.00ns)   --->   "%crypto_aes_sbox_V_addr = getelementptr i8 %crypto_aes_sbox_V, i64 0, i64 %zext_ln541" [hw-impl/src/pynqrypt.cpp:172]   --->   Operation 35 'getelementptr' 'crypto_aes_sbox_V_addr' <Predicate = true> <Delay = 0.00>
ST_2 : Operation 36 [2/2] (3.25ns)   --->   "%crypto_aes_sbox_V_load = load i8 %crypto_aes_sbox_V_addr" [hw-impl/src/pynqrypt.cpp:172]   --->   Operation 36 'load' 'crypto_aes_sbox_V_load' <Predicate = true> <Delay = 3.25> <CoreInst = "ROM">   --->   Core 95 'ROM' <Latency = 1> <II = 1> <Delay = 3.25> <Storage> <Opcode : 'load'> <Ports = 0> <Width = 8> <Depth = 256> <ROM>
ST_2 : Operation 37 [1/1] (0.00ns)   --->   "%trunc_ln541 = trunc i32 %lhs_V_3"   --->   Operation 37 'trunc' 'trunc_ln541' <Predicate = true> <Delay = 0.00>
ST_2 : Operation 38 [1/1] (0.00ns)   --->   "%lshr_ln = partselect i8 @_ssdm_op_PartSelect.i8.i32.i32.i32, i32 %lhs_V_3, i32 8, i32 15"   --->   Operation 38 'partselect' 'lshr_ln' <Predicate = true> <Delay = 0.00>
ST_2 : Operation 39 [1/1] (0.00ns)   --->   "%lshr_ln541_1 = partselect i8 @_ssdm_op_PartSelect.i8.i32.i32.i32, i32 %lhs_V_3, i32 16, i32 23"   --->   Operation 39 'partselect' 'lshr_ln541_1' <Predicate = true> <Delay = 0.00>
ST_2 : Operation 40 [1/2] (2.32ns)   --->   "%crypto_aes_rcon_V_load = load i4 %crypto_aes_rcon_V_addr"   --->   Operation 40 'load' 'crypto_aes_rcon_V_load' <Predicate = true> <Delay = 2.32> <CoreInst = "ROM">   --->   Core 95 'ROM' <Latency = 1> <II = 1> <Delay = 2.32> <Storage> <Opcode : 'load'> <Ports = 0> <Width = 8> <Depth = 10> <ROM>
ST_2 : Operation 41 [1/2] (3.25ns)   --->   "%lhs_V = load i6 %p_round_key_V_addr_1"   --->   Operation 41 'load' 'lhs_V' <Predicate = true> <Delay = 3.25> <CoreInst = "RAM">   --->   Core 82 'RAM' <Latency = 1> <II = 1> <Delay = 3.25> <Storage> <Opcode : 'load' 'store'> <Ports = 2> <Width = 32> <Depth = 44> <RAM>
ST_2 : Operation 42 [1/1] (1.82ns)   --->   "%add_ln150 = add i6 %i_1, i6 61" [hw-impl/src/pynqrypt.cpp:150]   --->   Operation 42 'add' 'add_ln150' <Predicate = true> <Delay = 1.82> <CoreInst = "Adder">   --->   Core 1 'Adder' <Latency = 0> <II = 1> <Delay = 1.82> <FuncUnit> <Opcode : 'add' 'sub'> <InPorts = 2> <OutPorts = 1>
ST_2 : Operation 43 [1/1] (0.00ns)   --->   "%zext_ln150 = zext i6 %add_ln150" [hw-impl/src/pynqrypt.cpp:150]   --->   Operation 43 'zext' 'zext_ln150' <Predicate = true> <Delay = 0.00>
ST_2 : Operation 44 [1/1] (0.00ns)   --->   "%p_round_key_V_addr_3 = getelementptr i32 %p_round_key_V, i64 0, i64 %zext_ln150" [hw-impl/src/pynqrypt.cpp:150]   --->   Operation 44 'getelementptr' 'p_round_key_V_addr_3' <Predicate = true> <Delay = 0.00>
ST_2 : Operation 45 [2/2] (3.25ns)   --->   "%lhs_V_1 = load i6 %p_round_key_V_addr_3"   --->   Operation 45 'load' 'lhs_V_1' <Predicate = true> <Delay = 3.25> <CoreInst = "RAM">   --->   Core 82 'RAM' <Latency = 1> <II = 1> <Delay = 3.25> <Storage> <Opcode : 'load' 'store'> <Ports = 2> <Width = 32> <Depth = 44> <RAM>
ST_2 : Operation 46 [1/1] (1.82ns)   --->   "%add_ln151 = add i6 %i_1, i6 62" [hw-impl/src/pynqrypt.cpp:151]   --->   Operation 46 'add' 'add_ln151' <Predicate = true> <Delay = 1.82> <CoreInst = "Adder">   --->   Core 1 'Adder' <Latency = 0> <II = 1> <Delay = 1.82> <FuncUnit> <Opcode : 'add' 'sub'> <InPorts = 2> <OutPorts = 1>
ST_2 : Operation 47 [1/1] (0.00ns)   --->   "%zext_ln151 = zext i6 %add_ln151" [hw-impl/src/pynqrypt.cpp:151]   --->   Operation 47 'zext' 'zext_ln151' <Predicate = true> <Delay = 0.00>
ST_2 : Operation 48 [1/1] (0.00ns)   --->   "%p_round_key_V_addr_5 = getelementptr i32 %p_round_key_V, i64 0, i64 %zext_ln151" [hw-impl/src/pynqrypt.cpp:151]   --->   Operation 48 'getelementptr' 'p_round_key_V_addr_5' <Predicate = true> <Delay = 0.00>
ST_2 : Operation 49 [2/2] (3.25ns)   --->   "%lhs_V_2 = load i6 %p_round_key_V_addr_5"   --->   Operation 49 'load' 'lhs_V_2' <Predicate = true> <Delay = 3.25> <CoreInst = "RAM">   --->   Core 82 'RAM' <Latency = 1> <II = 1> <Delay = 3.25> <Storage> <Opcode : 'load' 'store'> <Ports = 2> <Width = 32> <Depth = 44> <RAM>

State 3 <SV = 2> <Delay = 3.25>
ST_3 : Operation 50 [1/2] (3.25ns)   --->   "%crypto_aes_sbox_V_load = load i8 %crypto_aes_sbox_V_addr" [hw-impl/src/pynqrypt.cpp:172]   --->   Operation 50 'load' 'crypto_aes_sbox_V_load' <Predicate = true> <Delay = 3.25> <CoreInst = "ROM">   --->   Core 95 'ROM' <Latency = 1> <II = 1> <Delay = 3.25> <Storage> <Opcode : 'load'> <Ports = 0> <Width = 8> <Depth = 256> <ROM>
ST_3 : Operation 51 [1/1] (0.00ns)   --->   "%zext_ln541_1 = zext i8 %trunc_ln541"   --->   Operation 51 'zext' 'zext_ln541_1' <Predicate = true> <Delay = 0.00>
ST_3 : Operation 52 [1/1] (0.00ns)   --->   "%crypto_aes_sbox_V_addr_1 = getelementptr i8 %crypto_aes_sbox_V, i64 0, i64 %zext_ln541_1" [hw-impl/src/pynqrypt.cpp:172]   --->   Operation 52 'getelementptr' 'crypto_aes_sbox_V_addr_1' <Predicate = true> <Delay = 0.00>
ST_3 : Operation 53 [2/2] (3.25ns)   --->   "%crypto_aes_sbox_V_load_1 = load i8 %crypto_aes_sbox_V_addr_1" [hw-impl/src/pynqrypt.cpp:172]   --->   Operation 53 'load' 'crypto_aes_sbox_V_load_1' <Predicate = true> <Delay = 3.25> <CoreInst = "ROM">   --->   Core 95 'ROM' <Latency = 1> <II = 1> <Delay = 3.25> <Storage> <Opcode : 'load'> <Ports = 0> <Width = 8> <Depth = 256> <ROM>
ST_3 : Operation 54 [1/2] (3.25ns)   --->   "%lhs_V_1 = load i6 %p_round_key_V_addr_3"   --->   Operation 54 'load' 'lhs_V_1' <Predicate = true> <Delay = 3.25> <CoreInst = "RAM">   --->   Core 82 'RAM' <Latency = 1> <II = 1> <Delay = 3.25> <Storage> <Opcode : 'load' 'store'> <Ports = 2> <Width = 32> <Depth = 44> <RAM>
ST_3 : Operation 55 [1/2] (3.25ns)   --->   "%lhs_V_2 = load i6 %p_round_key_V_addr_5"   --->   Operation 55 'load' 'lhs_V_2' <Predicate = true> <Delay = 3.25> <CoreInst = "RAM">   --->   Core 82 'RAM' <Latency = 1> <II = 1> <Delay = 3.25> <Storage> <Opcode : 'load' 'store'> <Ports = 2> <Width = 32> <Depth = 44> <RAM>

State 4 <SV = 3> <Delay = 3.25>
ST_4 : Operation 56 [1/2] (3.25ns)   --->   "%crypto_aes_sbox_V_load_1 = load i8 %crypto_aes_sbox_V_addr_1" [hw-impl/src/pynqrypt.cpp:172]   --->   Operation 56 'load' 'crypto_aes_sbox_V_load_1' <Predicate = true> <Delay = 3.25> <CoreInst = "ROM">   --->   Core 95 'ROM' <Latency = 1> <II = 1> <Delay = 3.25> <Storage> <Opcode : 'load'> <Ports = 0> <Width = 8> <Depth = 256> <ROM>
ST_4 : Operation 57 [1/1] (0.00ns)   --->   "%zext_ln541_2 = zext i8 %lshr_ln"   --->   Operation 57 'zext' 'zext_ln541_2' <Predicate = true> <Delay = 0.00>
ST_4 : Operation 58 [1/1] (0.00ns)   --->   "%crypto_aes_sbox_V_addr_2 = getelementptr i8 %crypto_aes_sbox_V, i64 0, i64 %zext_ln541_2" [hw-impl/src/pynqrypt.cpp:172]   --->   Operation 58 'getelementptr' 'crypto_aes_sbox_V_addr_2' <Predicate = true> <Delay = 0.00>
ST_4 : Operation 59 [2/2] (3.25ns)   --->   "%crypto_aes_sbox_V_load_2 = load i8 %crypto_aes_sbox_V_addr_2" [hw-impl/src/pynqrypt.cpp:172]   --->   Operation 59 'load' 'crypto_aes_sbox_V_load_2' <Predicate = true> <Delay = 3.25> <CoreInst = "ROM">   --->   Core 95 'ROM' <Latency = 1> <II = 1> <Delay = 3.25> <Storage> <Opcode : 'load'> <Ports = 0> <Width = 8> <Depth = 256> <ROM>

State 5 <SV = 4> <Delay = 3.25>
ST_5 : Operation 60 [1/2] (3.25ns)   --->   "%crypto_aes_sbox_V_load_2 = load i8 %crypto_aes_sbox_V_addr_2" [hw-impl/src/pynqrypt.cpp:172]   --->   Operation 60 'load' 'crypto_aes_sbox_V_load_2' <Predicate = true> <Delay = 3.25> <CoreInst = "ROM">   --->   Core 95 'ROM' <Latency = 1> <II = 1> <Delay = 3.25> <Storage> <Opcode : 'load'> <Ports = 0> <Width = 8> <Depth = 256> <ROM>
ST_5 : Operation 61 [1/1] (0.00ns)   --->   "%zext_ln541_3 = zext i8 %lshr_ln541_1"   --->   Operation 61 'zext' 'zext_ln541_3' <Predicate = true> <Delay = 0.00>
ST_5 : Operation 62 [1/1] (0.00ns)   --->   "%crypto_aes_sbox_V_addr_3 = getelementptr i8 %crypto_aes_sbox_V, i64 0, i64 %zext_ln541_3" [hw-impl/src/pynqrypt.cpp:172]   --->   Operation 62 'getelementptr' 'crypto_aes_sbox_V_addr_3' <Predicate = true> <Delay = 0.00>
ST_5 : Operation 63 [2/2] (3.25ns)   --->   "%crypto_aes_sbox_V_load_3 = load i8 %crypto_aes_sbox_V_addr_3" [hw-impl/src/pynqrypt.cpp:172]   --->   Operation 63 'load' 'crypto_aes_sbox_V_load_3' <Predicate = true> <Delay = 3.25> <CoreInst = "ROM">   --->   Core 95 'ROM' <Latency = 1> <II = 1> <Delay = 3.25> <Storage> <Opcode : 'load'> <Ports = 0> <Width = 8> <Depth = 256> <ROM>

State 6 <SV = 5> <Delay = 4.24>
ST_6 : Operation 64 [1/2] (3.25ns)   --->   "%crypto_aes_sbox_V_load_3 = load i8 %crypto_aes_sbox_V_addr_3" [hw-impl/src/pynqrypt.cpp:172]   --->   Operation 64 'load' 'crypto_aes_sbox_V_load_3' <Predicate = true> <Delay = 3.25> <CoreInst = "ROM">   --->   Core 95 'ROM' <Latency = 1> <II = 1> <Delay = 3.25> <Storage> <Opcode : 'load'> <Ports = 0> <Width = 8> <Depth = 256> <ROM>
ST_6 : Operation 65 [1/1] (0.00ns) (grouped into LUT with out node ret_V_4)   --->   "%xor_ln1499 = xor i8 %crypto_aes_rcon_V_load, i8 %crypto_aes_sbox_V_load_3"   --->   Operation 65 'xor' 'xor_ln1499' <Predicate = true> <Delay = 0.00> <CoreInst = "LogicGate">   --->   Core 74 'LogicGate' <Latency = 0> <II = 1> <Delay = 0.99> <FuncUnit> <Opcode : 'and' 'or' 'xor'> <InPorts = 2> <OutPorts = 1>
ST_6 : Operation 66 [1/1] (0.00ns) (grouped into LUT with out node ret_V_4)   --->   "%p_Result_s = bitconcatenate i32 @_ssdm_op_BitConcatenate.i32.i8.i8.i8.i8, i8 %xor_ln1499, i8 %crypto_aes_sbox_V_load_2, i8 %crypto_aes_sbox_V_load_1, i8 %crypto_aes_sbox_V_load"   --->   Operation 66 'bitconcatenate' 'p_Result_s' <Predicate = true> <Delay = 0.00>
ST_6 : Operation 67 [1/1] (0.99ns) (out node of the LUT)   --->   "%ret_V_4 = xor i32 %lhs_V, i32 %p_Result_s"   --->   Operation 67 'xor' 'ret_V_4' <Predicate = true> <Delay = 0.99> <CoreInst = "LogicGate">   --->   Core 74 'LogicGate' <Latency = 0> <II = 1> <Delay = 0.99> <FuncUnit> <Opcode : 'and' 'or' 'xor'> <InPorts = 2> <OutPorts = 1>

State 7 <SV = 6> <Delay = 4.24>
ST_7 : Operation 68 [1/1] (0.00ns)   --->   "%i_cast2 = zext i6 %i_1" [hw-impl/src/pynqrypt.cpp:143]   --->   Operation 68 'zext' 'i_cast2' <Predicate = true> <Delay = 0.00>
ST_7 : Operation 69 [1/1] (0.00ns)   --->   "%p_round_key_V_addr_2 = getelementptr i32 %p_round_key_V, i64 0, i64 %i_cast2" [hw-impl/src/pynqrypt.cpp:149]   --->   Operation 69 'getelementptr' 'p_round_key_V_addr_2' <Predicate = true> <Delay = 0.00>
ST_7 : Operation 70 [1/1] (3.25ns)   --->   "%store_ln149 = store i32 %ret_V_4, i6 %p_round_key_V_addr_2" [hw-impl/src/pynqrypt.cpp:149]   --->   Operation 70 'store' 'store_ln149' <Predicate = true> <Delay = 3.25> <CoreInst = "RAM">   --->   Core 82 'RAM' <Latency = 1> <II = 1> <Delay = 3.25> <Storage> <Opcode : 'load' 'store'> <Ports = 2> <Width = 32> <Depth = 44> <RAM>
ST_7 : Operation 71 [1/1] (0.99ns)   --->   "%ret_V_5 = xor i32 %lhs_V_1, i32 %ret_V_4"   --->   Operation 71 'xor' 'ret_V_5' <Predicate = true> <Delay = 0.99> <CoreInst = "LogicGate">   --->   Core 74 'LogicGate' <Latency = 0> <II = 1> <Delay = 0.99> <FuncUnit> <Opcode : 'and' 'or' 'xor'> <InPorts = 2> <OutPorts = 1>
ST_7 : Operation 72 [1/1] (0.00ns)   --->   "%or_ln150 = or i6 %i_1, i6 1" [hw-impl/src/pynqrypt.cpp:150]   --->   Operation 72 'or' 'or_ln150' <Predicate = true> <Delay = 0.00>
ST_7 : Operation 73 [1/1] (0.00ns)   --->   "%zext_ln150_1 = zext i6 %or_ln150" [hw-impl/src/pynqrypt.cpp:150]   --->   Operation 73 'zext' 'zext_ln150_1' <Predicate = true> <Delay = 0.00>
ST_7 : Operation 74 [1/1] (0.00ns)   --->   "%p_round_key_V_addr_4 = getelementptr i32 %p_round_key_V, i64 0, i64 %zext_ln150_1" [hw-impl/src/pynqrypt.cpp:150]   --->   Operation 74 'getelementptr' 'p_round_key_V_addr_4' <Predicate = true> <Delay = 0.00>
ST_7 : Operation 75 [1/1] (3.25ns)   --->   "%store_ln150 = store i32 %ret_V_5, i6 %p_round_key_V_addr_4" [hw-impl/src/pynqrypt.cpp:150]   --->   Operation 75 'store' 'store_ln150' <Predicate = true> <Delay = 3.25> <CoreInst = "RAM">   --->   Core 82 'RAM' <Latency = 1> <II = 1> <Delay = 3.25> <Storage> <Opcode : 'load' 'store'> <Ports = 2> <Width = 32> <Depth = 44> <RAM>
ST_7 : Operation 76 [1/1] (0.99ns)   --->   "%ret_V_6 = xor i32 %lhs_V_2, i32 %ret_V_5"   --->   Operation 76 'xor' 'ret_V_6' <Predicate = true> <Delay = 0.99> <CoreInst = "LogicGate">   --->   Core 74 'LogicGate' <Latency = 0> <II = 1> <Delay = 0.99> <FuncUnit> <Opcode : 'and' 'or' 'xor'> <InPorts = 2> <OutPorts = 1>

State 8 <SV = 7> <Delay = 4.24>
ST_8 : Operation 77 [1/1] (0.00ns)   --->   "%specloopname_ln142 = specloopname void @_ssdm_op_SpecLoopName, void @empty_9" [hw-impl/src/pynqrypt.cpp:142]   --->   Operation 77 'specloopname' 'specloopname_ln142' <Predicate = true> <Delay = 0.00>
ST_8 : Operation 78 [1/1] (0.00ns)   --->   "%or_ln151 = or i6 %i_1, i6 2" [hw-impl/src/pynqrypt.cpp:151]   --->   Operation 78 'or' 'or_ln151' <Predicate = true> <Delay = 0.00>
ST_8 : Operation 79 [1/1] (0.00ns)   --->   "%zext_ln151_1 = zext i6 %or_ln151" [hw-impl/src/pynqrypt.cpp:151]   --->   Operation 79 'zext' 'zext_ln151_1' <Predicate = true> <Delay = 0.00>
ST_8 : Operation 80 [1/1] (0.00ns)   --->   "%p_round_key_V_addr_6 = getelementptr i32 %p_round_key_V, i64 0, i64 %zext_ln151_1" [hw-impl/src/pynqrypt.cpp:151]   --->   Operation 80 'getelementptr' 'p_round_key_V_addr_6' <Predicate = true> <Delay = 0.00>
ST_8 : Operation 81 [1/1] (3.25ns)   --->   "%store_ln151 = store i32 %ret_V_6, i6 %p_round_key_V_addr_6" [hw-impl/src/pynqrypt.cpp:151]   --->   Operation 81 'store' 'store_ln151' <Predicate = true> <Delay = 3.25> <CoreInst = "RAM">   --->   Core 82 'RAM' <Latency = 1> <II = 1> <Delay = 3.25> <Storage> <Opcode : 'load' 'store'> <Ports = 2> <Width = 32> <Depth = 44> <RAM>
ST_8 : Operation 82 [1/1] (0.99ns)   --->   "%ret_V = xor i32 %lhs_V_3, i32 %ret_V_6"   --->   Operation 82 'xor' 'ret_V' <Predicate = true> <Delay = 0.99> <CoreInst = "LogicGate">   --->   Core 74 'LogicGate' <Latency = 0> <II = 1> <Delay = 0.99> <FuncUnit> <Opcode : 'and' 'or' 'xor'> <InPorts = 2> <OutPorts = 1>
ST_8 : Operation 83 [1/1] (0.00ns)   --->   "%or_ln152 = or i6 %i_1, i6 3" [hw-impl/src/pynqrypt.cpp:152]   --->   Operation 83 'or' 'or_ln152' <Predicate = true> <Delay = 0.00>
ST_8 : Operation 84 [1/1] (0.00ns)   --->   "%zext_ln152 = zext i6 %or_ln152" [hw-impl/src/pynqrypt.cpp:152]   --->   Operation 84 'zext' 'zext_ln152' <Predicate = true> <Delay = 0.00>
ST_8 : Operation 85 [1/1] (0.00ns)   --->   "%p_round_key_V_addr_7 = getelementptr i32 %p_round_key_V, i64 0, i64 %zext_ln152" [hw-impl/src/pynqrypt.cpp:152]   --->   Operation 85 'getelementptr' 'p_round_key_V_addr_7' <Predicate = true> <Delay = 0.00>
ST_8 : Operation 86 [1/1] (3.25ns)   --->   "%store_ln152 = store i32 %ret_V, i6 %p_round_key_V_addr_7" [hw-impl/src/pynqrypt.cpp:152]   --->   Operation 86 'store' 'store_ln152' <Predicate = true> <Delay = 3.25> <CoreInst = "RAM">   --->   Core 82 'RAM' <Latency = 1> <II = 1> <Delay = 3.25> <Storage> <Opcode : 'load' 'store'> <Ports = 2> <Width = 32> <Depth = 44> <RAM>
ST_8 : Operation 87 [1/1] (1.82ns)   --->   "%add_ln142 = add i6 %i_1, i6 4" [hw-impl/src/pynqrypt.cpp:142]   --->   Operation 87 'add' 'add_ln142' <Predicate = true> <Delay = 1.82> <CoreInst = "Adder">   --->   Core 1 'Adder' <Latency = 0> <II = 1> <Delay = 1.82> <FuncUnit> <Opcode : 'add' 'sub'> <InPorts = 2> <OutPorts = 1>
ST_8 : Operation 88 [1/1] (1.58ns)   --->   "%store_ln142 = store i6 %add_ln142, i6 %i" [hw-impl/src/pynqrypt.cpp:142]   --->   Operation 88 'store' 'store_ln142' <Predicate = true> <Delay = 1.58>
ST_8 : Operation 89 [1/1] (0.00ns)   --->   "%br_ln142 = br void %for.inc.i.i" [hw-impl/src/pynqrypt.cpp:142]   --->   Operation 89 'br' 'br_ln142' <Predicate = true> <Delay = 0.00>


============================================================
+ Verbose Summary: Binding
============================================================
STG Binding: 
---------------- STG Properties BEGIN ----------------
- Is combinational: 0
- Is one-state seq: 0
- Is datapath-only: 0
- Is pipelined: 0
- Is top level: 0
Port [ Return ] is wired: 1; IO mode=ap_ctrl_hs:ce=0
Port [ p_round_key_V]:  wired=1; compound=1; hidden=0; nouse=0; global=0; static=0; extern=0; dir=2; type=1; pingpong=0; private_global=0; MemPort=[22]; IO mode=ap_memory:ce=0
Port [ crypto_aes_sbox_V]:  wired=1; compound=1; hidden=0; nouse=0; global=1; static=1; extern=0; dir=0; type=1; pingpong=0; private_global=0; MemPort=[1]; IO mode=ap_memory:ce=0
Port [ crypto_aes_rcon_V]:  wired=0; compound=1; hidden=1; nouse=0; global=1; static=1; extern=0; dir=0; type=1; pingpong=0; private_global=1; MemPort=[1]; IO mode=ap_memory:ce=0
---------------- STG Properties END ------------------

---------------- Datapath Model BEGIN ----------------

<LifeTime>
<method=bitvector/>
i                        (alloca           ) [ 011111111]
store_ln0                (store            ) [ 000000000]
br_ln0                   (br               ) [ 000000000]
i_1                      (load             ) [ 001111111]
specpipeline_ln0         (specpipeline     ) [ 000000000]
icmp_ln142               (icmp             ) [ 010000000]
empty                    (speclooptripcount) [ 000000000]
br_ln142                 (br               ) [ 000000000]
add_ln143                (add              ) [ 000000000]
zext_ln143               (zext             ) [ 000000000]
p_round_key_V_addr       (getelementptr    ) [ 001000000]
trunc_ln1                (partselect       ) [ 000000000]
add_ln147                (add              ) [ 000000000]
zext_ln628               (zext             ) [ 000000000]
crypto_aes_rcon_V_addr   (getelementptr    ) [ 001000000]
add_ln149                (add              ) [ 000000000]
zext_ln149               (zext             ) [ 000000000]
p_round_key_V_addr_1     (getelementptr    ) [ 001000000]
lhs_V_3                  (load             ) [ 000111111]
r_p                      (partselect       ) [ 000000000]
zext_ln541               (zext             ) [ 000000000]
crypto_aes_sbox_V_addr   (getelementptr    ) [ 000100000]
trunc_ln541              (trunc            ) [ 000100000]
lshr_ln                  (partselect       ) [ 000110000]
lshr_ln541_1             (partselect       ) [ 000111000]
crypto_aes_rcon_V_load   (load             ) [ 000111100]
lhs_V                    (load             ) [ 000111100]
add_ln150                (add              ) [ 000000000]
zext_ln150               (zext             ) [ 000000000]
p_round_key_V_addr_3     (getelementptr    ) [ 000100000]
add_ln151                (add              ) [ 000000000]
zext_ln151               (zext             ) [ 000000000]
p_round_key_V_addr_5     (getelementptr    ) [ 000100000]
crypto_aes_sbox_V_load   (load             ) [ 000011100]
zext_ln541_1             (zext             ) [ 000000000]
crypto_aes_sbox_V_addr_1 (getelementptr    ) [ 000010000]
lhs_V_1                  (load             ) [ 000011110]
lhs_V_2                  (load             ) [ 000011110]
crypto_aes_sbox_V_load_1 (load             ) [ 000001100]
zext_ln541_2             (zext             ) [ 000000000]
crypto_aes_sbox_V_addr_2 (getelementptr    ) [ 000001000]
crypto_aes_sbox_V_load_2 (load             ) [ 000000100]
zext_ln541_3             (zext             ) [ 000000000]
crypto_aes_sbox_V_addr_3 (getelementptr    ) [ 000000100]
crypto_aes_sbox_V_load_3 (load             ) [ 000000000]
xor_ln1499               (xor              ) [ 000000000]
p_Result_s               (bitconcatenate   ) [ 000000000]
ret_V_4                  (xor              ) [ 000000010]
i_cast2                  (zext             ) [ 000000000]
p_round_key_V_addr_2     (getelementptr    ) [ 000000000]
store_ln149              (store            ) [ 000000000]
ret_V_5                  (xor              ) [ 000000000]
or_ln150                 (or               ) [ 000000000]
zext_ln150_1             (zext             ) [ 000000000]
p_round_key_V_addr_4     (getelementptr    ) [ 000000000]
store_ln150              (store            ) [ 000000000]
ret_V_6                  (xor              ) [ 000000001]
specloopname_ln142       (specloopname     ) [ 000000000]
or_ln151                 (or               ) [ 000000000]
zext_ln151_1             (zext             ) [ 000000000]
p_round_key_V_addr_6     (getelementptr    ) [ 000000000]
store_ln151              (store            ) [ 000000000]
ret_V                    (xor              ) [ 000000000]
or_ln152                 (or               ) [ 000000000]
zext_ln152               (zext             ) [ 000000000]
p_round_key_V_addr_7     (getelementptr    ) [ 000000000]
store_ln152              (store            ) [ 000000000]
add_ln142                (add              ) [ 000000000]
store_ln142              (store            ) [ 000000000]
br_ln142                 (br               ) [ 000000000]
ret_ln0                  (ret              ) [ 000000000]
</LifeTime>

<model>

<comp_list>
<comp id="0" class="1000" name="p_round_key_V">
<pin_list>
<pin id="1" dir="1" index="0" bw="1" slack="0"/>
</pin_list>
<bind>
<StgValue><ssdm name="p_round_key_V"/><MemPortTyVec>2 2 </MemPortTyVec>
</StgValue>
</bind>
</comp>

<comp id="2" class="1000" name="crypto_aes_sbox_V">
<pin_list>
<pin id="3" dir="1" index="0" bw="1" slack="0"/>
</pin_list>
<bind>
<StgValue><ssdm name="crypto_aes_sbox_V"/><MemPortTyVec>1 </MemPortTyVec>
</StgValue>
</bind>
</comp>

<comp id="4" class="1000" name="crypto_aes_rcon_V">
<pin_list>
<pin id="5" dir="1" index="0" bw="1" slack="0"/>
</pin_list>
<bind>
<StgValue><ssdm name="crypto_aes_rcon_V"/><MemPortTyVec>1 </MemPortTyVec>
</StgValue>
</bind>
</comp>

<comp id="6" class="1001" name="const_6">
<pin_list>
<pin id="7" dir="1" index="0" bw="1" slack="0"/>
</pin_list>
<bind>
<StgValue><ssdm name=""/></StgValue>
</bind>
</comp>

<comp id="8" class="1001" name="const_8">
<pin_list>
<pin id="9" dir="1" index="0" bw="1" slack="0"/>
</pin_list>
<bind>
<StgValue><ssdm name=""/></StgValue>
</bind>
</comp>

<comp id="10" class="1001" name="const_10">
<pin_list>
<pin id="11" dir="1" index="0" bw="1" slack="2147483647"/>
</pin_list>
<bind>
<StgValue><ssdm name="_ssdm_op_SpecPipeline"/></StgValue>
</bind>
</comp>

<comp id="12" class="1001" name="const_12">
<pin_list>
<pin id="13" dir="1" index="0" bw="1" slack="2147483647"/>
</pin_list>
<bind>
<StgValue><ssdm name=""/></StgValue>
</bind>
</comp>

<comp id="14" class="1001" name="const_14">
<pin_list>
<pin id="15" dir="1" index="0" bw="1" slack="2147483647"/>
</pin_list>
<bind>
<StgValue><ssdm name=""/></StgValue>
</bind>
</comp>

<comp id="16" class="1001" name="const_16">
<pin_list>
<pin id="17" dir="1" index="0" bw="1" slack="2147483647"/>
</pin_list>
<bind>
<StgValue><ssdm name="p_str"/></StgValue>
</bind>
</comp>

<comp id="18" class="1001" name="const_18">
<pin_list>
<pin id="19" dir="1" index="0" bw="1" slack="0"/>
</pin_list>
<bind>
<StgValue><ssdm name=""/></StgValue>
</bind>
</comp>

<comp id="20" class="1001" name="const_20">
<pin_list>
<pin id="21" dir="1" index="0" bw="1" slack="2147483647"/>
</pin_list>
<bind>
<StgValue><ssdm name="_ssdm_op_SpecLoopTripCount"/></StgValue>
</bind>
</comp>

<comp id="22" class="1001" name="const_22">
<pin_list>
<pin id="23" dir="1" index="0" bw="1" slack="2147483647"/>
</pin_list>
<bind>
<StgValue><ssdm name=""/></StgValue>
</bind>
</comp>

<comp id="24" class="1001" name="const_24">
<pin_list>
<pin id="25" dir="1" index="0" bw="1" slack="0"/>
</pin_list>
<bind>
<StgValue><ssdm name=""/></StgValue>
</bind>
</comp>

<comp id="26" class="1001" name="const_26">
<pin_list>
<pin id="27" dir="1" index="0" bw="1" slack="0"/>
</pin_list>
<bind>
<StgValue><ssdm name=""/></StgValue>
</bind>
</comp>

<comp id="28" class="1001" name="const_28">
<pin_list>
<pin id="29" dir="1" index="0" bw="1" slack="0"/>
</pin_list>
<bind>
<StgValue><ssdm name="_ssdm_op_PartSelect.i4.i6.i32.i32"/></StgValue>
</bind>
</comp>

<comp id="30" class="1001" name="const_30">
<pin_list>
<pin id="31" dir="1" index="0" bw="1" slack="0"/>
</pin_list>
<bind>
<StgValue><ssdm name=""/></StgValue>
</bind>
</comp>

<comp id="32" class="1001" name="const_32">
<pin_list>
<pin id="33" dir="1" index="0" bw="1" slack="0"/>
</pin_list>
<bind>
<StgValue><ssdm name=""/></StgValue>
</bind>
</comp>

<comp id="34" class="1001" name="const_34">
<pin_list>
<pin id="35" dir="1" index="0" bw="1" slack="0"/>
</pin_list>
<bind>
<StgValue><ssdm name=""/></StgValue>
</bind>
</comp>

<comp id="36" class="1001" name="const_36">
<pin_list>
<pin id="37" dir="1" index="0" bw="1" slack="0"/>
</pin_list>
<bind>
<StgValue><ssdm name=""/></StgValue>
</bind>
</comp>

<comp id="38" class="1001" name="const_38">
<pin_list>
<pin id="39" dir="1" index="0" bw="1" slack="0"/>
</pin_list>
<bind>
<StgValue><ssdm name="_ssdm_op_PartSelect.i8.i32.i32.i32"/></StgValue>
</bind>
</comp>

<comp id="40" class="1001" name="const_40">
<pin_list>
<pin id="41" dir="1" index="0" bw="1" slack="0"/>
</pin_list>
<bind>
<StgValue><ssdm name=""/></StgValue>
</bind>
</comp>

<comp id="42" class="1001" name="const_42">
<pin_list>
<pin id="43" dir="1" index="0" bw="1" slack="0"/>
</pin_list>
<bind>
<StgValue><ssdm name=""/></StgValue>
</bind>
</comp>

<comp id="44" class="1001" name="const_44">
<pin_list>
<pin id="45" dir="1" index="0" bw="1" slack="0"/>
</pin_list>
<bind>
<StgValue><ssdm name=""/></StgValue>
</bind>
</comp>

<comp id="46" class="1001" name="const_46">
<pin_list>
<pin id="47" dir="1" index="0" bw="1" slack="0"/>
</pin_list>
<bind>
<StgValue><ssdm name=""/></StgValue>
</bind>
</comp>

<comp id="48" class="1001" name="const_48">
<pin_list>
<pin id="49" dir="1" index="0" bw="1" slack="0"/>
</pin_list>
<bind>
<StgValue><ssdm name=""/></StgValue>
</bind>
</comp>

<comp id="50" class="1001" name="const_50">
<pin_list>
<pin id="51" dir="1" index="0" bw="1" slack="0"/>
</pin_list>
<bind>
<StgValue><ssdm name=""/></StgValue>
</bind>
</comp>

<comp id="52" class="1001" name="const_52">
<pin_list>
<pin id="53" dir="1" index="0" bw="1" slack="0"/>
</pin_list>
<bind>
<StgValue><ssdm name=""/></StgValue>
</bind>
</comp>

<comp id="54" class="1001" name="const_54">
<pin_list>
<pin id="55" dir="1" index="0" bw="1" slack="0"/>
</pin_list>
<bind>
<StgValue><ssdm name=""/></StgValue>
</bind>
</comp>

<comp id="56" class="1001" name="const_56">
<pin_list>
<pin id="57" dir="1" index="0" bw="1" slack="0"/>
</pin_list>
<bind>
<StgValue><ssdm name="_ssdm_op_BitConcatenate.i32.i8.i8.i8.i8"/></StgValue>
</bind>
</comp>

<comp id="58" class="1001" name="const_58">
<pin_list>
<pin id="59" dir="1" index="0" bw="1" slack="0"/>
</pin_list>
<bind>
<StgValue><ssdm name=""/></StgValue>
</bind>
</comp>

<comp id="60" class="1001" name="const_60">
<pin_list>
<pin id="61" dir="1" index="0" bw="1" slack="2147483647"/>
</pin_list>
<bind>
<StgValue><ssdm name="_ssdm_op_SpecLoopName"/></StgValue>
</bind>
</comp>

<comp id="62" class="1001" name="const_62">
<pin_list>
<pin id="63" dir="1" index="0" bw="1" slack="2147483647"/>
</pin_list>
<bind>
<StgValue><ssdm name="empty_9"/></StgValue>
</bind>
</comp>

<comp id="64" class="1001" name="const_64">
<pin_list>
<pin id="65" dir="1" index="0" bw="1" slack="0"/>
</pin_list>
<bind>
<StgValue><ssdm name=""/></StgValue>
</bind>
</comp>

<comp id="66" class="1001" name="const_66">
<pin_list>
<pin id="67" dir="1" index="0" bw="1" slack="0"/>
</pin_list>
<bind>
<StgValue><ssdm name=""/></StgValue>
</bind>
</comp>

<comp id="68" class="1004" name="i_fu_68">
<pin_list>
<pin id="69" dir="0" index="0" bw="1" slack="0"/>
<pin id="70" dir="1" index="1" bw="6" slack="0"/>
</pin_list>
<bind>
<opcode="alloca(26) " fcode="alloca"/>
<opset="i/1 "/>
</bind>
</comp>

<comp id="72" class="1004" name="p_round_key_V_addr_gep_fu_72">
<pin_list>
<pin id="73" dir="0" index="0" bw="32" slack="0"/>
<pin id="74" dir="0" index="1" bw="1" slack="0"/>
<pin id="75" dir="0" index="2" bw="6" slack="0"/>
<pin id="76" dir="1" index="3" bw="6" slack="0"/>
</pin_list>
<bind>
<opcode="getelementptr(29) " fcode="getelementptr"/>
<opset="p_round_key_V_addr/1 "/>
</bind>
</comp>

<comp id="79" class="1004" name="grp_access_fu_79">
<pin_list>
<pin id="80" dir="0" index="0" bw="6" slack="0"/>
<pin id="81" dir="0" index="1" bw="32" slack="0"/>
<pin id="82" dir="0" index="2" bw="0" slack="0"/>
<pin id="84" dir="0" index="4" bw="6" slack="1"/>
<pin id="85" dir="0" index="5" bw="32" slack="2147483647"/>
<pin id="86" dir="0" index="6" bw="0" slack="2147483647"/>
<pin id="83" dir="1" index="3" bw="32" slack="4"/>
<pin id="87" dir="1" index="7" bw="32" slack="0"/>
</pin_list>
<bind>
<opcode="load(27) store(28) " fcode="store"/>
<opset="lhs_V_3/1 lhs_V/1 lhs_V_1/2 lhs_V_2/2 store_ln149/7 store_ln150/7 store_ln151/8 store_ln152/8 "/>
</bind>
</comp>

<comp id="89" class="1004" name="crypto_aes_rcon_V_addr_gep_fu_89">
<pin_list>
<pin id="90" dir="0" index="0" bw="8" slack="0"/>
<pin id="91" dir="0" index="1" bw="1" slack="0"/>
<pin id="92" dir="0" index="2" bw="4" slack="0"/>
<pin id="93" dir="1" index="3" bw="4" slack="0"/>
</pin_list>
<bind>
<opcode="getelementptr(29) " fcode="getelementptr"/>
<opset="crypto_aes_rcon_V_addr/1 "/>
</bind>
</comp>

<comp id="96" class="1004" name="grp_access_fu_96">
<pin_list>
<pin id="97" dir="0" index="0" bw="4" slack="0"/>
<pin id="98" dir="0" index="1" bw="8" slack="2147483647"/>
<pin id="99" dir="0" index="2" bw="0" slack="2147483647"/>
<pin id="100" dir="1" index="3" bw="8" slack="4"/>
</pin_list>
<bind>
<opcode="load(27) " fcode="load"/>
<opset="crypto_aes_rcon_V_load/1 "/>
</bind>
</comp>

<comp id="102" class="1004" name="p_round_key_V_addr_1_gep_fu_102">
<pin_list>
<pin id="103" dir="0" index="0" bw="32" slack="0"/>
<pin id="104" dir="0" index="1" bw="1" slack="0"/>
<pin id="105" dir="0" index="2" bw="6" slack="0"/>
<pin id="106" dir="1" index="3" bw="6" slack="0"/>
</pin_list>
<bind>
<opcode="getelementptr(29) " fcode="getelementptr"/>
<opset="p_round_key_V_addr_1/1 "/>
</bind>
</comp>

<comp id="110" class="1004" name="crypto_aes_sbox_V_addr_gep_fu_110">
<pin_list>
<pin id="111" dir="0" index="0" bw="8" slack="0"/>
<pin id="112" dir="0" index="1" bw="1" slack="0"/>
<pin id="113" dir="0" index="2" bw="8" slack="0"/>
<pin id="114" dir="1" index="3" bw="8" slack="0"/>
</pin_list>
<bind>
<opcode="getelementptr(29) " fcode="getelementptr"/>
<opset="crypto_aes_sbox_V_addr/2 "/>
</bind>
</comp>

<comp id="117" class="1004" name="grp_access_fu_117">
<pin_list>
<pin id="118" dir="0" index="0" bw="8" slack="0"/>
<pin id="119" dir="0" index="1" bw="8" slack="2147483647"/>
<pin id="120" dir="0" index="2" bw="0" slack="2147483647"/>
<pin id="121" dir="1" index="3" bw="8" slack="0"/>
</pin_list>
<bind>
<opcode="load(27) " fcode="load"/>
<opset="crypto_aes_sbox_V_load/2 crypto_aes_sbox_V_load_1/3 crypto_aes_sbox_V_load_2/4 crypto_aes_sbox_V_load_3/5 "/>
</bind>
</comp>

<comp id="123" class="1004" name="p_round_key_V_addr_3_gep_fu_123">
<pin_list>
<pin id="124" dir="0" index="0" bw="32" slack="0"/>
<pin id="125" dir="0" index="1" bw="1" slack="0"/>
<pin id="126" dir="0" index="2" bw="6" slack="0"/>
<pin id="127" dir="1" index="3" bw="6" slack="0"/>
</pin_list>
<bind>
<opcode="getelementptr(29) " fcode="getelementptr"/>
<opset="p_round_key_V_addr_3/2 "/>
</bind>
</comp>

<comp id="131" class="1004" name="p_round_key_V_addr_5_gep_fu_131">
<pin_list>
<pin id="132" dir="0" index="0" bw="32" slack="0"/>
<pin id="133" dir="0" index="1" bw="1" slack="0"/>
<pin id="134" dir="0" index="2" bw="6" slack="0"/>
<pin id="135" dir="1" index="3" bw="6" slack="0"/>
</pin_list>
<bind>
<opcode="getelementptr(29) " fcode="getelementptr"/>
<opset="p_round_key_V_addr_5/2 "/>
</bind>
</comp>

<comp id="139" class="1004" name="crypto_aes_sbox_V_addr_1_gep_fu_139">
<pin_list>
<pin id="140" dir="0" index="0" bw="8" slack="0"/>
<pin id="141" dir="0" index="1" bw="1" slack="0"/>
<pin id="142" dir="0" index="2" bw="8" slack="0"/>
<pin id="143" dir="1" index="3" bw="8" slack="0"/>
</pin_list>
<bind>
<opcode="getelementptr(29) " fcode="getelementptr"/>
<opset="crypto_aes_sbox_V_addr_1/3 "/>
</bind>
</comp>

<comp id="147" class="1004" name="crypto_aes_sbox_V_addr_2_gep_fu_147">
<pin_list>
<pin id="148" dir="0" index="0" bw="8" slack="0"/>
<pin id="149" dir="0" index="1" bw="1" slack="0"/>
<pin id="150" dir="0" index="2" bw="8" slack="0"/>
<pin id="151" dir="1" index="3" bw="8" slack="0"/>
</pin_list>
<bind>
<opcode="getelementptr(29) " fcode="getelementptr"/>
<opset="crypto_aes_sbox_V_addr_2/4 "/>
</bind>
</comp>

<comp id="155" class="1004" name="crypto_aes_sbox_V_addr_3_gep_fu_155">
<pin_list>
<pin id="156" dir="0" index="0" bw="8" slack="0"/>
<pin id="157" dir="0" index="1" bw="1" slack="0"/>
<pin id="158" dir="0" index="2" bw="8" slack="0"/>
<pin id="159" dir="1" index="3" bw="8" slack="0"/>
</pin_list>
<bind>
<opcode="getelementptr(29) " fcode="getelementptr"/>
<opset="crypto_aes_sbox_V_addr_3/5 "/>
</bind>
</comp>

<comp id="163" class="1004" name="p_round_key_V_addr_2_gep_fu_163">
<pin_list>
<pin id="164" dir="0" index="0" bw="32" slack="0"/>
<pin id="165" dir="0" index="1" bw="1" slack="0"/>
<pin id="166" dir="0" index="2" bw="6" slack="0"/>
<pin id="167" dir="1" index="3" bw="6" slack="0"/>
</pin_list>
<bind>
<opcode="getelementptr(29) " fcode="getelementptr"/>
<opset="p_round_key_V_addr_2/7 "/>
</bind>
</comp>

<comp id="171" class="1004" name="p_round_key_V_addr_4_gep_fu_171">
<pin_list>
<pin id="172" dir="0" index="0" bw="32" slack="0"/>
<pin id="173" dir="0" index="1" bw="1" slack="0"/>
<pin id="174" dir="0" index="2" bw="6" slack="0"/>
<pin id="175" dir="1" index="3" bw="6" slack="0"/>
</pin_list>
<bind>
<opcode="getelementptr(29) " fcode="getelementptr"/>
<opset="p_round_key_V_addr_4/7 "/>
</bind>
</comp>

<comp id="179" class="1004" name="p_round_key_V_addr_6_gep_fu_179">
<pin_list>
<pin id="180" dir="0" index="0" bw="32" slack="0"/>
<pin id="181" dir="0" index="1" bw="1" slack="0"/>
<pin id="182" dir="0" index="2" bw="6" slack="0"/>
<pin id="183" dir="1" index="3" bw="6" slack="0"/>
</pin_list>
<bind>
<opcode="getelementptr(29) " fcode="getelementptr"/>
<opset="p_round_key_V_addr_6/8 "/>
</bind>
</comp>

<comp id="187" class="1004" name="p_round_key_V_addr_7_gep_fu_187">
<pin_list>
<pin id="188" dir="0" index="0" bw="32" slack="0"/>
<pin id="189" dir="0" index="1" bw="1" slack="0"/>
<pin id="190" dir="0" index="2" bw="6" slack="0"/>
<pin id="191" dir="1" index="3" bw="6" slack="0"/>
</pin_list>
<bind>
<opcode="getelementptr(29) " fcode="getelementptr"/>
<opset="p_round_key_V_addr_7/8 "/>
</bind>
</comp>

<comp id="195" class="1004" name="store_ln0_store_fu_195">
<pin_list>
<pin id="196" dir="0" index="0" bw="4" slack="0"/>
<pin id="197" dir="0" index="1" bw="6" slack="0"/>
<pin id="198" dir="1" index="2" bw="0" slack="2147483647"/>
</pin_list>
<bind>
<opcode="store(28) " fcode="store"/>
<opset="store_ln0/1 "/>
</bind>
</comp>

<comp id="200" class="1004" name="i_1_load_fu_200">
<pin_list>
<pin id="201" dir="0" index="0" bw="6" slack="0"/>
<pin id="202" dir="1" index="1" bw="6" slack="0"/>
</pin_list>
<bind>
<opcode="load(27) " fcode="load"/>
<opset="i_1/1 "/>
</bind>
</comp>

<comp id="203" class="1004" name="icmp_ln142_fu_203">
<pin_list>
<pin id="204" dir="0" index="0" bw="6" slack="0"/>
<pin id="205" dir="0" index="1" bw="6" slack="0"/>
<pin id="206" dir="1" index="2" bw="1" slack="2147483647"/>
</pin_list>
<bind>
<opcode="icmp(45) " fcode="icmp"/>
<opset="icmp_ln142/1 "/>
</bind>
</comp>

<comp id="209" class="1004" name="add_ln143_fu_209">
<pin_list>
<pin id="210" dir="0" index="0" bw="6" slack="0"/>
<pin id="211" dir="0" index="1" bw="1" slack="0"/>
<pin id="212" dir="1" index="2" bw="6" slack="0"/>
</pin_list>
<bind>
<opcode="add(8) " fcode="add"/>
<opset="add_ln143/1 "/>
</bind>
</comp>

<comp id="215" class="1004" name="zext_ln143_fu_215">
<pin_list>
<pin id="216" dir="0" index="0" bw="6" slack="0"/>
<pin id="217" dir="1" index="1" bw="64" slack="0"/>
</pin_list>
<bind>
<opcode="zext(34) " fcode="zext"/>
<opset="zext_ln143/1 "/>
</bind>
</comp>

<comp id="220" class="1004" name="trunc_ln1_fu_220">
<pin_list>
<pin id="221" dir="0" index="0" bw="4" slack="0"/>
<pin id="222" dir="0" index="1" bw="6" slack="0"/>
<pin id="223" dir="0" index="2" bw="3" slack="0"/>
<pin id="224" dir="0" index="3" bw="4" slack="0"/>
<pin id="225" dir="1" index="4" bw="4" slack="0"/>
</pin_list>
<bind>
<opcode="partselect(1002) " fcode="partselect"/>
<opset="trunc_ln1/1 "/>
</bind>
</comp>

<comp id="230" class="1004" name="add_ln147_fu_230">
<pin_list>
<pin id="231" dir="0" index="0" bw="4" slack="0"/>
<pin id="232" dir="0" index="1" bw="1" slack="0"/>
<pin id="233" dir="1" index="2" bw="4" slack="0"/>
</pin_list>
<bind>
<opcode="add(8) " fcode="add"/>
<opset="add_ln147/1 "/>
</bind>
</comp>

<comp id="236" class="1004" name="zext_ln628_fu_236">
<pin_list>
<pin id="237" dir="0" index="0" bw="4" slack="0"/>
<pin id="238" dir="1" index="1" bw="64" slack="0"/>
</pin_list>
<bind>
<opcode="zext(34) " fcode="zext"/>
<opset="zext_ln628/1 "/>
</bind>
</comp>

<comp id="241" class="1004" name="add_ln149_fu_241">
<pin_list>
<pin id="242" dir="0" index="0" bw="6" slack="0"/>
<pin id="243" dir="0" index="1" bw="3" slack="0"/>
<pin id="244" dir="1" index="2" bw="6" slack="0"/>
</pin_list>
<bind>
<opcode="add(8) " fcode="add"/>
<opset="add_ln149/1 "/>
</bind>
</comp>

<comp id="247" class="1004" name="zext_ln149_fu_247">
<pin_list>
<pin id="248" dir="0" index="0" bw="6" slack="0"/>
<pin id="249" dir="1" index="1" bw="64" slack="0"/>
</pin_list>
<bind>
<opcode="zext(34) " fcode="zext"/>
<opset="zext_ln149/1 "/>
</bind>
</comp>

<comp id="252" class="1004" name="r_p_fu_252">
<pin_list>
<pin id="253" dir="0" index="0" bw="8" slack="0"/>
<pin id="254" dir="0" index="1" bw="32" slack="0"/>
<pin id="255" dir="0" index="2" bw="6" slack="0"/>
<pin id="256" dir="0" index="3" bw="6" slack="0"/>
<pin id="257" dir="1" index="4" bw="8" slack="0"/>
</pin_list>
<bind>
<opcode="partselect(1002) " fcode="partselect"/>
<opset="r_p/2 "/>
</bind>
</comp>

<comp id="262" class="1004" name="zext_ln541_fu_262">
<pin_list>
<pin id="263" dir="0" index="0" bw="8" slack="0"/>
<pin id="264" dir="1" index="1" bw="64" slack="0"/>
</pin_list>
<bind>
<opcode="zext(34) " fcode="zext"/>
<opset="zext_ln541/2 "/>
</bind>
</comp>

<comp id="267" class="1004" name="trunc_ln541_fu_267">
<pin_list>
<pin id="268" dir="0" index="0" bw="32" slack="0"/>
<pin id="269" dir="1" index="1" bw="8" slack="1"/>
</pin_list>
<bind>
<opcode="trunc(33) " fcode="trunc"/>
<opset="trunc_ln541/2 "/>
</bind>
</comp>

<comp id="271" class="1004" name="lshr_ln_fu_271">
<pin_list>
<pin id="272" dir="0" index="0" bw="8" slack="0"/>
<pin id="273" dir="0" index="1" bw="32" slack="0"/>
<pin id="274" dir="0" index="2" bw="5" slack="0"/>
<pin id="275" dir="0" index="3" bw="5" slack="0"/>
<pin id="276" dir="1" index="4" bw="8" slack="2"/>
</pin_list>
<bind>
<opcode="partselect(1002) " fcode="partselect"/>
<opset="lshr_ln/2 "/>
</bind>
</comp>

<comp id="281" class="1004" name="lshr_ln541_1_fu_281">
<pin_list>
<pin id="282" dir="0" index="0" bw="8" slack="0"/>
<pin id="283" dir="0" index="1" bw="32" slack="0"/>
<pin id="284" dir="0" index="2" bw="6" slack="0"/>
<pin id="285" dir="0" index="3" bw="6" slack="0"/>
<pin id="286" dir="1" index="4" bw="8" slack="3"/>
</pin_list>
<bind>
<opcode="partselect(1002) " fcode="partselect"/>
<opset="lshr_ln541_1/2 "/>
</bind>
</comp>

<comp id="291" class="1004" name="add_ln150_fu_291">
<pin_list>
<pin id="292" dir="0" index="0" bw="6" slack="1"/>
<pin id="293" dir="0" index="1" bw="3" slack="0"/>
<pin id="294" dir="1" index="2" bw="6" slack="0"/>
</pin_list>
<bind>
<opcode="add(8) " fcode="add"/>
<opset="add_ln150/2 "/>
</bind>
</comp>

<comp id="296" class="1004" name="zext_ln150_fu_296">
<pin_list>
<pin id="297" dir="0" index="0" bw="6" slack="0"/>
<pin id="298" dir="1" index="1" bw="64" slack="0"/>
</pin_list>
<bind>
<opcode="zext(34) " fcode="zext"/>
<opset="zext_ln150/2 "/>
</bind>
</comp>

<comp id="301" class="1004" name="add_ln151_fu_301">
<pin_list>
<pin id="302" dir="0" index="0" bw="6" slack="1"/>
<pin id="303" dir="0" index="1" bw="2" slack="0"/>
<pin id="304" dir="1" index="2" bw="6" slack="0"/>
</pin_list>
<bind>
<opcode="add(8) " fcode="add"/>
<opset="add_ln151/2 "/>
</bind>
</comp>

<comp id="306" class="1004" name="zext_ln151_fu_306">
<pin_list>
<pin id="307" dir="0" index="0" bw="6" slack="0"/>
<pin id="308" dir="1" index="1" bw="64" slack="0"/>
</pin_list>
<bind>
<opcode="zext(34) " fcode="zext"/>
<opset="zext_ln151/2 "/>
</bind>
</comp>

<comp id="311" class="1004" name="zext_ln541_1_fu_311">
<pin_list>
<pin id="312" dir="0" index="0" bw="8" slack="1"/>
<pin id="313" dir="1" index="1" bw="64" slack="0"/>
</pin_list>
<bind>
<opcode="zext(34) " fcode="zext"/>
<opset="zext_ln541_1/3 "/>
</bind>
</comp>

<comp id="315" class="1004" name="zext_ln541_2_fu_315">
<pin_list>
<pin id="316" dir="0" index="0" bw="8" slack="2"/>
<pin id="317" dir="1" index="1" bw="64" slack="0"/>
</pin_list>
<bind>
<opcode="zext(34) " fcode="zext"/>
<opset="zext_ln541_2/4 "/>
</bind>
</comp>

<comp id="319" class="1004" name="zext_ln541_3_fu_319">
<pin_list>
<pin id="320" dir="0" index="0" bw="8" slack="3"/>
<pin id="321" dir="1" index="1" bw="64" slack="0"/>
</pin_list>
<bind>
<opcode="zext(34) " fcode="zext"/>
<opset="zext_ln541_3/5 "/>
</bind>
</comp>

<comp id="323" class="1004" name="xor_ln1499_fu_323">
<pin_list>
<pin id="324" dir="0" index="0" bw="8" slack="4"/>
<pin id="325" dir="0" index="1" bw="8" slack="0"/>
<pin id="326" dir="1" index="2" bw="8" slack="0"/>
</pin_list>
<bind>
<opcode="xor(25) " fcode="xor"/>
<opset="xor_ln1499/6 "/>
</bind>
</comp>

<comp id="328" class="1004" name="p_Result_s_fu_328">
<pin_list>
<pin id="329" dir="0" index="0" bw="32" slack="0"/>
<pin id="330" dir="0" index="1" bw="8" slack="0"/>
<pin id="331" dir="0" index="2" bw="8" slack="1"/>
<pin id="332" dir="0" index="3" bw="8" slack="2"/>
<pin id="333" dir="0" index="4" bw="8" slack="3"/>
<pin id="334" dir="1" index="5" bw="32" slack="0"/>
</pin_list>
<bind>
<opcode="bitconcatenate(1004) " fcode="bitconcatenate"/>
<opset="p_Result_s/6 "/>
</bind>
</comp>

<comp id="337" class="1004" name="ret_V_4_fu_337">
<pin_list>
<pin id="338" dir="0" index="0" bw="32" slack="4"/>
<pin id="339" dir="0" index="1" bw="32" slack="0"/>
<pin id="340" dir="1" index="2" bw="32" slack="1"/>
</pin_list>
<bind>
<opcode="xor(25) " fcode="xor"/>
<opset="ret_V_4/6 "/>
</bind>
</comp>

<comp id="342" class="1004" name="i_cast2_fu_342">
<pin_list>
<pin id="343" dir="0" index="0" bw="6" slack="6"/>
<pin id="344" dir="1" index="1" bw="64" slack="0"/>
</pin_list>
<bind>
<opcode="zext(34) " fcode="zext"/>
<opset="i_cast2/7 "/>
</bind>
</comp>

<comp id="346" class="1004" name="ret_V_5_fu_346">
<pin_list>
<pin id="347" dir="0" index="0" bw="32" slack="4"/>
<pin id="348" dir="0" index="1" bw="32" slack="1"/>
<pin id="349" dir="1" index="2" bw="32" slack="0"/>
</pin_list>
<bind>
<opcode="xor(25) " fcode="xor"/>
<opset="ret_V_5/7 "/>
</bind>
</comp>

<comp id="351" class="1004" name="or_ln150_fu_351">
<pin_list>
<pin id="352" dir="0" index="0" bw="6" slack="6"/>
<pin id="353" dir="0" index="1" bw="6" slack="0"/>
<pin id="354" dir="1" index="2" bw="6" slack="0"/>
</pin_list>
<bind>
<opcode="or(24) " fcode="or"/>
<opset="or_ln150/7 "/>
</bind>
</comp>

<comp id="356" class="1004" name="zext_ln150_1_fu_356">
<pin_list>
<pin id="357" dir="0" index="0" bw="6" slack="0"/>
<pin id="358" dir="1" index="1" bw="64" slack="0"/>
</pin_list>
<bind>
<opcode="zext(34) " fcode="zext"/>
<opset="zext_ln150_1/7 "/>
</bind>
</comp>

<comp id="361" class="1004" name="ret_V_6_fu_361">
<pin_list>
<pin id="362" dir="0" index="0" bw="32" slack="4"/>
<pin id="363" dir="0" index="1" bw="32" slack="0"/>
<pin id="364" dir="1" index="2" bw="32" slack="1"/>
</pin_list>
<bind>
<opcode="xor(25) " fcode="xor"/>
<opset="ret_V_6/7 "/>
</bind>
</comp>

<comp id="366" class="1004" name="or_ln151_fu_366">
<pin_list>
<pin id="367" dir="0" index="0" bw="6" slack="7"/>
<pin id="368" dir="0" index="1" bw="6" slack="0"/>
<pin id="369" dir="1" index="2" bw="6" slack="0"/>
</pin_list>
<bind>
<opcode="or(24) " fcode="or"/>
<opset="or_ln151/8 "/>
</bind>
</comp>

<comp id="371" class="1004" name="zext_ln151_1_fu_371">
<pin_list>
<pin id="372" dir="0" index="0" bw="6" slack="0"/>
<pin id="373" dir="1" index="1" bw="64" slack="0"/>
</pin_list>
<bind>
<opcode="zext(34) " fcode="zext"/>
<opset="zext_ln151_1/8 "/>
</bind>
</comp>

<comp id="376" class="1004" name="ret_V_fu_376">
<pin_list>
<pin id="377" dir="0" index="0" bw="32" slack="6"/>
<pin id="378" dir="0" index="1" bw="32" slack="1"/>
<pin id="379" dir="1" index="2" bw="32" slack="0"/>
</pin_list>
<bind>
<opcode="xor(25) " fcode="xor"/>
<opset="ret_V/8 "/>
</bind>
</comp>

<comp id="381" class="1004" name="or_ln152_fu_381">
<pin_list>
<pin id="382" dir="0" index="0" bw="6" slack="7"/>
<pin id="383" dir="0" index="1" bw="6" slack="0"/>
<pin id="384" dir="1" index="2" bw="6" slack="0"/>
</pin_list>
<bind>
<opcode="or(24) " fcode="or"/>
<opset="or_ln152/8 "/>
</bind>
</comp>

<comp id="386" class="1004" name="zext_ln152_fu_386">
<pin_list>
<pin id="387" dir="0" index="0" bw="6" slack="0"/>
<pin id="388" dir="1" index="1" bw="64" slack="0"/>
</pin_list>
<bind>
<opcode="zext(34) " fcode="zext"/>
<opset="zext_ln152/8 "/>
</bind>
</comp>

<comp id="391" class="1004" name="add_ln142_fu_391">
<pin_list>
<pin id="392" dir="0" index="0" bw="6" slack="7"/>
<pin id="393" dir="0" index="1" bw="4" slack="0"/>
<pin id="394" dir="1" index="2" bw="6" slack="0"/>
</pin_list>
<bind>
<opcode="add(8) " fcode="add"/>
<opset="add_ln142/8 "/>
</bind>
</comp>

<comp id="396" class="1004" name="store_ln142_store_fu_396">
<pin_list>
<pin id="397" dir="0" index="0" bw="6" slack="0"/>
<pin id="398" dir="0" index="1" bw="6" slack="7"/>
<pin id="399" dir="1" index="2" bw="0" slack="2147483647"/>
</pin_list>
<bind>
<opcode="store(28) " fcode="store"/>
<opset="store_ln142/8 "/>
</bind>
</comp>

<comp id="401" class="1005" name="i_reg_401">
<pin_list>
<pin id="402" dir="0" index="0" bw="6" slack="0"/>
<pin id="403" dir="1" index="1" bw="6" slack="0"/>
</pin_list>
<bind>
<opset="i "/>
</bind>
</comp>

<comp id="408" class="1005" name="i_1_reg_408">
<pin_list>
<pin id="409" dir="0" index="0" bw="6" slack="1"/>
<pin id="410" dir="1" index="1" bw="6" slack="1"/>
</pin_list>
<bind>
<opset="i_1 "/>
</bind>
</comp>

<comp id="422" class="1005" name="p_round_key_V_addr_reg_422">
<pin_list>
<pin id="423" dir="0" index="0" bw="6" slack="1"/>
<pin id="424" dir="1" index="1" bw="6" slack="1"/>
</pin_list>
<bind>
<opset="p_round_key_V_addr "/>
</bind>
</comp>

<comp id="427" class="1005" name="crypto_aes_rcon_V_addr_reg_427">
<pin_list>
<pin id="428" dir="0" index="0" bw="4" slack="1"/>
<pin id="429" dir="1" index="1" bw="4" slack="1"/>
</pin_list>
<bind>
<opset="crypto_aes_rcon_V_addr "/>
</bind>
</comp>

<comp id="432" class="1005" name="p_round_key_V_addr_1_reg_432">
<pin_list>
<pin id="433" dir="0" index="0" bw="6" slack="1"/>
<pin id="434" dir="1" index="1" bw="6" slack="1"/>
</pin_list>
<bind>
<opset="p_round_key_V_addr_1 "/>
</bind>
</comp>

<comp id="437" class="1005" name="lhs_V_3_reg_437">
<pin_list>
<pin id="438" dir="0" index="0" bw="32" slack="6"/>
<pin id="439" dir="1" index="1" bw="32" slack="6"/>
</pin_list>
<bind>
<opset="lhs_V_3 "/>
</bind>
</comp>

<comp id="442" class="1005" name="crypto_aes_sbox_V_addr_reg_442">
<pin_list>
<pin id="443" dir="0" index="0" bw="8" slack="1"/>
<pin id="444" dir="1" index="1" bw="8" slack="1"/>
</pin_list>
<bind>
<opset="crypto_aes_sbox_V_addr "/>
</bind>
</comp>

<comp id="447" class="1005" name="trunc_ln541_reg_447">
<pin_list>
<pin id="448" dir="0" index="0" bw="8" slack="1"/>
<pin id="449" dir="1" index="1" bw="8" slack="1"/>
</pin_list>
<bind>
<opset="trunc_ln541 "/>
</bind>
</comp>

<comp id="452" class="1005" name="lshr_ln_reg_452">
<pin_list>
<pin id="453" dir="0" index="0" bw="8" slack="2"/>
<pin id="454" dir="1" index="1" bw="8" slack="2"/>
</pin_list>
<bind>
<opset="lshr_ln "/>
</bind>
</comp>

<comp id="457" class="1005" name="lshr_ln541_1_reg_457">
<pin_list>
<pin id="458" dir="0" index="0" bw="8" slack="3"/>
<pin id="459" dir="1" index="1" bw="8" slack="3"/>
</pin_list>
<bind>
<opset="lshr_ln541_1 "/>
</bind>
</comp>

<comp id="462" class="1005" name="crypto_aes_rcon_V_load_reg_462">
<pin_list>
<pin id="463" dir="0" index="0" bw="8" slack="4"/>
<pin id="464" dir="1" index="1" bw="8" slack="4"/>
</pin_list>
<bind>
<opset="crypto_aes_rcon_V_load "/>
</bind>
</comp>

<comp id="467" class="1005" name="lhs_V_reg_467">
<pin_list>
<pin id="468" dir="0" index="0" bw="32" slack="4"/>
<pin id="469" dir="1" index="1" bw="32" slack="4"/>
</pin_list>
<bind>
<opset="lhs_V "/>
</bind>
</comp>

<comp id="472" class="1005" name="p_round_key_V_addr_3_reg_472">
<pin_list>
<pin id="473" dir="0" index="0" bw="6" slack="1"/>
<pin id="474" dir="1" index="1" bw="6" slack="1"/>
</pin_list>
<bind>
<opset="p_round_key_V_addr_3 "/>
</bind>
</comp>

<comp id="477" class="1005" name="p_round_key_V_addr_5_reg_477">
<pin_list>
<pin id="478" dir="0" index="0" bw="6" slack="1"/>
<pin id="479" dir="1" index="1" bw="6" slack="1"/>
</pin_list>
<bind>
<opset="p_round_key_V_addr_5 "/>
</bind>
</comp>

<comp id="482" class="1005" name="crypto_aes_sbox_V_load_reg_482">
<pin_list>
<pin id="483" dir="0" index="0" bw="8" slack="3"/>
<pin id="484" dir="1" index="1" bw="8" slack="3"/>
</pin_list>
<bind>
<opset="crypto_aes_sbox_V_load "/>
</bind>
</comp>

<comp id="487" class="1005" name="crypto_aes_sbox_V_addr_1_reg_487">
<pin_list>
<pin id="488" dir="0" index="0" bw="8" slack="1"/>
<pin id="489" dir="1" index="1" bw="8" slack="1"/>
</pin_list>
<bind>
<opset="crypto_aes_sbox_V_addr_1 "/>
</bind>
</comp>

<comp id="492" class="1005" name="lhs_V_1_reg_492">
<pin_list>
<pin id="493" dir="0" index="0" bw="32" slack="4"/>
<pin id="494" dir="1" index="1" bw="32" slack="4"/>
</pin_list>
<bind>
<opset="lhs_V_1 "/>
</bind>
</comp>

<comp id="497" class="1005" name="lhs_V_2_reg_497">
<pin_list>
<pin id="498" dir="0" index="0" bw="32" slack="4"/>
<pin id="499" dir="1" index="1" bw="32" slack="4"/>
</pin_list>
<bind>
<opset="lhs_V_2 "/>
</bind>
</comp>

<comp id="502" class="1005" name="crypto_aes_sbox_V_load_1_reg_502">
<pin_list>
<pin id="503" dir="0" index="0" bw="8" slack="2"/>
<pin id="504" dir="1" index="1" bw="8" slack="2"/>
</pin_list>
<bind>
<opset="crypto_aes_sbox_V_load_1 "/>
</bind>
</comp>

<comp id="507" class="1005" name="crypto_aes_sbox_V_addr_2_reg_507">
<pin_list>
<pin id="508" dir="0" index="0" bw="8" slack="1"/>
<pin id="509" dir="1" index="1" bw="8" slack="1"/>
</pin_list>
<bind>
<opset="crypto_aes_sbox_V_addr_2 "/>
</bind>
</comp>

<comp id="512" class="1005" name="crypto_aes_sbox_V_load_2_reg_512">
<pin_list>
<pin id="513" dir="0" index="0" bw="8" slack="1"/>
<pin id="514" dir="1" index="1" bw="8" slack="1"/>
</pin_list>
<bind>
<opset="crypto_aes_sbox_V_load_2 "/>
</bind>
</comp>

<comp id="517" class="1005" name="crypto_aes_sbox_V_addr_3_reg_517">
<pin_list>
<pin id="518" dir="0" index="0" bw="8" slack="1"/>
<pin id="519" dir="1" index="1" bw="8" slack="1"/>
</pin_list>
<bind>
<opset="crypto_aes_sbox_V_addr_3 "/>
</bind>
</comp>

<comp id="522" class="1005" name="ret_V_4_reg_522">
<pin_list>
<pin id="523" dir="0" index="0" bw="32" slack="1"/>
<pin id="524" dir="1" index="1" bw="32" slack="1"/>
</pin_list>
<bind>
<opset="ret_V_4 "/>
</bind>
</comp>

<comp id="528" class="1005" name="ret_V_6_reg_528">
<pin_list>
<pin id="529" dir="0" index="0" bw="32" slack="1"/>
<pin id="530" dir="1" index="1" bw="32" slack="1"/>
</pin_list>
<bind>
<opset="ret_V_6 "/>
</bind>
</comp>

</comp_list>

<net_list>
<net id="71"><net_src comp="6" pin="0"/><net_sink comp="68" pin=0"/></net>

<net id="77"><net_src comp="0" pin="0"/><net_sink comp="72" pin=0"/></net>

<net id="78"><net_src comp="26" pin="0"/><net_sink comp="72" pin=1"/></net>

<net id="88"><net_src comp="72" pin="3"/><net_sink comp="79" pin=2"/></net>

<net id="94"><net_src comp="4" pin="0"/><net_sink comp="89" pin=0"/></net>

<net id="95"><net_src comp="26" pin="0"/><net_sink comp="89" pin=1"/></net>

<net id="101"><net_src comp="89" pin="3"/><net_sink comp="96" pin=0"/></net>

<net id="107"><net_src comp="0" pin="0"/><net_sink comp="102" pin=0"/></net>

<net id="108"><net_src comp="26" pin="0"/><net_sink comp="102" pin=1"/></net>

<net id="109"><net_src comp="102" pin="3"/><net_sink comp="79" pin=0"/></net>

<net id="115"><net_src comp="2" pin="0"/><net_sink comp="110" pin=0"/></net>

<net id="116"><net_src comp="26" pin="0"/><net_sink comp="110" pin=1"/></net>

<net id="122"><net_src comp="110" pin="3"/><net_sink comp="117" pin=0"/></net>

<net id="128"><net_src comp="0" pin="0"/><net_sink comp="123" pin=0"/></net>

<net id="129"><net_src comp="26" pin="0"/><net_sink comp="123" pin=1"/></net>

<net id="130"><net_src comp="123" pin="3"/><net_sink comp="79" pin=2"/></net>

<net id="136"><net_src comp="0" pin="0"/><net_sink comp="131" pin=0"/></net>

<net id="137"><net_src comp="26" pin="0"/><net_sink comp="131" pin=1"/></net>

<net id="138"><net_src comp="131" pin="3"/><net_sink comp="79" pin=0"/></net>

<net id="144"><net_src comp="2" pin="0"/><net_sink comp="139" pin=0"/></net>

<net id="145"><net_src comp="26" pin="0"/><net_sink comp="139" pin=1"/></net>

<net id="146"><net_src comp="139" pin="3"/><net_sink comp="117" pin=0"/></net>

<net id="152"><net_src comp="2" pin="0"/><net_sink comp="147" pin=0"/></net>

<net id="153"><net_src comp="26" pin="0"/><net_sink comp="147" pin=1"/></net>

<net id="154"><net_src comp="147" pin="3"/><net_sink comp="117" pin=0"/></net>

<net id="160"><net_src comp="2" pin="0"/><net_sink comp="155" pin=0"/></net>

<net id="161"><net_src comp="26" pin="0"/><net_sink comp="155" pin=1"/></net>

<net id="162"><net_src comp="155" pin="3"/><net_sink comp="117" pin=0"/></net>

<net id="168"><net_src comp="0" pin="0"/><net_sink comp="163" pin=0"/></net>

<net id="169"><net_src comp="26" pin="0"/><net_sink comp="163" pin=1"/></net>

<net id="170"><net_src comp="163" pin="3"/><net_sink comp="79" pin=2"/></net>

<net id="176"><net_src comp="0" pin="0"/><net_sink comp="171" pin=0"/></net>

<net id="177"><net_src comp="26" pin="0"/><net_sink comp="171" pin=1"/></net>

<net id="178"><net_src comp="171" pin="3"/><net_sink comp="79" pin=0"/></net>

<net id="184"><net_src comp="0" pin="0"/><net_sink comp="179" pin=0"/></net>

<net id="185"><net_src comp="26" pin="0"/><net_sink comp="179" pin=1"/></net>

<net id="186"><net_src comp="179" pin="3"/><net_sink comp="79" pin=2"/></net>

<net id="192"><net_src comp="0" pin="0"/><net_sink comp="187" pin=0"/></net>

<net id="193"><net_src comp="26" pin="0"/><net_sink comp="187" pin=1"/></net>

<net id="194"><net_src comp="187" pin="3"/><net_sink comp="79" pin=0"/></net>

<net id="199"><net_src comp="8" pin="0"/><net_sink comp="195" pin=0"/></net>

<net id="207"><net_src comp="200" pin="1"/><net_sink comp="203" pin=0"/></net>

<net id="208"><net_src comp="18" pin="0"/><net_sink comp="203" pin=1"/></net>

<net id="213"><net_src comp="200" pin="1"/><net_sink comp="209" pin=0"/></net>

<net id="214"><net_src comp="24" pin="0"/><net_sink comp="209" pin=1"/></net>

<net id="218"><net_src comp="209" pin="2"/><net_sink comp="215" pin=0"/></net>

<net id="219"><net_src comp="215" pin="1"/><net_sink comp="72" pin=2"/></net>

<net id="226"><net_src comp="28" pin="0"/><net_sink comp="220" pin=0"/></net>

<net id="227"><net_src comp="200" pin="1"/><net_sink comp="220" pin=1"/></net>

<net id="228"><net_src comp="30" pin="0"/><net_sink comp="220" pin=2"/></net>

<net id="229"><net_src comp="32" pin="0"/><net_sink comp="220" pin=3"/></net>

<net id="234"><net_src comp="220" pin="4"/><net_sink comp="230" pin=0"/></net>

<net id="235"><net_src comp="34" pin="0"/><net_sink comp="230" pin=1"/></net>

<net id="239"><net_src comp="230" pin="2"/><net_sink comp="236" pin=0"/></net>

<net id="240"><net_src comp="236" pin="1"/><net_sink comp="89" pin=2"/></net>

<net id="245"><net_src comp="200" pin="1"/><net_sink comp="241" pin=0"/></net>

<net id="246"><net_src comp="36" pin="0"/><net_sink comp="241" pin=1"/></net>

<net id="250"><net_src comp="241" pin="2"/><net_sink comp="247" pin=0"/></net>

<net id="251"><net_src comp="247" pin="1"/><net_sink comp="102" pin=2"/></net>

<net id="258"><net_src comp="38" pin="0"/><net_sink comp="252" pin=0"/></net>

<net id="259"><net_src comp="79" pin="7"/><net_sink comp="252" pin=1"/></net>

<net id="260"><net_src comp="40" pin="0"/><net_sink comp="252" pin=2"/></net>

<net id="261"><net_src comp="42" pin="0"/><net_sink comp="252" pin=3"/></net>

<net id="265"><net_src comp="252" pin="4"/><net_sink comp="262" pin=0"/></net>

<net id="266"><net_src comp="262" pin="1"/><net_sink comp="110" pin=2"/></net>

<net id="270"><net_src comp="79" pin="7"/><net_sink comp="267" pin=0"/></net>

<net id="277"><net_src comp="38" pin="0"/><net_sink comp="271" pin=0"/></net>

<net id="278"><net_src comp="79" pin="7"/><net_sink comp="271" pin=1"/></net>

<net id="279"><net_src comp="44" pin="0"/><net_sink comp="271" pin=2"/></net>

<net id="280"><net_src comp="46" pin="0"/><net_sink comp="271" pin=3"/></net>

<net id="287"><net_src comp="38" pin="0"/><net_sink comp="281" pin=0"/></net>

<net id="288"><net_src comp="79" pin="7"/><net_sink comp="281" pin=1"/></net>

<net id="289"><net_src comp="48" pin="0"/><net_sink comp="281" pin=2"/></net>

<net id="290"><net_src comp="50" pin="0"/><net_sink comp="281" pin=3"/></net>

<net id="295"><net_src comp="52" pin="0"/><net_sink comp="291" pin=1"/></net>

<net id="299"><net_src comp="291" pin="2"/><net_sink comp="296" pin=0"/></net>

<net id="300"><net_src comp="296" pin="1"/><net_sink comp="123" pin=2"/></net>

<net id="305"><net_src comp="54" pin="0"/><net_sink comp="301" pin=1"/></net>

<net id="309"><net_src comp="301" pin="2"/><net_sink comp="306" pin=0"/></net>

<net id="310"><net_src comp="306" pin="1"/><net_sink comp="131" pin=2"/></net>

<net id="314"><net_src comp="311" pin="1"/><net_sink comp="139" pin=2"/></net>

<net id="318"><net_src comp="315" pin="1"/><net_sink comp="147" pin=2"/></net>

<net id="322"><net_src comp="319" pin="1"/><net_sink comp="155" pin=2"/></net>

<net id="327"><net_src comp="117" pin="3"/><net_sink comp="323" pin=1"/></net>

<net id="335"><net_src comp="56" pin="0"/><net_sink comp="328" pin=0"/></net>

<net id="336"><net_src comp="323" pin="2"/><net_sink comp="328" pin=1"/></net>

<net id="341"><net_src comp="328" pin="5"/><net_sink comp="337" pin=1"/></net>

<net id="345"><net_src comp="342" pin="1"/><net_sink comp="163" pin=2"/></net>

<net id="350"><net_src comp="346" pin="2"/><net_sink comp="79" pin=1"/></net>

<net id="355"><net_src comp="58" pin="0"/><net_sink comp="351" pin=1"/></net>

<net id="359"><net_src comp="351" pin="2"/><net_sink comp="356" pin=0"/></net>

<net id="360"><net_src comp="356" pin="1"/><net_sink comp="171" pin=2"/></net>

<net id="365"><net_src comp="346" pin="2"/><net_sink comp="361" pin=1"/></net>

<net id="370"><net_src comp="64" pin="0"/><net_sink comp="366" pin=1"/></net>

<net id="374"><net_src comp="366" pin="2"/><net_sink comp="371" pin=0"/></net>

<net id="375"><net_src comp="371" pin="1"/><net_sink comp="179" pin=2"/></net>

<net id="380"><net_src comp="376" pin="2"/><net_sink comp="79" pin=1"/></net>

<net id="385"><net_src comp="66" pin="0"/><net_sink comp="381" pin=1"/></net>

<net id="389"><net_src comp="381" pin="2"/><net_sink comp="386" pin=0"/></net>

<net id="390"><net_src comp="386" pin="1"/><net_sink comp="187" pin=2"/></net>

<net id="395"><net_src comp="8" pin="0"/><net_sink comp="391" pin=1"/></net>

<net id="400"><net_src comp="391" pin="2"/><net_sink comp="396" pin=0"/></net>

<net id="404"><net_src comp="68" pin="1"/><net_sink comp="401" pin=0"/></net>

<net id="405"><net_src comp="401" pin="1"/><net_sink comp="195" pin=1"/></net>

<net id="406"><net_src comp="401" pin="1"/><net_sink comp="200" pin=0"/></net>

<net id="407"><net_src comp="401" pin="1"/><net_sink comp="396" pin=1"/></net>

<net id="411"><net_src comp="200" pin="1"/><net_sink comp="408" pin=0"/></net>

<net id="412"><net_src comp="408" pin="1"/><net_sink comp="291" pin=0"/></net>

<net id="413"><net_src comp="408" pin="1"/><net_sink comp="301" pin=0"/></net>

<net id="414"><net_src comp="408" pin="1"/><net_sink comp="342" pin=0"/></net>

<net id="415"><net_src comp="408" pin="1"/><net_sink comp="351" pin=0"/></net>

<net id="416"><net_src comp="408" pin="1"/><net_sink comp="366" pin=0"/></net>

<net id="417"><net_src comp="408" pin="1"/><net_sink comp="381" pin=0"/></net>

<net id="418"><net_src comp="408" pin="1"/><net_sink comp="391" pin=0"/></net>

<net id="425"><net_src comp="72" pin="3"/><net_sink comp="422" pin=0"/></net>

<net id="426"><net_src comp="422" pin="1"/><net_sink comp="79" pin=2"/></net>

<net id="430"><net_src comp="89" pin="3"/><net_sink comp="427" pin=0"/></net>

<net id="431"><net_src comp="427" pin="1"/><net_sink comp="96" pin=0"/></net>

<net id="435"><net_src comp="102" pin="3"/><net_sink comp="432" pin=0"/></net>

<net id="436"><net_src comp="432" pin="1"/><net_sink comp="79" pin=0"/></net>

<net id="440"><net_src comp="79" pin="7"/><net_sink comp="437" pin=0"/></net>

<net id="441"><net_src comp="437" pin="1"/><net_sink comp="376" pin=0"/></net>

<net id="445"><net_src comp="110" pin="3"/><net_sink comp="442" pin=0"/></net>

<net id="446"><net_src comp="442" pin="1"/><net_sink comp="117" pin=0"/></net>

<net id="450"><net_src comp="267" pin="1"/><net_sink comp="447" pin=0"/></net>

<net id="451"><net_src comp="447" pin="1"/><net_sink comp="311" pin=0"/></net>

<net id="455"><net_src comp="271" pin="4"/><net_sink comp="452" pin=0"/></net>

<net id="456"><net_src comp="452" pin="1"/><net_sink comp="315" pin=0"/></net>

<net id="460"><net_src comp="281" pin="4"/><net_sink comp="457" pin=0"/></net>

<net id="461"><net_src comp="457" pin="1"/><net_sink comp="319" pin=0"/></net>

<net id="465"><net_src comp="96" pin="3"/><net_sink comp="462" pin=0"/></net>

<net id="466"><net_src comp="462" pin="1"/><net_sink comp="323" pin=0"/></net>

<net id="470"><net_src comp="79" pin="3"/><net_sink comp="467" pin=0"/></net>

<net id="471"><net_src comp="467" pin="1"/><net_sink comp="337" pin=0"/></net>

<net id="475"><net_src comp="123" pin="3"/><net_sink comp="472" pin=0"/></net>

<net id="476"><net_src comp="472" pin="1"/><net_sink comp="79" pin=2"/></net>

<net id="480"><net_src comp="131" pin="3"/><net_sink comp="477" pin=0"/></net>

<net id="481"><net_src comp="477" pin="1"/><net_sink comp="79" pin=0"/></net>

<net id="485"><net_src comp="117" pin="3"/><net_sink comp="482" pin=0"/></net>

<net id="486"><net_src comp="482" pin="1"/><net_sink comp="328" pin=4"/></net>

<net id="490"><net_src comp="139" pin="3"/><net_sink comp="487" pin=0"/></net>

<net id="491"><net_src comp="487" pin="1"/><net_sink comp="117" pin=0"/></net>

<net id="495"><net_src comp="79" pin="7"/><net_sink comp="492" pin=0"/></net>

<net id="496"><net_src comp="492" pin="1"/><net_sink comp="346" pin=0"/></net>

<net id="500"><net_src comp="79" pin="3"/><net_sink comp="497" pin=0"/></net>

<net id="501"><net_src comp="497" pin="1"/><net_sink comp="361" pin=0"/></net>

<net id="505"><net_src comp="117" pin="3"/><net_sink comp="502" pin=0"/></net>

<net id="506"><net_src comp="502" pin="1"/><net_sink comp="328" pin=3"/></net>

<net id="510"><net_src comp="147" pin="3"/><net_sink comp="507" pin=0"/></net>

<net id="511"><net_src comp="507" pin="1"/><net_sink comp="117" pin=0"/></net>

<net id="515"><net_src comp="117" pin="3"/><net_sink comp="512" pin=0"/></net>

<net id="516"><net_src comp="512" pin="1"/><net_sink comp="328" pin=2"/></net>

<net id="520"><net_src comp="155" pin="3"/><net_sink comp="517" pin=0"/></net>

<net id="521"><net_src comp="517" pin="1"/><net_sink comp="117" pin=0"/></net>

<net id="525"><net_src comp="337" pin="2"/><net_sink comp="522" pin=0"/></net>

<net id="526"><net_src comp="522" pin="1"/><net_sink comp="79" pin=4"/></net>

<net id="527"><net_src comp="522" pin="1"/><net_sink comp="346" pin=1"/></net>

<net id="531"><net_src comp="361" pin="2"/><net_sink comp="528" pin=0"/></net>

<net id="532"><net_src comp="528" pin="1"/><net_sink comp="79" pin=4"/></net>

<net id="533"><net_src comp="528" pin="1"/><net_sink comp="376" pin=1"/></net>

</net_list>

</model> 
---------------- Datapath Model END ------------------

* FSMD analyzer results:
  - Output states:
	Port: p_round_key_V | {7 8 }
	Port: crypto_aes_sbox_V | {}
	Port: crypto_aes_rcon_V | {}
 - Input state : 
	Port: pynqrypt_encrypt_Pipeline_loop_aes_generate_round_keys : p_round_key_V | {1 2 3 }
	Port: pynqrypt_encrypt_Pipeline_loop_aes_generate_round_keys : crypto_aes_sbox_V | {2 3 4 5 6 }
	Port: pynqrypt_encrypt_Pipeline_loop_aes_generate_round_keys : crypto_aes_rcon_V | {1 2 }
  - Chain level:
	State 1
		store_ln0 : 1
		i_1 : 1
		icmp_ln142 : 2
		br_ln142 : 3
		add_ln143 : 2
		zext_ln143 : 3
		p_round_key_V_addr : 4
		lhs_V_3 : 5
		trunc_ln1 : 2
		add_ln147 : 3
		zext_ln628 : 4
		crypto_aes_rcon_V_addr : 5
		crypto_aes_rcon_V_load : 6
		add_ln149 : 2
		zext_ln149 : 3
		p_round_key_V_addr_1 : 4
		lhs_V : 5
	State 2
		r_p : 1
		zext_ln541 : 2
		crypto_aes_sbox_V_addr : 3
		crypto_aes_sbox_V_load : 4
		trunc_ln541 : 1
		lshr_ln : 1
		lshr_ln541_1 : 1
		zext_ln150 : 1
		p_round_key_V_addr_3 : 2
		lhs_V_1 : 3
		zext_ln151 : 1
		p_round_key_V_addr_5 : 2
		lhs_V_2 : 3
	State 3
		crypto_aes_sbox_V_addr_1 : 1
		crypto_aes_sbox_V_load_1 : 2
	State 4
		crypto_aes_sbox_V_addr_2 : 1
		crypto_aes_sbox_V_load_2 : 2
	State 5
		crypto_aes_sbox_V_addr_3 : 1
		crypto_aes_sbox_V_load_3 : 2
	State 6
		xor_ln1499 : 1
		p_Result_s : 1
		ret_V_4 : 2
	State 7
		p_round_key_V_addr_2 : 1
		store_ln149 : 2
		p_round_key_V_addr_4 : 1
		store_ln150 : 2
	State 8
		p_round_key_V_addr_6 : 1
		store_ln151 : 2
		p_round_key_V_addr_7 : 1
		store_ln152 : 2
		store_ln142 : 1


============================================================
+ Verbose Summary: Datapath Resource usage 
============================================================

* Functional unit list:
|----------|---------------------|---------|---------|
| Operation|   Functional Unit   |    FF   |   LUT   |
|----------|---------------------|---------|---------|
|          |  xor_ln1499_fu_323  |    0    |    8    |
|          |    ret_V_4_fu_337   |    0    |    32   |
|    xor   |    ret_V_5_fu_346   |    0    |    32   |
|          |    ret_V_6_fu_361   |    0    |    32   |
|          |     ret_V_fu_376    |    0    |    32   |
|----------|---------------------|---------|---------|
|          |   add_ln143_fu_209  |    0    |    14   |
|          |   add_ln147_fu_230  |    0    |    13   |
|    add   |   add_ln149_fu_241  |    0    |    14   |
|          |   add_ln150_fu_291  |    0    |    14   |
|          |   add_ln151_fu_301  |    0    |    14   |
|          |   add_ln142_fu_391  |    0    |    14   |
|----------|---------------------|---------|---------|
|   icmp   |  icmp_ln142_fu_203  |    0    |    10   |
|----------|---------------------|---------|---------|
|          |  zext_ln143_fu_215  |    0    |    0    |
|          |  zext_ln628_fu_236  |    0    |    0    |
|          |  zext_ln149_fu_247  |    0    |    0    |
|          |  zext_ln541_fu_262  |    0    |    0    |
|          |  zext_ln150_fu_296  |    0    |    0    |
|          |  zext_ln151_fu_306  |    0    |    0    |
|   zext   | zext_ln541_1_fu_311 |    0    |    0    |
|          | zext_ln541_2_fu_315 |    0    |    0    |
|          | zext_ln541_3_fu_319 |    0    |    0    |
|          |    i_cast2_fu_342   |    0    |    0    |
|          | zext_ln150_1_fu_356 |    0    |    0    |
|          | zext_ln151_1_fu_371 |    0    |    0    |
|          |  zext_ln152_fu_386  |    0    |    0    |
|----------|---------------------|---------|---------|
|          |   trunc_ln1_fu_220  |    0    |    0    |
|partselect|      r_p_fu_252     |    0    |    0    |
|          |    lshr_ln_fu_271   |    0    |    0    |
|          | lshr_ln541_1_fu_281 |    0    |    0    |
|----------|---------------------|---------|---------|
|   trunc  |  trunc_ln541_fu_267 |    0    |    0    |
|----------|---------------------|---------|---------|
|bitconcatenate|  p_Result_s_fu_328  |    0    |    0    |
|----------|---------------------|---------|---------|
|          |   or_ln150_fu_351   |    0    |    0    |
|    or    |   or_ln151_fu_366   |    0    |    0    |
|          |   or_ln152_fu_381   |    0    |    0    |
|----------|---------------------|---------|---------|
|   Total  |                     |    0    |   229   |
|----------|---------------------|---------|---------|

Memories:
N/A

* Register list:
+--------------------------------+--------+
|                                |   FF   |
+--------------------------------+--------+
| crypto_aes_rcon_V_addr_reg_427 |    4   |
| crypto_aes_rcon_V_load_reg_462 |    8   |
|crypto_aes_sbox_V_addr_1_reg_487|    8   |
|crypto_aes_sbox_V_addr_2_reg_507|    8   |
|crypto_aes_sbox_V_addr_3_reg_517|    8   |
| crypto_aes_sbox_V_addr_reg_442 |    8   |
|crypto_aes_sbox_V_load_1_reg_502|    8   |
|crypto_aes_sbox_V_load_2_reg_512|    8   |
| crypto_aes_sbox_V_load_reg_482 |    8   |
|           i_1_reg_408          |    6   |
|            i_reg_401           |    6   |
|         lhs_V_1_reg_492        |   32   |
|         lhs_V_2_reg_497        |   32   |
|         lhs_V_3_reg_437        |   32   |
|          lhs_V_reg_467         |   32   |
|      lshr_ln541_1_reg_457      |    8   |
|         lshr_ln_reg_452        |    8   |
|  p_round_key_V_addr_1_reg_432  |    6   |
|  p_round_key_V_addr_3_reg_472  |    6   |
|  p_round_key_V_addr_5_reg_477  |    6   |
|   p_round_key_V_addr_reg_422   |    6   |
|         ret_V_4_reg_522        |   32   |
|         ret_V_6_reg_528        |   32   |
|       trunc_ln541_reg_447      |    8   |
+--------------------------------+--------+
|              Total             |   320  |
+--------------------------------+--------+

* Multiplexer (MUX) list: 
|-------------------|------|------|------|--------||---------||---------|
|        Comp       |  Pin | Size |  BW  | S x BW ||  Delay  ||   LUT   |
|-------------------|------|------|------|--------||---------||---------|
|  grp_access_fu_79 |  p0  |   6  |   6  |   36   ||    31   |
|  grp_access_fu_79 |  p1  |   2  |  32  |   64   ||    9    |
|  grp_access_fu_79 |  p2  |   6  |   0  |    0   ||    31   |
|  grp_access_fu_79 |  p4  |   2  |   6  |   12   ||    9    |
|  grp_access_fu_96 |  p0  |   2  |   4  |    8   ||    9    |
| grp_access_fu_117 |  p0  |   8  |   8  |   64   ||    42   |
|-------------------|------|------|------|--------||---------||---------|
|       Total       |      |      |      |   184  || 11.1982 ||   131   |
|-------------------|------|------|------|--------||---------||---------|



* Summary:
+-----------+--------+--------+--------+
|           |  Delay |   FF   |   LUT  |
+-----------+--------+--------+--------+
|  Function |    -   |    0   |   229  |
|   Memory  |    -   |    -   |    -   |
|Multiplexer|   11   |    -   |   131  |
|  Register |    -   |   320  |    -   |
+-----------+--------+--------+--------+
|   Total   |   11   |   320  |   360  |
+-----------+--------+--------+--------+
