

================================================================
== Synthesis Summary Report of 'pynqrypt_encrypt'
================================================================
+ General Information: 
    * Date:           Fri Dec  9 00:45:49 2022
    * Version:        2022.2 (Build 3670227 on Oct 13 2022)
    * Project:        pynqrypt-vitis-hls
    * Solution:       pynqrypt (Vivado IP Flow Target)
    * Product family: zynq
    * Target device:  xc7z020i-clg400-1L
    

+ Performance & Resource Estimates: 
    
    PS: '+' for module; 'o' for loop; '*' for dataflow
    +---------------------------------------------------------------+------+------+---------+-----------+----------+---------+------+----------+---------+----+-------------+-------------+-----+
    |                            Modules                            | Issue|      | Latency |  Latency  | Iteration|         | Trip |          |         |    |             |             |     |
    |                            & Loops                            | Type | Slack| (cycles)|    (ns)   |  Latency | Interval| Count| Pipelined|  BRAM   | DSP|      FF     |     LUT     | URAM|
    +---------------------------------------------------------------+------+------+---------+-----------+----------+---------+------+----------+---------+----+-------------+-------------+-----+
    |+ pynqrypt_encrypt                                             |     -|  0.00|        -|          -|         -|        -|     -|        no|   4 (1%)|   -|  15959 (14%)|  32986 (62%)|    -|
    | + pynqrypt_encrypt_Pipeline_1                                 |     -|  2.66|       18|    180.000|         -|       18|     -|        no|        -|   -|     13 (~0%)|     61 (~0%)|    -|
    |  o Loop 1                                                     |     -|  7.30|       16|    160.000|         2|        1|    16|       yes|        -|   -|            -|            -|    -|
    | + pynqrypt_encrypt_Pipeline_2                                 |     -|  2.66|       14|    140.000|         -|       14|     -|        no|        -|   -|     11 (~0%)|     60 (~0%)|    -|
    |  o Loop 1                                                     |     -|  7.30|       12|    120.000|         2|        1|    12|       yes|        -|   -|            -|            -|    -|
    | + aes_generate_round_keys                                     |     -|  0.79|      183|  1.830e+03|         -|      183|     -|        no|  1 (~0%)|   -|    286 (~0%)|    1095 (2%)|    -|
    |  + aes_generate_round_keys_Pipeline_1                         |     -|  1.72|       18|    180.000|         -|       18|     -|        no|        -|   -|     13 (~0%)|     61 (~0%)|    -|
    |   o Loop 1                                                    |     -|  7.30|       16|    160.000|         2|        1|    16|       yes|        -|   -|            -|            -|    -|
    |  + aes_generate_round_keys_Pipeline_loop_generate_round_keys  |     -|  0.79|      162|  1.620e+03|         -|      162|     -|        no|  1 (~0%)|   -|    267 (~0%)|     935 (1%)|    -|
    |   o loop_generate_round_keys                                  |    II|  7.30|      160|  1.600e+03|        16|       16|    10|       yes|        -|   -|            -|            -|    -|
    | + ctr_encrypt                                                 |     -|  0.00|        -|          -|         -|        -|     -|        no|  2 (~0%)|   -|  14271 (13%)|  29528 (55%)|    -|
    |  o loop_ctr_encrypt                                           |     -|  7.30|        -|          -|         -|        -|     -|        no|        -|   -|            -|            -|    -|
    |   + ctr_encrypt_Pipeline_1                                    |     -|  0.00|        -|          -|         -|        -|     -|        no|        -|   -|    206 (~0%)|    158 (~0%)|    -|
    |    o Loop 1                                                   |     -|  7.30|        -|          -|         2|        1|     -|       yes|        -|   -|            -|            -|    -|
    |   + ctr_encrypt_Pipeline_2                                    |     -|  2.66|       14|    140.000|         -|       14|     -|        no|        -|   -|     11 (~0%)|     60 (~0%)|    -|
    |    o Loop 1                                                   |     -|  7.30|       12|    120.000|         2|        1|    12|       yes|        -|   -|            -|            -|    -|
    |   + aes_encrypt_block                                         |     -|  0.54|      192|  1.920e+03|         -|      192|     -|        no|  2 (~0%)|   -|    621 (~0%)|    2620 (4%)|    -|
    |    + aes_encrypt_block_Pipeline_loop_aes_encrypt_block        |     -|  0.54|      137|  1.370e+03|         -|      137|     -|        no|  1 (~0%)|   -|    440 (~0%)|    1442 (2%)|    -|
    |     o loop_aes_encrypt_block                                  |    II|  7.30|      135|  1.350e+03|        15|       15|     9|       yes|        -|   -|            -|            -|    -|
    |    + aes_encrypt_block_Pipeline_2                             |     -|  2.66|       18|    180.000|         -|       18|     -|        no|        -|   -|     13 (~0%)|     61 (~0%)|    -|
    |     o Loop 1                                                  |     -|  7.30|       16|    160.000|         2|        1|    16|       yes|        -|   -|            -|            -|    -|
    |   + ctr_encrypt_Pipeline_loop_ctr_xor_block                   |     -|  1.67|        -|          -|         -|        -|     -|        no|        -|   -|     12 (~0%)|     94 (~0%)|    -|
    |    o loop_ctr_xor_block                                       |     -|  7.30|        -|          -|         2|        1|     -|       yes|        -|   -|            -|            -|    -|
    |   + ctr_encrypt_Pipeline_4                                    |     -|  0.00|        -|          -|         -|        -|     -|        no|        -|   -|    144 (~0%)|    158 (~0%)|    -|
    |    o Loop 1                                                   |     -|  7.30|        -|          -|         3|        1|     -|       yes|        -|   -|            -|            -|    -|
    |   + ctr_encrypt_Pipeline_6                                    |     -|  2.66|       14|    140.000|         -|       14|     -|        no|        -|   -|     11 (~0%)|     60 (~0%)|    -|
    |    o Loop 1                                                   |     -|  7.30|       12|    120.000|         2|        1|    12|       yes|        -|   -|            -|            -|    -|
    |   + ctr_encrypt_Pipeline_5                                    |     -|  0.00|        -|          -|         -|        -|     -|        no|        -|   -|    206 (~0%)|    158 (~0%)|    -|
    |    o Loop 1                                                   |     -|  7.30|        -|          -|         2|        1|     -|       yes|        -|   -|            -|            -|    -|
    |   + ctr_encrypt_Pipeline_loop_ctr_xor_block1                  |     -|  1.67|        -|          -|         -|        -|     -|        no|        -|   -|     12 (~0%)|     94 (~0%)|    -|
    |    o loop_ctr_xor_block                                       |     -|  7.30|        -|          -|         2|        1|     -|       yes|        -|   -|            -|            -|    -|
    |   + ctr_encrypt_Pipeline_8                                    |     -|  0.00|        -|          -|         -|        -|     -|        no|        -|   -|    144 (~0%)|    158 (~0%)|    -|
    |    o Loop 1                                                   |     -|  7.30|        -|          -|         3|        1|     -|       yes|        -|   -|            -|            -|    -|
    |   + ctr_encrypt_Pipeline_10                                   |     -|  2.66|       14|    140.000|         -|       14|     -|        no|        -|   -|     11 (~0%)|     60 (~0%)|    -|
    |    o Loop 1                                                   |     -|  7.30|       12|    120.000|         2|        1|    12|       yes|        -|   -|            -|            -|    -|
    |   + ctr_encrypt_Pipeline_9                                    |     -|  0.00|        -|          -|         -|        -|     -|        no|        -|   -|    206 (~0%)|    158 (~0%)|    -|
    |    o Loop 1                                                   |     -|  7.30|        -|          -|         2|        1|     -|       yes|        -|   -|            -|            -|    -|
    |   + ctr_encrypt_Pipeline_loop_ctr_xor_block2                  |     -|  1.67|        -|          -|         -|        -|     -|        no|        -|   -|     12 (~0%)|     94 (~0%)|    -|
    |    o loop_ctr_xor_block                                       |     -|  7.30|        -|          -|         2|        1|     -|       yes|        -|   -|            -|            -|    -|
    |   + ctr_encrypt_Pipeline_12                                   |     -|  0.00|        -|          -|         -|        -|     -|        no|        -|   -|    144 (~0%)|    158 (~0%)|    -|
    |    o Loop 1                                                   |     -|  7.30|        -|          -|         3|        1|     -|       yes|        -|   -|            -|            -|    -|
    |   + ctr_encrypt_Pipeline_14                                   |     -|  2.66|       14|    140.000|         -|       14|     -|        no|        -|   -|     11 (~0%)|     60 (~0%)|    -|
    |    o Loop 1                                                   |     -|  7.30|       12|    120.000|         2|        1|    12|       yes|        -|   -|            -|            -|    -|
    |   + ctr_encrypt_Pipeline_13                                   |     -|  0.00|        -|          -|         -|        -|     -|        no|        -|   -|    206 (~0%)|    158 (~0%)|    -|
    |    o Loop 1                                                   |     -|  7.30|        -|          -|         2|        1|     -|       yes|        -|   -|            -|            -|    -|
    |   + ctr_encrypt_Pipeline_loop_ctr_xor_block3                  |     -|  1.67|        -|          -|         -|        -|     -|        no|        -|   -|     12 (~0%)|     94 (~0%)|    -|
    |    o loop_ctr_xor_block                                       |     -|  7.30|        -|          -|         2|        1|     -|       yes|        -|   -|            -|            -|    -|
    |   + ctr_encrypt_Pipeline_16                                   |     -|  0.00|        -|          -|         -|        -|     -|        no|        -|   -|    144 (~0%)|    158 (~0%)|    -|
    |    o Loop 1                                                   |     -|  7.30|        -|          -|         3|        1|     -|       yes|        -|   -|            -|            -|    -|
    |   + ctr_encrypt_Pipeline_18                                   |     -|  2.66|       14|    140.000|         -|       14|     -|        no|        -|   -|     11 (~0%)|     60 (~0%)|    -|
    |    o Loop 1                                                   |     -|  7.30|       12|    120.000|         2|        1|    12|       yes|        -|   -|            -|            -|    -|
    |   + ctr_encrypt_Pipeline_17                                   |     -|  0.00|        -|          -|         -|        -|     -|        no|        -|   -|    206 (~0%)|    158 (~0%)|    -|
    |    o Loop 1                                                   |     -|  7.30|        -|          -|         2|        1|     -|       yes|        -|   -|            -|            -|    -|
    |   + ctr_encrypt_Pipeline_loop_ctr_xor_block4                  |     -|  1.67|        -|          -|         -|        -|     -|        no|        -|   -|     12 (~0%)|     94 (~0%)|    -|
    |    o loop_ctr_xor_block                                       |     -|  7.30|        -|          -|         2|        1|     -|       yes|        -|   -|            -|            -|    -|
    |   + ctr_encrypt_Pipeline_20                                   |     -|  0.00|        -|          -|         -|        -|     -|        no|        -|   -|    144 (~0%)|    158 (~0%)|    -|
    |    o Loop 1                                                   |     -|  7.30|        -|          -|         3|        1|     -|       yes|        -|   -|            -|            -|    -|
    |   + ctr_encrypt_Pipeline_22                                   |     -|  2.66|       14|    140.000|         -|       14|     -|        no|        -|   -|     11 (~0%)|     60 (~0%)|    -|
    |    o Loop 1                                                   |     -|  7.30|       12|    120.000|         2|        1|    12|       yes|        -|   -|            -|            -|    -|
    |   + ctr_encrypt_Pipeline_21                                   |     -|  0.00|        -|          -|         -|        -|     -|        no|        -|   -|    206 (~0%)|    158 (~0%)|    -|
    |    o Loop 1                                                   |     -|  7.30|        -|          -|         2|        1|     -|       yes|        -|   -|            -|            -|    -|
    |   + ctr_encrypt_Pipeline_loop_ctr_xor_block5                  |     -|  1.67|        -|          -|         -|        -|     -|        no|        -|   -|     12 (~0%)|     94 (~0%)|    -|
    |    o loop_ctr_xor_block                                       |     -|  7.30|        -|          -|         2|        1|     -|       yes|        -|   -|            -|            -|    -|
    |   + ctr_encrypt_Pipeline_24                                   |     -|  0.00|        -|          -|         -|        -|     -|        no|        -|   -|    144 (~0%)|    158 (~0%)|    -|
    |    o Loop 1                                                   |     -|  7.30|        -|          -|         3|        1|     -|       yes|        -|   -|            -|            -|    -|
    |   + ctr_encrypt_Pipeline_26                                   |     -|  2.66|       14|    140.000|         -|       14|     -|        no|        -|   -|     11 (~0%)|     60 (~0%)|    -|
    |    o Loop 1                                                   |     -|  7.30|       12|    120.000|         2|        1|    12|       yes|        -|   -|            -|            -|    -|
    |   + ctr_encrypt_Pipeline_25                                   |     -|  0.00|        -|          -|         -|        -|     -|        no|        -|   -|    206 (~0%)|    158 (~0%)|    -|
    |    o Loop 1                                                   |     -|  7.30|        -|          -|         2|        1|     -|       yes|        -|   -|            -|            -|    -|
    |   + ctr_encrypt_Pipeline_loop_ctr_xor_block6                  |     -|  1.67|        -|          -|         -|        -|     -|        no|        -|   -|     12 (~0%)|     94 (~0%)|    -|
    |    o loop_ctr_xor_block                                       |     -|  7.30|        -|          -|         2|        1|     -|       yes|        -|   -|            -|            -|    -|
    |   + ctr_encrypt_Pipeline_28                                   |     -|  0.00|        -|          -|         -|        -|     -|        no|        -|   -|    144 (~0%)|    158 (~0%)|    -|
    |    o Loop 1                                                   |     -|  7.30|        -|          -|         3|        1|     -|       yes|        -|   -|            -|            -|    -|
    |   + ctr_encrypt_Pipeline_30                                   |     -|  2.66|       14|    140.000|         -|       14|     -|        no|        -|   -|     11 (~0%)|     60 (~0%)|    -|
    |    o Loop 1                                                   |     -|  7.30|       12|    120.000|         2|        1|    12|       yes|        -|   -|            -|            -|    -|
    |   + ctr_encrypt_Pipeline_29                                   |     -|  0.00|        -|          -|         -|        -|     -|        no|        -|   -|    206 (~0%)|    158 (~0%)|    -|
    |    o Loop 1                                                   |     -|  7.30|        -|          -|         2|        1|     -|       yes|        -|   -|            -|            -|    -|
    |   + ctr_encrypt_Pipeline_loop_ctr_xor_block7                  |     -|  1.67|        -|          -|         -|        -|     -|        no|        -|   -|     12 (~0%)|     94 (~0%)|    -|
    |    o loop_ctr_xor_block                                       |     -|  7.30|        -|          -|         2|        1|     -|       yes|        -|   -|            -|            -|    -|
    |   + ctr_encrypt_Pipeline_32                                   |     -|  0.00|        -|          -|         -|        -|     -|        no|        -|   -|    144 (~0%)|    158 (~0%)|    -|
    |    o Loop 1                                                   |     -|  7.30|        -|          -|         3|        1|     -|       yes|        -|   -|            -|            -|    -|
    |   + ctr_encrypt_Pipeline_34                                   |     -|  2.66|       14|    140.000|         -|       14|     -|        no|        -|   -|     11 (~0%)|     60 (~0%)|    -|
    |    o Loop 1                                                   |     -|  7.30|       12|    120.000|         2|        1|    12|       yes|        -|   -|            -|            -|    -|
    |   + ctr_encrypt_Pipeline_33                                   |     -|  0.00|        -|          -|         -|        -|     -|        no|        -|   -|    206 (~0%)|    158 (~0%)|    -|
    |    o Loop 1                                                   |     -|  7.30|        -|          -|         2|        1|     -|       yes|        -|   -|            -|            -|    -|
    |   + ctr_encrypt_Pipeline_loop_ctr_xor_block8                  |     -|  1.67|        -|          -|         -|        -|     -|        no|        -|   -|     12 (~0%)|     94 (~0%)|    -|
    |    o loop_ctr_xor_block                                       |     -|  7.30|        -|          -|         2|        1|     -|       yes|        -|   -|            -|            -|    -|
    |   + ctr_encrypt_Pipeline_36                                   |     -|  0.00|        -|          -|         -|        -|     -|        no|        -|   -|    144 (~0%)|    158 (~0%)|    -|
    |    o Loop 1                                                   |     -|  7.30|        -|          -|         3|        1|     -|       yes|        -|   -|            -|            -|    -|
    |   + ctr_encrypt_Pipeline_38                                   |     -|  2.66|       14|    140.000|         -|       14|     -|        no|        -|   -|     11 (~0%)|     60 (~0%)|    -|
    |    o Loop 1                                                   |     -|  7.30|       12|    120.000|         2|        1|    12|       yes|        -|   -|            -|            -|    -|
    |   + ctr_encrypt_Pipeline_37                                   |     -|  0.00|        -|          -|         -|        -|     -|        no|        -|   -|    206 (~0%)|    158 (~0%)|    -|
    |    o Loop 1                                                   |     -|  7.30|        -|          -|         2|        1|     -|       yes|        -|   -|            -|            -|    -|
    |   + ctr_encrypt_Pipeline_loop_ctr_xor_block9                  |     -|  1.67|        -|          -|         -|        -|     -|        no|        -|   -|     12 (~0%)|     94 (~0%)|    -|
    |    o loop_ctr_xor_block                                       |     -|  7.30|        -|          -|         2|        1|     -|       yes|        -|   -|            -|            -|    -|
    |   + ctr_encrypt_Pipeline_40                                   |     -|  0.00|        -|          -|         -|        -|     -|        no|        -|   -|    144 (~0%)|    158 (~0%)|    -|
    |    o Loop 1                                                   |     -|  7.30|        -|          -|         3|        1|     -|       yes|        -|   -|            -|            -|    -|
    |   + ctr_encrypt_Pipeline_42                                   |     -|  2.66|       14|    140.000|         -|       14|     -|        no|        -|   -|     11 (~0%)|     60 (~0%)|    -|
    |    o Loop 1                                                   |     -|  7.30|       12|    120.000|         2|        1|    12|       yes|        -|   -|            -|            -|    -|
    |   + ctr_encrypt_Pipeline_41                                   |     -|  0.00|        -|          -|         -|        -|     -|        no|        -|   -|    206 (~0%)|    158 (~0%)|    -|
    |    o Loop 1                                                   |     -|  7.30|        -|          -|         2|        1|     -|       yes|        -|   -|            -|            -|    -|
    |   + ctr_encrypt_Pipeline_loop_ctr_xor_block10                 |     -|  1.67|        -|          -|         -|        -|     -|        no|        -|   -|     12 (~0%)|     94 (~0%)|    -|
    |    o loop_ctr_xor_block                                       |     -|  7.30|        -|          -|         2|        1|     -|       yes|        -|   -|            -|            -|    -|
    |   + ctr_encrypt_Pipeline_44                                   |     -|  0.00|        -|          -|         -|        -|     -|        no|        -|   -|    144 (~0%)|    158 (~0%)|    -|
    |    o Loop 1                                                   |     -|  7.30|        -|          -|         3|        1|     -|       yes|        -|   -|            -|            -|    -|
    |   + ctr_encrypt_Pipeline_46                                   |     -|  2.66|       14|    140.000|         -|       14|     -|        no|        -|   -|     11 (~0%)|     60 (~0%)|    -|
    |    o Loop 1                                                   |     -|  7.30|       12|    120.000|         2|        1|    12|       yes|        -|   -|            -|            -|    -|
    |   + ctr_encrypt_Pipeline_45                                   |     -|  0.00|        -|          -|         -|        -|     -|        no|        -|   -|    206 (~0%)|    158 (~0%)|    -|
    |    o Loop 1                                                   |     -|  7.30|        -|          -|         2|        1|     -|       yes|        -|   -|            -|            -|    -|
    |   + ctr_encrypt_Pipeline_loop_ctr_xor_block11                 |     -|  1.67|        -|          -|         -|        -|     -|        no|        -|   -|     12 (~0%)|     94 (~0%)|    -|
    |    o loop_ctr_xor_block                                       |     -|  7.30|        -|          -|         2|        1|     -|       yes|        -|   -|            -|            -|    -|
    |   + ctr_encrypt_Pipeline_48                                   |     -|  0.00|        -|          -|         -|        -|     -|        no|        -|   -|    144 (~0%)|    158 (~0%)|    -|
    |    o Loop 1                                                   |     -|  7.30|        -|          -|         3|        1|     -|       yes|        -|   -|            -|            -|    -|
    |   + ctr_encrypt_Pipeline_50                                   |     -|  2.66|       14|    140.000|         -|       14|     -|        no|        -|   -|     11 (~0%)|     60 (~0%)|    -|
    |    o Loop 1                                                   |     -|  7.30|       12|    120.000|         2|        1|    12|       yes|        -|   -|            -|            -|    -|
    |   + ctr_encrypt_Pipeline_49                                   |     -|  0.00|        -|          -|         -|        -|     -|        no|        -|   -|    206 (~0%)|    158 (~0%)|    -|
    |    o Loop 1                                                   |     -|  7.30|        -|          -|         2|        1|     -|       yes|        -|   -|            -|            -|    -|
    |   + ctr_encrypt_Pipeline_loop_ctr_xor_block12                 |     -|  1.67|        -|          -|         -|        -|     -|        no|        -|   -|     12 (~0%)|     94 (~0%)|    -|
    |    o loop_ctr_xor_block                                       |     -|  7.30|        -|          -|         2|        1|     -|       yes|        -|   -|            -|            -|    -|
    |   + ctr_encrypt_Pipeline_52                                   |     -|  0.00|        -|          -|         -|        -|     -|        no|        -|   -|    144 (~0%)|    158 (~0%)|    -|
    |    o Loop 1                                                   |     -|  7.30|        -|          -|         3|        1|     -|       yes|        -|   -|            -|            -|    -|
    |   + ctr_encrypt_Pipeline_54                                   |     -|  2.66|       14|    140.000|         -|       14|     -|        no|        -|   -|     11 (~0%)|     60 (~0%)|    -|
    |    o Loop 1                                                   |     -|  7.30|       12|    120.000|         2|        1|    12|       yes|        -|   -|            -|            -|    -|
    |   + ctr_encrypt_Pipeline_53                                   |     -|  0.00|        -|          -|         -|        -|     -|        no|        -|   -|    206 (~0%)|    158 (~0%)|    -|
    |    o Loop 1                                                   |     -|  7.30|        -|          -|         2|        1|     -|       yes|        -|   -|            -|            -|    -|
    |   + ctr_encrypt_Pipeline_loop_ctr_xor_block13                 |     -|  1.67|        -|          -|         -|        -|     -|        no|        -|   -|     12 (~0%)|     94 (~0%)|    -|
    |    o loop_ctr_xor_block                                       |     -|  7.30|        -|          -|         2|        1|     -|       yes|        -|   -|            -|            -|    -|
    |   + ctr_encrypt_Pipeline_56                                   |     -|  0.00|        -|          -|         -|        -|     -|        no|        -|   -|    144 (~0%)|    158 (~0%)|    -|
    |    o Loop 1                                                   |     -|  7.30|        -|          -|         3|        1|     -|       yes|        -|   -|            -|            -|    -|
    |   + ctr_encrypt_Pipeline_58                                   |     -|  2.66|       14|    140.000|         -|       14|     -|        no|        -|   -|     11 (~0%)|     60 (~0%)|    -|
    |    o Loop 1                                                   |     -|  7.30|       12|    120.000|         2|        1|    12|       yes|        -|   -|            -|            -|    -|
    |   + ctr_encrypt_Pipeline_57                                   |     -|  0.00|        -|          -|         -|        -|     -|        no|        -|   -|    206 (~0%)|    158 (~0%)|    -|
    |    o Loop 1                                                   |     -|  7.30|        -|          -|         2|        1|     -|       yes|        -|   -|            -|            -|    -|
    |   + ctr_encrypt_Pipeline_loop_ctr_xor_block14                 |     -|  1.67|        -|          -|         -|        -|     -|        no|        -|   -|     12 (~0%)|     94 (~0%)|    -|
    |    o loop_ctr_xor_block                                       |     -|  7.30|        -|          -|         2|        1|     -|       yes|        -|   -|            -|            -|    -|
    |   + ctr_encrypt_Pipeline_60                                   |     -|  0.00|        -|          -|         -|        -|     -|        no|        -|   -|    144 (~0%)|    158 (~0%)|    -|
    |    o Loop 1                                                   |     -|  7.30|        -|          -|         3|        1|     -|       yes|        -|   -|            -|            -|    -|
    |   + ctr_encrypt_Pipeline_62                                   |     -|  2.66|       14|    140.000|         -|       14|     -|        no|        -|   -|     11 (~0%)|     60 (~0%)|    -|
    |    o Loop 1                                                   |     -|  7.30|       12|    120.000|         2|        1|    12|       yes|        -|   -|            -|            -|    -|
    |   + ctr_encrypt_Pipeline_61                                   |     -|  0.00|        -|          -|         -|        -|     -|        no|        -|   -|    206 (~0%)|    158 (~0%)|    -|
    |    o Loop 1                                                   |     -|  7.30|        -|          -|         2|        1|     -|       yes|        -|   -|            -|            -|    -|
    |   + ctr_encrypt_Pipeline_loop_ctr_xor_block15                 |     -|  1.67|        -|          -|         -|        -|     -|        no|        -|   -|     12 (~0%)|     94 (~0%)|    -|
    |    o loop_ctr_xor_block                                       |     -|  7.30|        -|          -|         2|        1|     -|       yes|        -|   -|            -|            -|    -|
    |   + ctr_encrypt_Pipeline_64                                   |     -|  0.00|        -|          -|         -|        -|     -|        no|        -|   -|    144 (~0%)|    158 (~0%)|    -|
    |    o Loop 1                                                   |     -|  7.30|        -|          -|         3|        1|     -|       yes|        -|   -|            -|            -|    -|
    +---------------------------------------------------------------+------+------+---------+-----------+----------+---------+------+----------+---------+----+-------------+-------------+-----+


================================================================
== HW Interfaces
================================================================
* M_AXI
+------------+------------+---------------+---------+--------+----------+-----------+--------------+--------------+-------------+-------------+
| Interface  | Data Width | Address Width | Latency | Offset | Register | Max Widen | Max Read     | Max Write    | Num Read    | Num Write   |
|            | (SW->HW)   |               |         |        |          | Bitwidth  | Burst Length | Burst Length | Outstanding | Outstanding |
+------------+------------+---------------+---------+--------+----------+-----------+--------------+--------------+-------------+-------------+
| m_axi_gmem | 8 -> 8     | 64            | 0       | slave  | 0        | 0         | 16           | 16           | 16          | 16          |
+------------+------------+---------------+---------+--------+----------+-----------+--------------+--------------+-------------+-------------+

* S_AXILITE Interfaces
+---------------+------------+---------------+--------+----------+
| Interface     | Data Width | Address Width | Offset | Register |
+---------------+------------+---------------+--------+----------+
| s_axi_control | 32         | 7             | 16     | 0        |
+---------------+------------+---------------+--------+----------+

* S_AXILITE Registers
+---------------+--------------------+--------+-------+--------+----------------------------------+----------------------------------------------------------------------+
| Interface     | Register           | Offset | Width | Access | Description                      | Bit Fields                                                           |
+---------------+--------------------+--------+-------+--------+----------------------------------+----------------------------------------------------------------------+
| s_axi_control | CTRL               | 0x00   | 32    | RW     | Control signals                  | 0=AP_START 1=AP_DONE 2=AP_IDLE 3=AP_READY 7=AUTO_RESTART 9=INTERRUPT |
| s_axi_control | GIER               | 0x04   | 32    | RW     | Global Interrupt Enable Register | 0=Enable                                                             |
| s_axi_control | IP_IER             | 0x08   | 32    | RW     | IP Interrupt Enable Register     | 0=CHAN0_INT_EN 1=CHAN1_INT_EN                                        |
| s_axi_control | IP_ISR             | 0x0c   | 32    | RW     | IP Interrupt Status Register     | 0=CHAN0_INT_ST 1=CHAN1_INT_ST                                        |
| s_axi_control | plaintext_length_1 | 0x30   | 32    | W      | Data signal of plaintext_length  |                                                                      |
| s_axi_control | plaintext_length_2 | 0x34   | 32    | W      | Data signal of plaintext_length  |                                                                      |
| s_axi_control | plaintext_1        | 0x3c   | 32    | W      | Data signal of plaintext         |                                                                      |
| s_axi_control | plaintext_2        | 0x40   | 32    | W      | Data signal of plaintext         |                                                                      |
| s_axi_control | ciphertext_1       | 0x48   | 32    | W      | Data signal of ciphertext        |                                                                      |
| s_axi_control | ciphertext_2       | 0x4c   | 32    | W      | Data signal of ciphertext        |                                                                      |
+---------------+--------------------+--------+-------+--------+----------------------------------+----------------------------------------------------------------------+

* TOP LEVEL CONTROL
+-----------+------------+-----------+
| Interface | Type       | Ports     |
+-----------+------------+-----------+
| ap_clk    | clock      | ap_clk    |
| ap_rst_n  | reset      | ap_rst_n  |
| interrupt | interrupt  | interrupt |
| ap_ctrl   | ap_ctrl_hs |           |
+-----------+------------+-----------+


================================================================
== SW I/O Information
================================================================
* Top Function Arguments
+------------------+-----------+-------------------+
| Argument         | Direction | Datatype          |
+------------------+-----------+-------------------+
| key              | in        | unsigned char*    |
| nonce            | in        | unsigned char*    |
| plaintext_length | in        | long unsigned int |
| plaintext        | inout     | unsigned char*    |
| ciphertext       | inout     | unsigned char*    |
+------------------+-----------+-------------------+

* SW-to-HW Mapping
+------------------+---------------+-----------+----------+----------------------------------------------+
| Argument         | HW Interface  | HW Type   | HW Usage | HW Info                                      |
+------------------+---------------+-----------+----------+----------------------------------------------+
| key              | s_axi_control | memory    |          | name=key offset=16 range=16                  |
| nonce            | s_axi_control | memory    |          | name=nonce offset=32 range=16                |
| plaintext_length | s_axi_control | register  |          | name=plaintext_length_1 offset=0x30 range=32 |
| plaintext_length | s_axi_control | register  |          | name=plaintext_length_2 offset=0x34 range=32 |
| plaintext        | m_axi_gmem    | interface |          |                                              |
| plaintext        | s_axi_control | register  | offset   | name=plaintext_1 offset=0x3c range=32        |
| plaintext        | s_axi_control | register  | offset   | name=plaintext_2 offset=0x40 range=32        |
| ciphertext       | m_axi_gmem    | interface |          |                                              |
| ciphertext       | s_axi_control | register  | offset   | name=ciphertext_1 offset=0x48 range=32       |
| ciphertext       | s_axi_control | register  | offset   | name=ciphertext_2 offset=0x4c range=32       |
+------------------+---------------+-----------+----------+----------------------------------------------+


================================================================
== M_AXI Burst Information
================================================================
 Note: All burst requests might be further partitioned into multiple requests during RTL generation based on max_read_burst_length or max_write_burst_length settings.

  No burst in design

================================================================
== Bind Op Report
================================================================
+---------------------------------------------------------------+-----+--------+-------------+-----+--------+---------+
| Name                                                          | DSP | Pragma | Variable    | Op  | Impl   | Latency |
+---------------------------------------------------------------+-----+--------+-------------+-----+--------+---------+
| + pynqrypt_encrypt                                            | 0   |        |             |     |        |         |
|  + pynqrypt_encrypt_Pipeline_1                                | 0   |        |             |     |        |         |
|    empty_26_fu_85_p2                                          | -   |        | empty_26    | add | fabric | 0       |
|  + pynqrypt_encrypt_Pipeline_2                                | 0   |        |             |     |        |         |
|    empty_25_fu_85_p2                                          | -   |        | empty_25    | add | fabric | 0       |
|  + aes_generate_round_keys                                    | 0   |        |             |     |        |         |
|   + aes_generate_round_keys_Pipeline_1                        | 0   |        |             |     |        |         |
|     empty_122_fu_71_p2                                        | -   |        | empty_122   | add | fabric | 0       |
|   + aes_generate_round_keys_Pipeline_loop_generate_round_keys | 0   |        |             |     |        |         |
|     add_ln213_fu_454_p2                                       | -   |        | add_ln213   | add | fabric | 0       |
|     add_ln213_1_fu_465_p2                                     | -   |        | add_ln213_1 | add | fabric | 0       |
|     add_ln213_2_fu_497_p2                                     | -   |        | add_ln213_2 | add | fabric | 0       |
|     add_ln213_3_fu_507_p2                                     | -   |        | add_ln213_3 | add | fabric | 0       |
|     add_ln217_fu_486_p2                                       | -   |        | add_ln217   | add | fabric | 0       |
|     add_ln219_fu_527_p2                                       | -   |        | add_ln219   | add | fabric | 0       |
|     add_ln219_1_fu_537_p2                                     | -   |        | add_ln219_1 | add | fabric | 0       |
|     add_ln219_2_fu_551_p2                                     | -   |        | add_ln219_2 | add | fabric | 0       |
|     add_ln219_3_fu_561_p2                                     | -   |        | add_ln219_3 | add | fabric | 0       |
|     add_ln222_fu_597_p2                                       | -   |        | add_ln222   | add | fabric | 0       |
|     add_ln222_1_fu_607_p2                                     | -   |        | add_ln222_1 | add | fabric | 0       |
|     add_ln222_2_fu_623_p2                                     | -   |        | add_ln222_2 | add | fabric | 0       |
|     add_ln222_3_fu_633_p2                                     | -   |        | add_ln222_3 | add | fabric | 0       |
|     add_ln225_fu_643_p2                                       | -   |        | add_ln225   | add | fabric | 0       |
|     add_ln225_1_fu_653_p2                                     | -   |        | add_ln225_1 | add | fabric | 0       |
|     add_ln225_2_fu_663_p2                                     | -   |        | add_ln225_2 | add | fabric | 0       |
|     add_ln225_3_fu_673_p2                                     | -   |        | add_ln225_3 | add | fabric | 0       |
|     add_ln212_fu_889_p2                                       | -   |        | add_ln212   | add | fabric | 0       |
|  + ctr_encrypt                                                | 0   |        |             |     |        |         |
|    sub_ln23_fu_1314_p2                                        | -   |        | sub_ln23    | sub | fabric | 0       |
|    sub_ln23_1_fu_1320_p2                                      | -   |        | sub_ln23_1  | sub | fabric | 0       |
|    sub_ln23_2_fu_1326_p2                                      | -   |        | sub_ln23_2  | sub | fabric | 0       |
|    sub_ln23_3_fu_1332_p2                                      | -   |        | sub_ln23_3  | sub | fabric | 0       |
|    sub_ln23_4_fu_1338_p2                                      | -   |        | sub_ln23_4  | sub | fabric | 0       |
|    sub_ln23_5_fu_1344_p2                                      | -   |        | sub_ln23_5  | sub | fabric | 0       |
|    sub_ln23_6_fu_1350_p2                                      | -   |        | sub_ln23_6  | sub | fabric | 0       |
|    sub_ln23_7_fu_1356_p2                                      | -   |        | sub_ln23_7  | sub | fabric | 0       |
|    sub_ln23_8_fu_1362_p2                                      | -   |        | sub_ln23_8  | sub | fabric | 0       |
|    sub_ln23_9_fu_1368_p2                                      | -   |        | sub_ln23_9  | sub | fabric | 0       |
|    sub_ln23_10_fu_1374_p2                                     | -   |        | sub_ln23_10 | sub | fabric | 0       |
|    sub_ln23_11_fu_1380_p2                                     | -   |        | sub_ln23_11 | sub | fabric | 0       |
|    sub_ln23_12_fu_1386_p2                                     | -   |        | sub_ln23_12 | sub | fabric | 0       |
|    sub_ln23_13_fu_1392_p2                                     | -   |        | sub_ln23_13 | sub | fabric | 0       |
|    sub_ln23_14_fu_1398_p2                                     | -   |        | sub_ln23_14 | sub | fabric | 0       |
|    add_ln24_fu_1567_p2                                        | -   |        | add_ln24    | add | fabric | 0       |
|    add_ln24_48_fu_1578_p2                                     | -   |        | add_ln24_48 | add | fabric | 0       |
|    add_ln24_1_fu_2382_p2                                      | -   |        | add_ln24_1  | add | fabric | 0       |
|    add_ln24_2_fu_2387_p2                                      | -   |        | add_ln24_2  | add | fabric | 0       |
|    add_ln24_3_fu_1597_p2                                      | -   |        | add_ln24_3  | add | fabric | 0       |
|    add_ln24_49_fu_1608_p2                                     | -   |        | add_ln24_49 | add | fabric | 0       |
|    add_ln24_4_fu_2397_p2                                      | -   |        | add_ln24_4  | add | fabric | 0       |
|    add_ln24_5_fu_2402_p2                                      | -   |        | add_ln24_5  | add | fabric | 0       |
|    add_ln24_6_fu_1627_p2                                      | -   |        | add_ln24_6  | add | fabric | 0       |
|    add_ln24_50_fu_1638_p2                                     | -   |        | add_ln24_50 | add | fabric | 0       |
|    add_ln24_7_fu_2412_p2                                      | -   |        | add_ln24_7  | add | fabric | 0       |
|    add_ln24_8_fu_2417_p2                                      | -   |        | add_ln24_8  | add | fabric | 0       |
|    add_ln24_9_fu_1657_p2                                      | -   |        | add_ln24_9  | add | fabric | 0       |
|    add_ln24_51_fu_1668_p2                                     | -   |        | add_ln24_51 | add | fabric | 0       |
|    add_ln24_10_fu_2427_p2                                     | -   |        | add_ln24_10 | add | fabric | 0       |
|    add_ln24_11_fu_2432_p2                                     | -   |        | add_ln24_11 | add | fabric | 0       |
|    add_ln24_12_fu_1687_p2                                     | -   |        | add_ln24_12 | add | fabric | 0       |
|    add_ln24_52_fu_1698_p2                                     | -   |        | add_ln24_52 | add | fabric | 0       |
|    add_ln24_13_fu_2442_p2                                     | -   |        | add_ln24_13 | add | fabric | 0       |
|    add_ln24_14_fu_2447_p2                                     | -   |        | add_ln24_14 | add | fabric | 0       |
|    add_ln24_15_fu_1717_p2                                     | -   |        | add_ln24_15 | add | fabric | 0       |
|    add_ln24_53_fu_1728_p2                                     | -   |        | add_ln24_53 | add | fabric | 0       |
|    add_ln24_16_fu_2457_p2                                     | -   |        | add_ln24_16 | add | fabric | 0       |
|    add_ln24_17_fu_2462_p2                                     | -   |        | add_ln24_17 | add | fabric | 0       |
|    add_ln24_18_fu_1747_p2                                     | -   |        | add_ln24_18 | add | fabric | 0       |
|    add_ln24_54_fu_1758_p2                                     | -   |        | add_ln24_54 | add | fabric | 0       |
|    add_ln24_19_fu_2472_p2                                     | -   |        | add_ln24_19 | add | fabric | 0       |
|    add_ln24_20_fu_2477_p2                                     | -   |        | add_ln24_20 | add | fabric | 0       |
|    add_ln24_21_fu_1777_p2                                     | -   |        | add_ln24_21 | add | fabric | 0       |
|    add_ln24_55_fu_1788_p2                                     | -   |        | add_ln24_55 | add | fabric | 0       |
|    add_ln24_22_fu_2487_p2                                     | -   |        | add_ln24_22 | add | fabric | 0       |
|    add_ln24_23_fu_2492_p2                                     | -   |        | add_ln24_23 | add | fabric | 0       |
|    add_ln24_24_fu_1807_p2                                     | -   |        | add_ln24_24 | add | fabric | 0       |
|    add_ln24_56_fu_1818_p2                                     | -   |        | add_ln24_56 | add | fabric | 0       |
|    add_ln24_25_fu_2502_p2                                     | -   |        | add_ln24_25 | add | fabric | 0       |
|    add_ln24_26_fu_2507_p2                                     | -   |        | add_ln24_26 | add | fabric | 0       |
|    add_ln24_27_fu_1837_p2                                     | -   |        | add_ln24_27 | add | fabric | 0       |
|    add_ln24_57_fu_1848_p2                                     | -   |        | add_ln24_57 | add | fabric | 0       |
|    add_ln24_28_fu_2517_p2                                     | -   |        | add_ln24_28 | add | fabric | 0       |
|    add_ln24_29_fu_2522_p2                                     | -   |        | add_ln24_29 | add | fabric | 0       |
|    add_ln24_30_fu_1867_p2                                     | -   |        | add_ln24_30 | add | fabric | 0       |
|    add_ln24_58_fu_1878_p2                                     | -   |        | add_ln24_58 | add | fabric | 0       |
|    add_ln24_31_fu_2532_p2                                     | -   |        | add_ln24_31 | add | fabric | 0       |
|    add_ln24_32_fu_2537_p2                                     | -   |        | add_ln24_32 | add | fabric | 0       |
|    add_ln24_33_fu_1897_p2                                     | -   |        | add_ln24_33 | add | fabric | 0       |
|    add_ln24_59_fu_1908_p2                                     | -   |        | add_ln24_59 | add | fabric | 0       |
|    add_ln24_34_fu_2547_p2                                     | -   |        | add_ln24_34 | add | fabric | 0       |
|    add_ln24_35_fu_2552_p2                                     | -   |        | add_ln24_35 | add | fabric | 0       |
|    add_ln24_36_fu_1927_p2                                     | -   |        | add_ln24_36 | add | fabric | 0       |
|    add_ln24_60_fu_1938_p2                                     | -   |        | add_ln24_60 | add | fabric | 0       |
|    add_ln24_37_fu_2562_p2                                     | -   |        | add_ln24_37 | add | fabric | 0       |
|    add_ln24_38_fu_2567_p2                                     | -   |        | add_ln24_38 | add | fabric | 0       |
|    add_ln24_39_fu_1957_p2                                     | -   |        | add_ln24_39 | add | fabric | 0       |
|    add_ln24_61_fu_1968_p2                                     | -   |        | add_ln24_61 | add | fabric | 0       |
|    add_ln24_40_fu_2577_p2                                     | -   |        | add_ln24_40 | add | fabric | 0       |
|    add_ln24_41_fu_2582_p2                                     | -   |        | add_ln24_41 | add | fabric | 0       |
|    add_ln24_42_fu_1987_p2                                     | -   |        | add_ln24_42 | add | fabric | 0       |
|    add_ln24_62_fu_1998_p2                                     | -   |        | add_ln24_62 | add | fabric | 0       |
|    add_ln24_43_fu_2592_p2                                     | -   |        | add_ln24_43 | add | fabric | 0       |
|    add_ln24_44_fu_2597_p2                                     | -   |        | add_ln24_44 | add | fabric | 0       |
|    add_ln24_45_fu_2017_p2                                     | -   |        | add_ln24_45 | add | fabric | 0       |
|    add_ln24_63_fu_2028_p2                                     | -   |        | add_ln24_63 | add | fabric | 0       |
|    add_ln24_46_fu_2602_p2                                     | -   |        | add_ln24_46 | add | fabric | 0       |
|    add_ln24_47_fu_2047_p2                                     | -   |        | add_ln24_47 | add | fabric | 0       |
|    i_45_fu_2958_p2                                            | -   |        | i_45        | add | fabric | 0       |
|    add_ln23_fu_2963_p2                                        | -   |        | add_ln23    | add | fabric | 0       |
|    add_ln23_1_fu_2969_p2                                      | -   |        | add_ln23_1  | add | fabric | 0       |
|    add_ln23_2_fu_2975_p2                                      | -   |        | add_ln23_2  | add | fabric | 0       |
|    add_ln23_3_fu_2981_p2                                      | -   |        | add_ln23_3  | add | fabric | 0       |
|    add_ln23_4_fu_2987_p2                                      | -   |        | add_ln23_4  | add | fabric | 0       |
|    add_ln23_5_fu_2993_p2                                      | -   |        | add_ln23_5  | add | fabric | 0       |
|    add_ln23_6_fu_2999_p2                                      | -   |        | add_ln23_6  | add | fabric | 0       |
|    add_ln23_7_fu_3005_p2                                      | -   |        | add_ln23_7  | add | fabric | 0       |
|    add_ln23_8_fu_3011_p2                                      | -   |        | add_ln23_8  | add | fabric | 0       |
|    add_ln23_9_fu_3017_p2                                      | -   |        | add_ln23_9  | add | fabric | 0       |
|    add_ln23_10_fu_3023_p2                                     | -   |        | add_ln23_10 | add | fabric | 0       |
|    add_ln23_11_fu_3029_p2                                     | -   |        | add_ln23_11 | add | fabric | 0       |
|    add_ln23_12_fu_3035_p2                                     | -   |        | add_ln23_12 | add | fabric | 0       |
|    add_ln23_13_fu_3041_p2                                     | -   |        | add_ln23_13 | add | fabric | 0       |
|    add_ln23_14_fu_3047_p2                                     | -   |        | add_ln23_14 | add | fabric | 0       |
|    add_ln23_15_fu_3053_p2                                     | -   |        | add_ln23_15 | add | fabric | 0       |
|   + ctr_encrypt_Pipeline_1                                    | 0   |        |             |     |        |         |
|     empty_fu_92_p2                                            | -   |        | empty       | add | fabric | 0       |
|   + ctr_encrypt_Pipeline_2                                    | 0   |        |             |     |        |         |
|     empty_66_fu_71_p2                                         | -   |        | empty_66    | add | fabric | 0       |
|   + aes_encrypt_block                                         | 0   |        |             |     |        |         |
|    + aes_encrypt_block_Pipeline_loop_aes_encrypt_block        | 0   |        |             |     |        |         |
|      add_ln59_fu_799_p2                                       | -   |        | add_ln59    | add | fabric | 0       |
|    + aes_encrypt_block_Pipeline_2                             | 0   |        |             |     |        |         |
|      empty_124_fu_71_p2                                       | -   |        | empty_124   | add | fabric | 0       |
|   + ctr_encrypt_Pipeline_loop_ctr_xor_block                   | 0   |        |             |     |        |         |
|     i_28_fu_88_p2                                             | -   |        | i_28        | add | fabric | 0       |
|   + ctr_encrypt_Pipeline_4                                    | 0   |        |             |     |        |         |
|     empty_fu_97_p2                                            | -   |        | empty       | add | fabric | 0       |
|   + ctr_encrypt_Pipeline_6                                    | 0   |        |             |     |        |         |
|     empty_33_fu_71_p2                                         | -   |        | empty_33    | add | fabric | 0       |
|   + ctr_encrypt_Pipeline_5                                    | 0   |        |             |     |        |         |
|     empty_fu_92_p2                                            | -   |        | empty       | add | fabric | 0       |
|   + ctr_encrypt_Pipeline_loop_ctr_xor_block1                  | 0   |        |             |     |        |         |
|     i_27_fu_88_p2                                             | -   |        | i_27        | add | fabric | 0       |
|   + ctr_encrypt_Pipeline_8                                    | 0   |        |             |     |        |         |
|     empty_fu_97_p2                                            | -   |        | empty       | add | fabric | 0       |
|   + ctr_encrypt_Pipeline_10                                   | 0   |        |             |     |        |         |
|     empty_73_fu_71_p2                                         | -   |        | empty_73    | add | fabric | 0       |
|   + ctr_encrypt_Pipeline_9                                    | 0   |        |             |     |        |         |
|     empty_fu_92_p2                                            | -   |        | empty       | add | fabric | 0       |
|   + ctr_encrypt_Pipeline_loop_ctr_xor_block2                  | 0   |        |             |     |        |         |
|     i_14_fu_88_p2                                             | -   |        | i_14        | add | fabric | 0       |
|   + ctr_encrypt_Pipeline_12                                   | 0   |        |             |     |        |         |
|     empty_fu_97_p2                                            | -   |        | empty       | add | fabric | 0       |
|   + ctr_encrypt_Pipeline_14                                   | 0   |        |             |     |        |         |
|     empty_70_fu_71_p2                                         | -   |        | empty_70    | add | fabric | 0       |
|   + ctr_encrypt_Pipeline_13                                   | 0   |        |             |     |        |         |
|     empty_fu_92_p2                                            | -   |        | empty       | add | fabric | 0       |
|   + ctr_encrypt_Pipeline_loop_ctr_xor_block3                  | 0   |        |             |     |        |         |
|     i_13_fu_88_p2                                             | -   |        | i_13        | add | fabric | 0       |
|   + ctr_encrypt_Pipeline_16                                   | 0   |        |             |     |        |         |
|     empty_fu_97_p2                                            | -   |        | empty       | add | fabric | 0       |
|   + ctr_encrypt_Pipeline_18                                   | 0   |        |             |     |        |         |
|     empty_67_fu_71_p2                                         | -   |        | empty_67    | add | fabric | 0       |
|   + ctr_encrypt_Pipeline_17                                   | 0   |        |             |     |        |         |
|     empty_fu_92_p2                                            | -   |        | empty       | add | fabric | 0       |
|   + ctr_encrypt_Pipeline_loop_ctr_xor_block4                  | 0   |        |             |     |        |         |
|     i_12_fu_88_p2                                             | -   |        | i_12        | add | fabric | 0       |
|   + ctr_encrypt_Pipeline_20                                   | 0   |        |             |     |        |         |
|     empty_fu_97_p2                                            | -   |        | empty       | add | fabric | 0       |
|   + ctr_encrypt_Pipeline_22                                   | 0   |        |             |     |        |         |
|     empty_63_fu_71_p2                                         | -   |        | empty_63    | add | fabric | 0       |
|   + ctr_encrypt_Pipeline_21                                   | 0   |        |             |     |        |         |
|     empty_fu_92_p2                                            | -   |        | empty       | add | fabric | 0       |
|   + ctr_encrypt_Pipeline_loop_ctr_xor_block5                  | 0   |        |             |     |        |         |
|     i_10_fu_88_p2                                             | -   |        | i_10        | add | fabric | 0       |
|   + ctr_encrypt_Pipeline_24                                   | 0   |        |             |     |        |         |
|     empty_fu_97_p2                                            | -   |        | empty       | add | fabric | 0       |
|   + ctr_encrypt_Pipeline_26                                   | 0   |        |             |     |        |         |
|     empty_60_fu_71_p2                                         | -   |        | empty_60    | add | fabric | 0       |
|   + ctr_encrypt_Pipeline_25                                   | 0   |        |             |     |        |         |
|     empty_fu_92_p2                                            | -   |        | empty       | add | fabric | 0       |
|   + ctr_encrypt_Pipeline_loop_ctr_xor_block6                  | 0   |        |             |     |        |         |
|     i_8_fu_88_p2                                              | -   |        | i_8         | add | fabric | 0       |
|   + ctr_encrypt_Pipeline_28                                   | 0   |        |             |     |        |         |
|     empty_fu_97_p2                                            | -   |        | empty       | add | fabric | 0       |
|   + ctr_encrypt_Pipeline_30                                   | 0   |        |             |     |        |         |
|     empty_57_fu_71_p2                                         | -   |        | empty_57    | add | fabric | 0       |
|   + ctr_encrypt_Pipeline_29                                   | 0   |        |             |     |        |         |
|     empty_fu_92_p2                                            | -   |        | empty       | add | fabric | 0       |
|   + ctr_encrypt_Pipeline_loop_ctr_xor_block7                  | 0   |        |             |     |        |         |
|     i_6_fu_88_p2                                              | -   |        | i_6         | add | fabric | 0       |
|   + ctr_encrypt_Pipeline_32                                   | 0   |        |             |     |        |         |
|     empty_fu_97_p2                                            | -   |        | empty       | add | fabric | 0       |
|   + ctr_encrypt_Pipeline_34                                   | 0   |        |             |     |        |         |
|     empty_54_fu_71_p2                                         | -   |        | empty_54    | add | fabric | 0       |
|   + ctr_encrypt_Pipeline_33                                   | 0   |        |             |     |        |         |
|     empty_fu_92_p2                                            | -   |        | empty       | add | fabric | 0       |
|   + ctr_encrypt_Pipeline_loop_ctr_xor_block8                  | 0   |        |             |     |        |         |
|     i_4_fu_88_p2                                              | -   |        | i_4         | add | fabric | 0       |
|   + ctr_encrypt_Pipeline_36                                   | 0   |        |             |     |        |         |
|     empty_fu_97_p2                                            | -   |        | empty       | add | fabric | 0       |
|   + ctr_encrypt_Pipeline_38                                   | 0   |        |             |     |        |         |
|     empty_51_fu_71_p2                                         | -   |        | empty_51    | add | fabric | 0       |
|   + ctr_encrypt_Pipeline_37                                   | 0   |        |             |     |        |         |
|     empty_fu_92_p2                                            | -   |        | empty       | add | fabric | 0       |
|   + ctr_encrypt_Pipeline_loop_ctr_xor_block9                  | 0   |        |             |     |        |         |
|     i_2_fu_88_p2                                              | -   |        | i_2         | add | fabric | 0       |
|   + ctr_encrypt_Pipeline_40                                   | 0   |        |             |     |        |         |
|     empty_fu_97_p2                                            | -   |        | empty       | add | fabric | 0       |
|   + ctr_encrypt_Pipeline_42                                   | 0   |        |             |     |        |         |
|     empty_47_fu_71_p2                                         | -   |        | empty_47    | add | fabric | 0       |
|   + ctr_encrypt_Pipeline_41                                   | 0   |        |             |     |        |         |
|     empty_fu_92_p2                                            | -   |        | empty       | add | fabric | 0       |
|   + ctr_encrypt_Pipeline_loop_ctr_xor_block10                 | 0   |        |             |     |        |         |
|     i_26_fu_88_p2                                             | -   |        | i_26        | add | fabric | 0       |
|   + ctr_encrypt_Pipeline_44                                   | 0   |        |             |     |        |         |
|     empty_fu_97_p2                                            | -   |        | empty       | add | fabric | 0       |
|   + ctr_encrypt_Pipeline_46                                   | 0   |        |             |     |        |         |
|     empty_44_fu_71_p2                                         | -   |        | empty_44    | add | fabric | 0       |
|   + ctr_encrypt_Pipeline_45                                   | 0   |        |             |     |        |         |
|     empty_fu_92_p2                                            | -   |        | empty       | add | fabric | 0       |
|   + ctr_encrypt_Pipeline_loop_ctr_xor_block11                 | 0   |        |             |     |        |         |
|     i_24_fu_88_p2                                             | -   |        | i_24        | add | fabric | 0       |
|   + ctr_encrypt_Pipeline_48                                   | 0   |        |             |     |        |         |
|     empty_fu_97_p2                                            | -   |        | empty       | add | fabric | 0       |
|   + ctr_encrypt_Pipeline_50                                   | 0   |        |             |     |        |         |
|     empty_40_fu_71_p2                                         | -   |        | empty_40    | add | fabric | 0       |
|   + ctr_encrypt_Pipeline_49                                   | 0   |        |             |     |        |         |
|     empty_fu_92_p2                                            | -   |        | empty       | add | fabric | 0       |
|   + ctr_encrypt_Pipeline_loop_ctr_xor_block12                 | 0   |        |             |     |        |         |
|     i_22_fu_88_p2                                             | -   |        | i_22        | add | fabric | 0       |
|   + ctr_encrypt_Pipeline_52                                   | 0   |        |             |     |        |         |
|     empty_fu_97_p2                                            | -   |        | empty       | add | fabric | 0       |
|   + ctr_encrypt_Pipeline_54                                   | 0   |        |             |     |        |         |
|     empty_37_fu_71_p2                                         | -   |        | empty_37    | add | fabric | 0       |
|   + ctr_encrypt_Pipeline_53                                   | 0   |        |             |     |        |         |
|     empty_fu_92_p2                                            | -   |        | empty       | add | fabric | 0       |
|   + ctr_encrypt_Pipeline_loop_ctr_xor_block13                 | 0   |        |             |     |        |         |
|     i_20_fu_88_p2                                             | -   |        | i_20        | add | fabric | 0       |
|   + ctr_encrypt_Pipeline_56                                   | 0   |        |             |     |        |         |
|     empty_fu_97_p2                                            | -   |        | empty       | add | fabric | 0       |
|   + ctr_encrypt_Pipeline_58                                   | 0   |        |             |     |        |         |
|     empty_34_fu_71_p2                                         | -   |        | empty_34    | add | fabric | 0       |
|   + ctr_encrypt_Pipeline_57                                   | 0   |        |             |     |        |         |
|     empty_fu_92_p2                                            | -   |        | empty       | add | fabric | 0       |
|   + ctr_encrypt_Pipeline_loop_ctr_xor_block14                 | 0   |        |             |     |        |         |
|     i_18_fu_88_p2                                             | -   |        | i_18        | add | fabric | 0       |
|   + ctr_encrypt_Pipeline_60                                   | 0   |        |             |     |        |         |
|     empty_fu_97_p2                                            | -   |        | empty       | add | fabric | 0       |
|   + ctr_encrypt_Pipeline_62                                   | 0   |        |             |     |        |         |
|     empty_30_fu_71_p2                                         | -   |        | empty_30    | add | fabric | 0       |
|   + ctr_encrypt_Pipeline_61                                   | 0   |        |             |     |        |         |
|     empty_fu_92_p2                                            | -   |        | empty       | add | fabric | 0       |
|   + ctr_encrypt_Pipeline_loop_ctr_xor_block15                 | 0   |        |             |     |        |         |
|     i_16_fu_88_p2                                             | -   |        | i_16        | add | fabric | 0       |
|   + ctr_encrypt_Pipeline_64                                   | 0   |        |             |     |        |         |
|     empty_fu_97_p2                                            | -   |        | empty       | add | fabric | 0       |
+---------------------------------------------------------------+-----+--------+-------------+-----+--------+---------+


================================================================
== Bind Storage Report
================================================================
+---------------------------------------------------------------+------+------+--------+---------------------+---------+------+---------+
| Name                                                          | BRAM | URAM | Pragma | Variable            | Storage | Impl | Latency |
+---------------------------------------------------------------+------+------+--------+---------------------+---------+------+---------+
| + pynqrypt_encrypt                                            | 4    | 0    |        |                     |         |      |         |
|   pynqrypt_round_keys_U                                       | 1    | -    |        | pynqrypt_round_keys | ram_t2p | auto | 1       |
|   pynqrypt_key_U                                              | -    | -    |        | pynqrypt_key        | ram_1p  | auto | 1       |
|   pynqrypt_nonce_U                                            | -    | -    |        | pynqrypt_nonce      | ram_1p  | auto | 1       |
|  + aes_generate_round_keys                                    | 1    | 0    |        |                     |         |      |         |
|   + aes_generate_round_keys_Pipeline_loop_generate_round_keys | 1    | 0    |        |                     |         |      |         |
|     crypto_aes_sbox_U                                         | 1    | -    |        | crypto_aes_sbox     | rom_1p  | auto | 1       |
|     crypto_aes_rcon_U                                         | -    | -    |        | crypto_aes_rcon     | rom_1p  | auto | 1       |
|  + ctr_encrypt                                                | 2    | 0    |        |                     |         |      |         |
|    block_nonce_U                                              | -    | -    |        | block_nonce         | ram_t2p | auto | 1       |
|    block_U                                                    | -    | -    |        | block               | ram_s2p | auto | 1       |
|   + aes_encrypt_block                                         | 2    | 0    |        |                     |         |      |         |
|     temp_U                                                    | -    | -    |        | temp                | ram_s2p | auto | 1       |
|     crypto_aes_sbox_U                                         | 1    | -    |        | crypto_aes_sbox     | rom_2p  | auto | 1       |
|    + aes_encrypt_block_Pipeline_loop_aes_encrypt_block        | 1    | 0    |        |                     |         |      |         |
|      crypto_aes_sbox_U                                        | 1    | -    |        | crypto_aes_sbox     | rom_2p  | auto | 1       |
+---------------------------------------------------------------+------+------+--------+---------------------+---------+------+---------+


================================================================
== Pragma Report
================================================================
* Valid Pragma Syntax
+------------+-----------------------------------------------------------------+-----------------------------------------------------------------------+
| Type       | Options                                                         | Location                                                              |
+------------+-----------------------------------------------------------------+-----------------------------------------------------------------------+
| dependence | variable=block_nonce type=inter false                           | hw-impl/src/pynqrypt.cpp:24 in ctr_encrypt, block_nonce               |
| dependence | variable=block type=inter false                                 | hw-impl/src/pynqrypt.cpp:25 in ctr_encrypt, block                     |
| unroll     | factor=16                                                       | hw-impl/src/pynqrypt.cpp:26 in ctr_encrypt                            |
| inline     |                                                                 | hw-impl/src/pynqrypt.cpp:38 in ctr_compute_nonce                      |
| inline     |                                                                 | hw-impl/src/pynqrypt.cpp:49 in ctr_xor_block                          |
| inline     |                                                                 | hw-impl/src/pynqrypt.cpp:73 in aes_sub_bytes                          |
| unroll     |                                                                 | hw-impl/src/pynqrypt.cpp:76 in aes_sub_bytes                          |
| inline     |                                                                 | hw-impl/src/pynqrypt.cpp:82 in aes_shift_rows                         |
| inline     |                                                                 | hw-impl/src/pynqrypt.cpp:107 in aes_mix_columns                       |
| unroll     |                                                                 | hw-impl/src/pynqrypt.cpp:112 in aes_mix_columns                       |
| inline     |                                                                 | hw-impl/src/pynqrypt.cpp:234 in aes_add_round_key                     |
| unroll     |                                                                 | hw-impl/src/pynqrypt.cpp:237 in aes_add_round_key                     |
| interface  | mode=m_axi port=plaintext offset=slave bundle=gmem depth=16384  | hw-impl/src/pynqrypt_hls.cpp:10 in pynqrypt_encrypt, plaintext        |
| interface  | mode=m_axi port=ciphertext offset=slave bundle=gmem depth=16384 | hw-impl/src/pynqrypt_hls.cpp:11 in pynqrypt_encrypt, ciphertext       |
| interface  | mode=s_axilite port=key bundle=control                          | hw-impl/src/pynqrypt_hls.cpp:13 in pynqrypt_encrypt, key              |
| interface  | mode=s_axilite port=nonce bundle=control                        | hw-impl/src/pynqrypt_hls.cpp:14 in pynqrypt_encrypt, nonce            |
| interface  | mode=s_axilite port=plaintext_length bundle=control             | hw-impl/src/pynqrypt_hls.cpp:15 in pynqrypt_encrypt, plaintext_length |
| interface  | mode=s_axilite port=plaintext bundle=control                    | hw-impl/src/pynqrypt_hls.cpp:16 in pynqrypt_encrypt, plaintext        |
| interface  | mode=s_axilite port=ciphertext bundle=control                   | hw-impl/src/pynqrypt_hls.cpp:17 in pynqrypt_encrypt, ciphertext       |
| interface  | mode=s_axilite port=return bundle=control                       | hw-impl/src/pynqrypt_hls.cpp:18 in pynqrypt_encrypt, return           |
+------------+-----------------------------------------------------------------+-----------------------------------------------------------------------+


