

================================================================
== Vitis HLS Report for 'ctr_compute_nonce'
================================================================
* Date:           Sat Dec 10 14:02:51 2022

* Version:        2022.2 (Build 3670227 on Oct 13 2022)
* Project:        pynqrypt-vitis-hls
* Solution:       pynqrypt (Vivado IP Flow Target)
* Product family: zynq
* Target device:  xc7z020i-clg400-1L


================================================================
== Performance Estimates
================================================================
+ Timing: 
    * Summary: 
    +--------+----------+----------+------------+
    |  Clock |  Target  | Estimated| Uncertainty|
    +--------+----------+----------+------------+
    |ap_clk  |  10.00 ns|  3.634 ns|     2.70 ns|
    +--------+----------+----------+------------+

+ Latency: 
    * Summary: 
    +---------+---------+----------+----------+-----+-----+---------+
    |  Latency (cycles) |  Latency (absolute) |  Interval | Pipeline|
    |   min   |   max   |    min   |    max   | min | max |   Type  |
    +---------+---------+----------+----------+-----+-----+---------+
    |        0|        0|      0 ns|      0 ns|    0|    0|       no|
    +---------+---------+----------+----------+-----+-----+---------+

    + Detail: 
        * Instance: 
        N/A

        * Loop: 
        N/A



================================================================
== Utilization Estimates
================================================================
* Summary: 
+-----------------+---------+-----+--------+-------+-----+
|       Name      | BRAM_18K| DSP |   FF   |  LUT  | URAM|
+-----------------+---------+-----+--------+-------+-----+
|DSP              |        -|    -|       -|      -|    -|
|Expression       |        -|    -|       0|      2|    -|
|FIFO             |        -|    -|       -|      -|    -|
|Instance         |        -|    -|       -|      -|    -|
|Memory           |        -|    -|       -|      -|    -|
|Multiplexer      |        -|    -|       -|     18|    -|
|Register         |        -|    -|     130|      -|    -|
+-----------------+---------+-----+--------+-------+-----+
|Total            |        0|    0|     130|     20|    0|
+-----------------+---------+-----+--------+-------+-----+
|Available        |      280|  220|  106400|  53200|    0|
+-----------------+---------+-----+--------+-------+-----+
|Utilization (%)  |        0|    0|      ~0|     ~0|    0|
+-----------------+---------+-----+--------+-------+-----+

+ Detail: 
    * Instance: 
    N/A

    * DSP: 
    N/A

    * Memory: 
    N/A

    * FIFO: 
    N/A

    * Expression: 
    +-----------------+----------+----+---+----+------------+------------+
    |  Variable Name  | Operation| DSP| FF| LUT| Bitwidth P0| Bitwidth P1|
    +-----------------+----------+----+---+----+------------+------------+
    |ap_block_state1  |        or|   0|  0|   2|           1|           1|
    +-----------------+----------+----+---+----+------------+------------+
    |Total            |          |   0|  0|   2|           1|           1|
    +-----------------+----------+----+---+----+------------+------------+

    * Multiplexer: 
    +-----------+----+-----------+-----+-----------+
    |    Name   | LUT| Input Size| Bits| Total Bits|
    +-----------+----+-----------+-----+-----------+
    |ap_done    |   9|          2|    1|          2|
    |ap_return  |   9|          2|  128|        256|
    +-----------+----+-----------+-----+-----------+
    |Total      |  18|          4|  129|        258|
    +-----------+----+-----------+-----+-----------+

    * Register: 
    +----------------+-----+----+-----+-----------+
    |      Name      |  FF | LUT| Bits| Const Bits|
    +----------------+-----+----+-----+-----------+
    |ap_CS_fsm       |    1|   0|    1|          0|
    |ap_done_reg     |    1|   0|    1|          0|
    |ap_return_preg  |  128|   0|  128|          0|
    +----------------+-----+----+-----+-----------+
    |Total           |  130|   0|  130|          0|
    +----------------+-----+----+-----+-----------+



================================================================
== Interface
================================================================
* Summary: 
+-------------+-----+-----+------------+-------------------+--------------+
|  RTL Ports  | Dir | Bits|  Protocol  |   Source Object   |    C Type    |
+-------------+-----+-----+------------+-------------------+--------------+
|ap_clk       |   in|    1|  ap_ctrl_hs|  ctr_compute_nonce|  return value|
|ap_rst       |   in|    1|  ap_ctrl_hs|  ctr_compute_nonce|  return value|
|ap_start     |   in|    1|  ap_ctrl_hs|  ctr_compute_nonce|  return value|
|ap_done      |  out|    1|  ap_ctrl_hs|  ctr_compute_nonce|  return value|
|ap_continue  |   in|    1|  ap_ctrl_hs|  ctr_compute_nonce|  return value|
|ap_idle      |  out|    1|  ap_ctrl_hs|  ctr_compute_nonce|  return value|
|ap_ready     |  out|    1|  ap_ctrl_hs|  ctr_compute_nonce|  return value|
|ap_return    |  out|  128|  ap_ctrl_hs|  ctr_compute_nonce|  return value|
|p_read       |   in|   96|     ap_none|             p_read|        scalar|
|i            |   in|   32|     ap_none|                  i|        scalar|
+-------------+-----+-----+------------+-------------------+--------------+

