

================================================================
== Vitis HLS Report for 'Loop_3_proc_Pipeline_VITIS_LOOP_198_1'
================================================================
* Date:           Tue Dec  6 01:26:16 2022

* Version:        2022.2 (Build 3670227 on Oct 13 2022)
* Project:        pynqrypt-vitis-hls
* Solution:       pynqrypt (Vivado IP Flow Target)
* Product family: zynq
* Target device:  xc7z020i-clg400-1L


================================================================
== Performance Estimates
================================================================
+ Timing: 
    * Summary: 
    +--------+----------+----------+------------+
    |  Clock |  Target  | Estimated| Uncertainty|
    +--------+----------+----------+------------+
    |ap_clk  |  10.00 ns|  6.508 ns|     2.70 ns|
    +--------+----------+----------+------------+

+ Latency: 
    * Summary: 
    +---------+---------+----------+----------+-----+-----+---------+
    |  Latency (cycles) |  Latency (absolute) |  Interval | Pipeline|
    |   min   |   max   |    min   |    max   | min | max |   Type  |
    +---------+---------+----------+----------+-----+-----+---------+
    |      322|      322|  3.220 us|  3.220 us|  322|  322|       no|
    +---------+---------+----------+----------+-----+-----+---------+

    + Detail: 
        * Instance: 
        N/A

        * Loop: 
        +--------------------+---------+---------+----------+-----------+-----------+------+----------+
        |                    |  Latency (cycles) | Iteration|  Initiation Interval  | Trip |          |
        |      Loop Name     |   min   |   max   |  Latency |  achieved |   target  | Count| Pipelined|
        +--------------------+---------+---------+----------+-----------+-----------+------+----------+
        |- VITIS_LOOP_198_1  |      320|      320|         8|          8|          1|    40|       yes|
        +--------------------+---------+---------+----------+-----------+-----------+------+----------+



================================================================
== Utilization Estimates
================================================================
* Summary: 
+-----------------+---------+-----+--------+-------+-----+
|       Name      | BRAM_18K| DSP |   FF   |  LUT  | URAM|
+-----------------+---------+-----+--------+-------+-----+
|DSP              |        -|    -|       -|      -|    -|
|Expression       |        -|    -|       0|    261|    -|
|FIFO             |        -|    -|       -|      -|    -|
|Instance         |        -|    -|       -|      -|    -|
|Memory           |        1|    -|       8|      2|    -|
|Multiplexer      |        -|    -|       -|    202|    -|
|Register         |        -|    -|     155|      -|    -|
+-----------------+---------+-----+--------+-------+-----+
|Total            |        1|    0|     163|    465|    0|
+-----------------+---------+-----+--------+-------+-----+
|Available        |      280|  220|  106400|  53200|    0|
+-----------------+---------+-----+--------+-------+-----+
|Utilization (%)  |       ~0|    0|      ~0|     ~0|    0|
+-----------------+---------+-----+--------+-------+-----+

+ Detail: 
    * Instance: 
    N/A

    * DSP: 
    N/A

    * Memory: 
    +-------------------+-------------------------------------------------------------------+---------+---+----+-----+------+-----+------+-------------+
    |       Memory      |                               Module                              | BRAM_18K| FF| LUT| URAM| Words| Bits| Banks| W*Bits*Banks|
    +-------------------+-------------------------------------------------------------------+---------+---+----+-----+------+-----+------+-------------+
    |aes_sbox3_U        |Loop_3_proc_Pipeline_VITIS_LOOP_198_1_aes_sbox3_ROM_AUTO_1R        |        1|  0|   0|    0|   256|    8|     1|         2048|
    |crypto_aes_rcon_U  |Loop_3_proc_Pipeline_VITIS_LOOP_198_1_crypto_aes_rcon_ROM_AUTO_1R  |        0|  8|   2|    0|    10|    8|     1|           80|
    +-------------------+-------------------------------------------------------------------+---------+---+----+-----+------+-----+------+-------------+
    |Total              |                                                                   |        1|  8|   2|    0|   266|   16|     2|         2128|
    +-------------------+-------------------------------------------------------------------+---------+---+----+-----+------+-----+------+-------------+

    * FIFO: 
    N/A

    * Expression: 
    +-----------------------+----------+----+---+----+------------+------------+
    |     Variable Name     | Operation| DSP| FF| LUT| Bitwidth P0| Bitwidth P1|
    +-----------------------+----------+----+---+----+------------+------------+
    |add_ln199_1_fu_274_p2  |         +|   0|  0|  15|           8|           3|
    |add_ln199_2_fu_306_p2  |         +|   0|  0|  15|           8|           3|
    |add_ln199_3_fu_316_p2  |         +|   0|  0|  15|           8|           2|
    |add_ln199_fu_263_p2    |         +|   0|  0|  15|           8|           4|
    |add_ln204_fu_295_p2    |         +|   0|  0|  13|           4|           2|
    |add_ln207_1_fu_346_p2  |         +|   0|  0|  15|           8|           5|
    |add_ln207_2_fu_360_p2  |         +|   0|  0|  15|           8|           5|
    |add_ln207_3_fu_370_p2  |         +|   0|  0|  15|           8|           5|
    |add_ln207_fu_336_p2    |         +|   0|  0|  15|           8|           6|
    |add_ln209_fu_511_p2    |         +|   0|  0|  14|           6|           1|
    |icmp_ln198_fu_249_p2   |      icmp|   0|  0|  10|           6|           6|
    |icmp_ln201_fu_395_p2   |      icmp|   0|  0|   8|           2|           1|
    |or_ln266_1_fu_491_p2   |        or|   0|  0|   8|           8|           2|
    |or_ln266_2_fu_501_p2   |        or|   0|  0|   8|           8|           2|
    |or_ln266_fu_481_p2     |        or|   0|  0|   8|           8|           1|
    |temp_3_fu_415_p3       |    select|   0|  0|  32|           1|          32|
    |xor_ln256_fu_401_p2    |       xor|   0|  0|   8|           8|           8|
    |xor_ln266_1_fu_442_p2  |       xor|   0|  0|   8|           8|           8|
    |xor_ln266_2_fu_457_p2  |       xor|   0|  0|   8|           8|           8|
    |xor_ln266_3_fu_472_p2  |       xor|   0|  0|   8|           8|           8|
    |xor_ln266_fu_427_p2    |       xor|   0|  0|   8|           8|           8|
    +-----------------------+----------+----+---+----+------------+------------+
    |Total                  |          |   0|  0| 261|         147|         120|
    +-----------------------+----------+----+---+----+------------+------------+

    * Multiplexer: 
    +------------------------------+----+-----------+-----+-----------+
    |             Name             | LUT| Input Size| Bits| Total Bits|
    +------------------------------+----+-----------+-----+-----------+
    |aes_sbox3_address0            |  25|          5|    8|         40|
    |ap_NS_fsm                     |  48|          9|    1|          9|
    |ap_done_int                   |   9|          2|    1|          2|
    |ap_sig_allocacmp_i_8          |   9|          2|    6|         12|
    |i_fu_82                       |   9|          2|    6|         12|
    |pynqrypt_round_keys_address0  |  37|          7|    8|         56|
    |pynqrypt_round_keys_address1  |  37|          7|    8|         56|
    |pynqrypt_round_keys_d0        |  14|          3|    8|         24|
    |pynqrypt_round_keys_d1        |  14|          3|    8|         24|
    +------------------------------+----+-----------+-----+-----------+
    |Total                         | 202|         40|   54|        235|
    +------------------------------+----+-----------+-----+-----------+

    * Register: 
    +------------------------------------+---+----+-----+-----------+
    |                Name                | FF| LUT| Bits| Const Bits|
    +------------------------------------+---+----+-----+-----------+
    |aes_sbox3_load_1_reg_628            |  8|   0|    8|          0|
    |aes_sbox3_load_2_reg_658            |  8|   0|    8|          0|
    |aes_sbox3_load_reg_608              |  8|   0|    8|          0|
    |ap_CS_fsm                           |  8|   0|    8|          0|
    |ap_done_reg                         |  1|   0|    1|          0|
    |atoms_result_reg_537                |  6|   0|    8|          2|
    |crypto_aes_rcon_load_reg_592        |  8|   0|    8|          0|
    |i_8_reg_528                         |  6|   0|    6|          0|
    |i_fu_82                             |  6|   0|    6|          0|
    |pynqrypt_round_keys_load_1_reg_572  |  8|   0|    8|          0|
    |pynqrypt_round_keys_load_2_reg_597  |  8|   0|    8|          0|
    |pynqrypt_round_keys_load_3_reg_602  |  8|   0|    8|          0|
    |pynqrypt_round_keys_load_4_reg_643  |  8|   0|    8|          0|
    |pynqrypt_round_keys_load_5_reg_668  |  8|   0|    8|          0|
    |pynqrypt_round_keys_load_6_reg_673  |  8|   0|    8|          0|
    |pynqrypt_round_keys_load_reg_638    |  8|   0|    8|          0|
    |temp_1_reg_566                      |  8|   0|    8|          0|
    |xor_ln266_1_reg_683                 |  8|   0|    8|          0|
    |xor_ln266_2_reg_688                 |  8|   0|    8|          0|
    |xor_ln266_3_reg_693                 |  8|   0|    8|          0|
    |xor_ln266_reg_678                   |  8|   0|    8|          0|
    +------------------------------------+---+----+-----+-----------+
    |Total                               |155|   0|  157|          2|
    +------------------------------------+---+----+-----+-----------+



================================================================
== Interface
================================================================
* Summary: 
+------------------------------+-----+-----+------------+---------------------------------------+--------------+
|           RTL Ports          | Dir | Bits|  Protocol  |             Source Object             |    C Type    |
+------------------------------+-----+-----+------------+---------------------------------------+--------------+
|ap_clk                        |   in|    1|  ap_ctrl_hs|  Loop_3_proc_Pipeline_VITIS_LOOP_198_1|  return value|
|ap_rst                        |   in|    1|  ap_ctrl_hs|  Loop_3_proc_Pipeline_VITIS_LOOP_198_1|  return value|
|ap_start                      |   in|    1|  ap_ctrl_hs|  Loop_3_proc_Pipeline_VITIS_LOOP_198_1|  return value|
|ap_done                       |  out|    1|  ap_ctrl_hs|  Loop_3_proc_Pipeline_VITIS_LOOP_198_1|  return value|
|ap_idle                       |  out|    1|  ap_ctrl_hs|  Loop_3_proc_Pipeline_VITIS_LOOP_198_1|  return value|
|ap_ready                      |  out|    1|  ap_ctrl_hs|  Loop_3_proc_Pipeline_VITIS_LOOP_198_1|  return value|
|pynqrypt_round_keys_address0  |  out|    8|   ap_memory|                    pynqrypt_round_keys|         array|
|pynqrypt_round_keys_ce0       |  out|    1|   ap_memory|                    pynqrypt_round_keys|         array|
|pynqrypt_round_keys_we0       |  out|    1|   ap_memory|                    pynqrypt_round_keys|         array|
|pynqrypt_round_keys_d0        |  out|    8|   ap_memory|                    pynqrypt_round_keys|         array|
|pynqrypt_round_keys_q0        |   in|    8|   ap_memory|                    pynqrypt_round_keys|         array|
|pynqrypt_round_keys_address1  |  out|    8|   ap_memory|                    pynqrypt_round_keys|         array|
|pynqrypt_round_keys_ce1       |  out|    1|   ap_memory|                    pynqrypt_round_keys|         array|
|pynqrypt_round_keys_we1       |  out|    1|   ap_memory|                    pynqrypt_round_keys|         array|
|pynqrypt_round_keys_d1        |  out|    8|   ap_memory|                    pynqrypt_round_keys|         array|
|pynqrypt_round_keys_q1        |   in|    8|   ap_memory|                    pynqrypt_round_keys|         array|
+------------------------------+-----+-----+------------+---------------------------------------+--------------+

