Copyright 1986-2022 Xilinx, Inc. All Rights Reserved.
-------------------------------------------------------------------------------------------------------------------------------------------
| Tool Version : Vivado v.2022.2 (lin64) Build 3671981 Fri Oct 14 04:59:54 MDT 2022
| Date         : Wed Dec  7 00:14:43 2022
| Host         : SSD-UBUNTU running 64-bit Ubuntu 22.04.1 LTS
| Command      : report_utilization -hierarchical -hierarchical_depth 7 -file ./report/pynqrypt_encrypt_utilization_hierarchical_synth.rpt
| Design       : bd_0_wrapper
| Device       : xc7z020iclg400-1L
| Speed File   : -1L
| Design State : Synthesized
-------------------------------------------------------------------------------------------------------------------------------------------

Utilization Design Information

Table of Contents
-----------------
1. Utilization by Hierarchy

1. Utilization by Hierarchy
---------------------------

+----------------------------------------------------------------------------+-------------------------------------------------------------------------------------------------------------------+------------+------------+---------+------+------+--------+--------+------------+
|                                  Instance                                  |                                                       Module                                                      | Total LUTs | Logic LUTs | LUTRAMs | SRLs |  FFs | RAMB36 | RAMB18 | DSP Blocks |
+----------------------------------------------------------------------------+-------------------------------------------------------------------------------------------------------------------+------------+------------+---------+------+------+--------+--------+------------+
| bd_0_wrapper                                                               |                                                                                                             (top) |       2208 |       1906 |      24 |  278 | 2898 |      0 |      5 |          0 |
|   bd_0_i                                                                   |                                                                                                              bd_0 |       2208 |       1906 |      24 |  278 | 2898 |      0 |      5 |          0 |
|     hls_inst                                                               |                                                                                                   bd_0_hls_inst_0 |       2208 |       1906 |      24 |  278 | 2898 |      0 |      5 |          0 |
|       (hls_inst)                                                           |                                                                                                   bd_0_hls_inst_0 |          0 |          0 |       0 |    0 |    0 |      0 |      0 |          0 |
|       inst                                                                 |                                                                                  bd_0_hls_inst_0_pynqrypt_encrypt |       2208 |       1906 |      24 |  278 | 2898 |      0 |      5 |          0 |
|         (inst)                                                             |                                                                                  bd_0_hls_inst_0_pynqrypt_encrypt |         23 |         23 |       0 |    0 |  220 |      0 |      0 |          0 |
|         block_U                                                            |                                                              bd_0_hls_inst_0_pynqrypt_encrypt_block_RAM_AUTO_1R1W |         18 |         10 |       8 |    0 |    8 |      0 |      0 |          0 |
|         block_nonce_U                                                      |                                                        bd_0_hls_inst_0_pynqrypt_encrypt_block_nonce_RAM_AUTO_1R1W |         14 |         14 |       0 |    0 |    0 |      0 |      1 |          0 |
|         control_s_axi_U                                                    |                                                                    bd_0_hls_inst_0_pynqrypt_encrypt_control_s_axi |        164 |        164 |       0 |    0 |  183 |      0 |      0 |          0 |
|         gmem_m_axi_U                                                       |                                                                       bd_0_hls_inst_0_pynqrypt_encrypt_gmem_m_axi |       1323 |       1045 |       0 |  278 | 1922 |      0 |      2 |          0 |
|           bus_read                                                         |                                                                  bd_0_hls_inst_0_pynqrypt_encrypt_gmem_m_axi_read |        332 |        331 |       0 |    1 |  563 |      0 |      0 |          0 |
|             (bus_read)                                                     |                                                                  bd_0_hls_inst_0_pynqrypt_encrypt_gmem_m_axi_read |        150 |        150 |       0 |    0 |  334 |      0 |      0 |          0 |
|             fifo_burst                                                     |                                                bd_0_hls_inst_0_pynqrypt_encrypt_gmem_m_axi_fifo__parameterized2_5 |         18 |         17 |       0 |    1 |   13 |      0 |      0 |          0 |
|               (fifo_burst)                                                 |                                                bd_0_hls_inst_0_pynqrypt_encrypt_gmem_m_axi_fifo__parameterized2_5 |         15 |         15 |       0 |    0 |   12 |      0 |      0 |          0 |
|               U_fifo_srl                                                   |                                                 bd_0_hls_inst_0_pynqrypt_encrypt_gmem_m_axi_srl__parameterized1_8 |          3 |          2 |       0 |    1 |    1 |      0 |      0 |          0 |
|             fifo_rctl                                                      |                                                bd_0_hls_inst_0_pynqrypt_encrypt_gmem_m_axi_fifo__parameterized2_6 |         20 |         20 |       0 |    0 |    8 |      0 |      0 |          0 |
|             rs_rdata                                                       |                                             bd_0_hls_inst_0_pynqrypt_encrypt_gmem_m_axi_reg_slice__parameterized2 |         41 |         41 |       0 |    0 |   71 |      0 |      0 |          0 |
|             rs_rreq                                                        |                                                           bd_0_hls_inst_0_pynqrypt_encrypt_gmem_m_axi_reg_slice_7 |        103 |        103 |       0 |    0 |  137 |      0 |      0 |          0 |
|           bus_write                                                        |                                                                 bd_0_hls_inst_0_pynqrypt_encrypt_gmem_m_axi_write |        541 |        433 |       0 |  108 |  821 |      0 |      0 |          0 |
|             (bus_write)                                                    |                                                                 bd_0_hls_inst_0_pynqrypt_encrypt_gmem_m_axi_write |        156 |        156 |       0 |    0 |  380 |      0 |      0 |          0 |
|             fifo_burst                                                     |                                                  bd_0_hls_inst_0_pynqrypt_encrypt_gmem_m_axi_fifo__parameterized6 |         34 |         30 |       0 |    4 |   16 |      0 |      0 |          0 |
|               (fifo_burst)                                                 |                                                  bd_0_hls_inst_0_pynqrypt_encrypt_gmem_m_axi_fifo__parameterized6 |          7 |          7 |       0 |    0 |   12 |      0 |      0 |          0 |
|               U_fifo_srl                                                   |                                                   bd_0_hls_inst_0_pynqrypt_encrypt_gmem_m_axi_srl__parameterized4 |         27 |         23 |       0 |    4 |    4 |      0 |      0 |          0 |
|             fifo_resp                                                      |                                                bd_0_hls_inst_0_pynqrypt_encrypt_gmem_m_axi_fifo__parameterized2_3 |         26 |         25 |       0 |    1 |   13 |      0 |      0 |          0 |
|               (fifo_resp)                                                  |                                                bd_0_hls_inst_0_pynqrypt_encrypt_gmem_m_axi_fifo__parameterized2_3 |         21 |         21 |       0 |    0 |   12 |      0 |      0 |          0 |
|               U_fifo_srl                                                   |                                                 bd_0_hls_inst_0_pynqrypt_encrypt_gmem_m_axi_srl__parameterized1_4 |          5 |          4 |       0 |    1 |    1 |      0 |      0 |          0 |
|             rs_resp                                                        |                                             bd_0_hls_inst_0_pynqrypt_encrypt_gmem_m_axi_reg_slice__parameterized1 |          4 |          4 |       0 |    0 |    5 |      0 |      0 |          0 |
|             rs_wreq                                                        |                                                             bd_0_hls_inst_0_pynqrypt_encrypt_gmem_m_axi_reg_slice |        100 |        100 |       0 |    0 |  137 |      0 |      0 |          0 |
|             wreq_throttle                                                  |                                                              bd_0_hls_inst_0_pynqrypt_encrypt_gmem_m_axi_throttle |        221 |        118 |       0 |  103 |  270 |      0 |      0 |          0 |
|               (wreq_throttle)                                              |                                                              bd_0_hls_inst_0_pynqrypt_encrypt_gmem_m_axi_throttle |          1 |          1 |       0 |    0 |    6 |      0 |      0 |          0 |
|               data_fifo                                                    |                                                  bd_0_hls_inst_0_pynqrypt_encrypt_gmem_m_axi_fifo__parameterized8 |         64 |         27 |       0 |   37 |   49 |      0 |      0 |          0 |
|               req_fifo                                                     |                                                  bd_0_hls_inst_0_pynqrypt_encrypt_gmem_m_axi_fifo__parameterized7 |         83 |         17 |       0 |   66 |   78 |      0 |      0 |          0 |
|               rs_req                                                       |                                             bd_0_hls_inst_0_pynqrypt_encrypt_gmem_m_axi_reg_slice__parameterized0 |         73 |         73 |       0 |    0 |  137 |      0 |      0 |          0 |
|           load_unit                                                        |                                                                  bd_0_hls_inst_0_pynqrypt_encrypt_gmem_m_axi_load |        204 |        135 |       0 |   69 |  231 |      0 |      1 |          0 |
|             (load_unit)                                                    |                                                                  bd_0_hls_inst_0_pynqrypt_encrypt_gmem_m_axi_load |          2 |          2 |       0 |    0 |  104 |      0 |      0 |          0 |
|             buff_rdata                                                     |                                                  bd_0_hls_inst_0_pynqrypt_encrypt_gmem_m_axi_fifo__parameterized5 |         43 |         43 |       0 |    0 |   36 |      0 |      1 |          0 |
|               (buff_rdata)                                                 |                                                  bd_0_hls_inst_0_pynqrypt_encrypt_gmem_m_axi_fifo__parameterized5 |         19 |         19 |       0 |    0 |   28 |      0 |      0 |          0 |
|               U_fifo_mem                                                   |                                                   bd_0_hls_inst_0_pynqrypt_encrypt_gmem_m_axi_mem__parameterized0 |         24 |         24 |       0 |    0 |    8 |      0 |      1 |          0 |
|             bus_wide_gen.rreq_offset                                       |                                                  bd_0_hls_inst_0_pynqrypt_encrypt_gmem_m_axi_fifo__parameterized4 |         79 |         75 |       0 |    4 |   16 |      0 |      0 |          0 |
|               (bus_wide_gen.rreq_offset)                                   |                                                  bd_0_hls_inst_0_pynqrypt_encrypt_gmem_m_axi_fifo__parameterized4 |         13 |         13 |       0 |    0 |   12 |      0 |      0 |          0 |
|               U_fifo_srl                                                   |                                                   bd_0_hls_inst_0_pynqrypt_encrypt_gmem_m_axi_srl__parameterized3 |         66 |         62 |       0 |    4 |    4 |      0 |      0 |          0 |
|             fifo_rreq                                                      |                                                bd_0_hls_inst_0_pynqrypt_encrypt_gmem_m_axi_fifo__parameterized0_1 |         80 |         15 |       0 |   65 |   75 |      0 |      0 |          0 |
|               (fifo_rreq)                                                  |                                                bd_0_hls_inst_0_pynqrypt_encrypt_gmem_m_axi_fifo__parameterized0_1 |         12 |         12 |       0 |    0 |   10 |      0 |      0 |          0 |
|               U_fifo_srl                                                   |                                                 bd_0_hls_inst_0_pynqrypt_encrypt_gmem_m_axi_srl__parameterized0_2 |         68 |          3 |       0 |   65 |   65 |      0 |      0 |          0 |
|           store_unit                                                       |                                                                 bd_0_hls_inst_0_pynqrypt_encrypt_gmem_m_axi_store |        246 |        146 |       0 |  100 |  307 |      0 |      1 |          0 |
|             (store_unit)                                                   |                                                                 bd_0_hls_inst_0_pynqrypt_encrypt_gmem_m_axi_store |          2 |          2 |       0 |    0 |  138 |      0 |      0 |          0 |
|             buff_wdata                                                     |                                                  bd_0_hls_inst_0_pynqrypt_encrypt_gmem_m_axi_fifo__parameterized1 |         32 |         32 |       0 |    0 |   28 |      0 |      1 |          0 |
|               (buff_wdata)                                                 |                                                  bd_0_hls_inst_0_pynqrypt_encrypt_gmem_m_axi_fifo__parameterized1 |         23 |         23 |       0 |    0 |   22 |      0 |      0 |          0 |
|               U_fifo_mem                                                   |                                                                   bd_0_hls_inst_0_pynqrypt_encrypt_gmem_m_axi_mem |          9 |          9 |       0 |    0 |    6 |      0 |      1 |          0 |
|             bus_wide_gen.wreq_offset                                       |                                                                  bd_0_hls_inst_0_pynqrypt_encrypt_gmem_m_axi_fifo |        104 |         70 |       0 |   34 |   46 |      0 |      0 |          0 |
|               (bus_wide_gen.wreq_offset)                                   |                                                                  bd_0_hls_inst_0_pynqrypt_encrypt_gmem_m_axi_fifo |          9 |          9 |       0 |    0 |   12 |      0 |      0 |          0 |
|               U_fifo_srl                                                   |                                                                   bd_0_hls_inst_0_pynqrypt_encrypt_gmem_m_axi_srl |         95 |         61 |       0 |   34 |   34 |      0 |      0 |          0 |
|             fifo_wreq                                                      |                                                  bd_0_hls_inst_0_pynqrypt_encrypt_gmem_m_axi_fifo__parameterized0 |         80 |         15 |       0 |   65 |   75 |      0 |      0 |          0 |
|               (fifo_wreq)                                                  |                                                  bd_0_hls_inst_0_pynqrypt_encrypt_gmem_m_axi_fifo__parameterized0 |         12 |         12 |       0 |    0 |   10 |      0 |      0 |          0 |
|               U_fifo_srl                                                   |                                                   bd_0_hls_inst_0_pynqrypt_encrypt_gmem_m_axi_srl__parameterized0 |         68 |          3 |       0 |   65 |   65 |      0 |      0 |          0 |
|             fifo_wrsp                                                      |                                                  bd_0_hls_inst_0_pynqrypt_encrypt_gmem_m_axi_fifo__parameterized2 |         18 |         17 |       0 |    1 |   13 |      0 |      0 |          0 |
|               (fifo_wrsp)                                                  |                                                  bd_0_hls_inst_0_pynqrypt_encrypt_gmem_m_axi_fifo__parameterized2 |          4 |          4 |       0 |    0 |   12 |      0 |      0 |          0 |
|               U_fifo_srl                                                   |                                                   bd_0_hls_inst_0_pynqrypt_encrypt_gmem_m_axi_srl__parameterized1 |         14 |         13 |       0 |    1 |    1 |      0 |      0 |          0 |
|             user_resp                                                      |                                                  bd_0_hls_inst_0_pynqrypt_encrypt_gmem_m_axi_fifo__parameterized3 |         10 |         10 |       0 |    0 |    7 |      0 |      0 |          0 |
|         grp_aes_encrypt_block_fu_315                                       |                                                                bd_0_hls_inst_0_pynqrypt_encrypt_aes_encrypt_block |        659 |        643 |      16 |    0 |  557 |      0 |      2 |          0 |
|           (grp_aes_encrypt_block_fu_315)                                   |                                                                bd_0_hls_inst_0_pynqrypt_encrypt_aes_encrypt_block |         97 |         97 |       0 |    0 |  160 |      0 |      0 |          0 |
|           crypto_aes_sbox_U                                                |                                    bd_0_hls_inst_0_pynqrypt_encrypt_aes_encrypt_block_crypto_aes_sbox_ROM_AUTO_1R |         30 |         30 |       0 |    0 |    0 |      0 |      1 |          0 |
|           grp_aes_encrypt_block_Pipeline_2_fu_628                          |                                                     bd_0_hls_inst_0_pynqrypt_encrypt_aes_encrypt_block_Pipeline_2 |         22 |         22 |       0 |    0 |   12 |      0 |      0 |          0 |
|             (grp_aes_encrypt_block_Pipeline_2_fu_628)                      |                                                     bd_0_hls_inst_0_pynqrypt_encrypt_aes_encrypt_block_Pipeline_2 |          8 |          8 |       0 |    0 |   10 |      0 |      0 |          0 |
|             flow_control_loop_pipe_sequential_init_U                       |                                         bd_0_hls_inst_0_pynqrypt_encrypt_flow_control_loop_pipe_sequential_init_0 |         14 |         14 |       0 |    0 |    2 |      0 |      0 |          0 |
|           grp_aes_encrypt_block_Pipeline_loop_aes_encrypt_block_fu_601     |                                bd_0_hls_inst_0_pynqrypt_encrypt_aes_encrypt_block_Pipeline_loop_aes_encrypt_block |        458 |        458 |       0 |    0 |  369 |      0 |      1 |          0 |
|             (grp_aes_encrypt_block_Pipeline_loop_aes_encrypt_block_fu_601) |                                bd_0_hls_inst_0_pynqrypt_encrypt_aes_encrypt_block_Pipeline_loop_aes_encrypt_block |        311 |        311 |       0 |    0 |  367 |      0 |      0 |          0 |
|             flow_control_loop_pipe_sequential_init_U                       |                                           bd_0_hls_inst_0_pynqrypt_encrypt_flow_control_loop_pipe_sequential_init |         62 |         62 |       0 |    0 |    2 |      0 |      0 |          0 |
|             pynqrypt_round_keys_U                                          | bd_0_hls_inst_0_pynqrypt_encrypt_aes_encrypt_block_Pipeline_loop_aes_encrypt_block_pynqrypt_round_keys_ROM_AUTbkb |         85 |         85 |       0 |    0 |    0 |      0 |      1 |          0 |
|           temp_U                                                           |                                             bd_0_hls_inst_0_pynqrypt_encrypt_aes_encrypt_block_temp_RAM_AUTO_1R1W |         52 |         36 |      16 |    0 |   16 |      0 |      0 |          0 |
|         pynqrypt_nonce_U                                                   |                                                       bd_0_hls_inst_0_pynqrypt_encrypt_pynqrypt_nonce_ROM_AUTO_1R |          7 |          7 |       0 |    0 |    8 |      0 |      0 |          0 |
+----------------------------------------------------------------------------+-------------------------------------------------------------------------------------------------------------------+------------+------------+---------+------+------+--------+--------+------------+


