

================================================================
== Vitis HLS Report for 'aes_mix_columns'
================================================================
* Date:           Tue Dec 13 20:52:13 2022

* Version:        2022.2 (Build 3670227 on Oct 13 2022)
* Project:        pynqrypt
* Solution:       pynqrypt (Vivado IP Flow Target)
* Product family: zynq
* Target device:  xc7z020i-clg400-1L


================================================================
== Performance Estimates
================================================================
+ Timing: 
    * Summary: 
    +--------+----------+----------+------------+
    |  Clock |  Target  | Estimated| Uncertainty|
    +--------+----------+----------+------------+
    |ap_clk  |  10.00 ns|  5.944 ns|     2.70 ns|
    +--------+----------+----------+------------+

+ Latency: 
    * Summary: 
    +---------+---------+----------+----------+-----+-----+---------+
    |  Latency (cycles) |  Latency (absolute) |  Interval | Pipeline|
    |   min   |   max   |    min   |    max   | min | max |   Type  |
    +---------+---------+----------+----------+-----+-----+---------+
    |        0|        0|      0 ns|      0 ns|    1|    1|      yes|
    +---------+---------+----------+----------+-----+-----+---------+

    + Detail: 
        * Instance: 
        N/A

        * Loop: 
        N/A



================================================================
== Utilization Estimates
================================================================
* Summary: 
+-----------------+---------+-----+--------+-------+-----+
|       Name      | BRAM_18K| DSP |   FF   |  LUT  | URAM|
+-----------------+---------+-----+--------+-------+-----+
|DSP              |        -|    -|       -|      -|    -|
|Expression       |        -|    -|       0|  69856|    -|
|FIFO             |        -|    -|       -|      -|    -|
|Instance         |        -|    -|       -|      -|    -|
|Memory           |        -|    -|       -|      -|    -|
|Multiplexer      |        -|    -|       -|      -|    -|
|Register         |        -|    -|       -|      -|    -|
+-----------------+---------+-----+--------+-------+-----+
|Total            |        0|    0|       0|  69856|    0|
+-----------------+---------+-----+--------+-------+-----+
|Available        |      280|  220|  106400|  53200|    0|
+-----------------+---------+-----+--------+-------+-----+
|Utilization (%)  |        0|    0|       0|    131|    0|
+-----------------+---------+-----+--------+-------+-----+

+ Detail: 
    * Instance: 
    N/A

    * DSP: 
    N/A

    * Memory: 
    N/A

    * FIFO: 
    N/A

    * Expression: 
    +--------------------------+----------+----+---+------+------------+------------+
    |       Variable Name      | Operation| DSP| FF|  LUT | Bitwidth P0| Bitwidth P1|
    +--------------------------+----------+----+---+------+------------+------------+
    |lshr_ln125_1_fu_398_p2    |      lshr|   0|  0|  2171|        2046|        2048|
    |lshr_ln125_2_fu_694_p2    |      lshr|   0|  0|  2171|        2046|        2048|
    |lshr_ln125_3_fu_990_p2    |      lshr|   0|  0|  2171|        2046|        2048|
    |lshr_ln125_fu_114_p2      |      lshr|   0|  0|  2171|        2046|        2048|
    |lshr_ln126_1_fu_440_p2    |      lshr|   0|  0|  2171|        2045|        2048|
    |lshr_ln126_2_fu_736_p2    |      lshr|   0|  0|  2171|        2045|        2048|
    |lshr_ln126_3_fu_1032_p2   |      lshr|   0|  0|  2171|        2045|        2048|
    |lshr_ln126_fu_156_p2      |      lshr|   0|  0|  2171|        2045|        2048|
    |lshr_ln131_1_fu_492_p2    |      lshr|   0|  0|  2171|        2046|        2048|
    |lshr_ln131_2_fu_788_p2    |      lshr|   0|  0|  2171|        2046|        2048|
    |lshr_ln131_3_fu_1084_p2   |      lshr|   0|  0|  2171|        2046|        2048|
    |lshr_ln131_fu_202_p2      |      lshr|   0|  0|  2171|        2046|        2048|
    |lshr_ln132_1_fu_524_p2    |      lshr|   0|  0|  2171|        2045|        2048|
    |lshr_ln132_2_fu_820_p2    |      lshr|   0|  0|  2171|        2045|        2048|
    |lshr_ln132_3_fu_1116_p2   |      lshr|   0|  0|  2171|        2045|        2048|
    |lshr_ln132_fu_234_p2      |      lshr|   0|  0|  2171|        2045|        2048|
    |lshr_ln137_1_fu_556_p2    |      lshr|   0|  0|  2171|        2046|        2048|
    |lshr_ln137_2_fu_852_p2    |      lshr|   0|  0|  2171|        2046|        2048|
    |lshr_ln137_3_fu_1148_p2   |      lshr|   0|  0|  2171|        2046|        2048|
    |lshr_ln137_fu_266_p2      |      lshr|   0|  0|  2171|        2046|        2048|
    |lshr_ln138_1_fu_588_p2    |      lshr|   0|  0|  2171|        2045|        2048|
    |lshr_ln138_2_fu_884_p2    |      lshr|   0|  0|  2171|        2045|        2048|
    |lshr_ln138_3_fu_1180_p2   |      lshr|   0|  0|  2171|        2045|        2048|
    |lshr_ln138_fu_292_p2      |      lshr|   0|  0|  2171|        2045|        2048|
    |lshr_ln143_1_fu_620_p2    |      lshr|   0|  0|  2171|        2045|        2048|
    |lshr_ln143_2_fu_916_p2    |      lshr|   0|  0|  2171|        2045|        2048|
    |lshr_ln143_3_fu_1212_p2   |      lshr|   0|  0|  2171|        2045|        2048|
    |lshr_ln143_fu_324_p2      |      lshr|   0|  0|  2171|        2045|        2048|
    |lshr_ln144_1_fu_634_p2    |      lshr|   0|  0|  2171|        2046|        2048|
    |lshr_ln144_2_fu_930_p2    |      lshr|   0|  0|  2171|        2046|        2048|
    |lshr_ln144_3_fu_1226_p2   |      lshr|   0|  0|  2171|        2046|        2048|
    |lshr_ln144_fu_338_p2      |      lshr|   0|  0|  2171|        2046|        2048|
    |ret_V_10_fu_906_p2        |       xor|   0|  0|     8|           8|           8|
    |ret_V_11_fu_952_p2        |       xor|   0|  0|     8|           8|           8|
    |ret_V_12_fu_1074_p2       |       xor|   0|  0|     8|           8|           8|
    |ret_V_13_fu_1138_p2       |       xor|   0|  0|     8|           8|           8|
    |ret_V_14_fu_1202_p2       |       xor|   0|  0|     8|           8|           8|
    |ret_V_15_fu_1248_p2       |       xor|   0|  0|     8|           8|           8|
    |ret_V_1_fu_256_p2         |       xor|   0|  0|     8|           8|           8|
    |ret_V_2_fu_314_p2         |       xor|   0|  0|     8|           8|           8|
    |ret_V_3_fu_360_p2         |       xor|   0|  0|     8|           8|           8|
    |ret_V_4_fu_482_p2         |       xor|   0|  0|     8|           8|           8|
    |ret_V_5_fu_546_p2         |       xor|   0|  0|     8|           8|           8|
    |ret_V_6_fu_610_p2         |       xor|   0|  0|     8|           8|           8|
    |ret_V_7_fu_656_p2         |       xor|   0|  0|     8|           8|           8|
    |ret_V_8_fu_778_p2         |       xor|   0|  0|     8|           8|           8|
    |ret_V_9_fu_842_p2         |       xor|   0|  0|     8|           8|           8|
    |ret_V_fu_192_p2           |       xor|   0|  0|     8|           8|           8|
    |xor_ln1499_10_fu_354_p2   |       xor|   0|  0|     8|           8|           8|
    |xor_ln1499_12_fu_470_p2   |       xor|   0|  0|     8|           8|           8|
    |xor_ln1499_13_fu_476_p2   |       xor|   0|  0|     8|           8|           8|
    |xor_ln1499_15_fu_534_p2   |       xor|   0|  0|     8|           8|           8|
    |xor_ln1499_16_fu_540_p2   |       xor|   0|  0|     8|           8|           8|
    |xor_ln1499_18_fu_598_p2   |       xor|   0|  0|     8|           8|           8|
    |xor_ln1499_19_fu_604_p2   |       xor|   0|  0|     8|           8|           8|
    |xor_ln1499_1_fu_186_p2    |       xor|   0|  0|     8|           8|           8|
    |xor_ln1499_21_fu_644_p2   |       xor|   0|  0|     8|           8|           8|
    |xor_ln1499_22_fu_650_p2   |       xor|   0|  0|     8|           8|           8|
    |xor_ln1499_24_fu_766_p2   |       xor|   0|  0|     8|           8|           8|
    |xor_ln1499_25_fu_772_p2   |       xor|   0|  0|     8|           8|           8|
    |xor_ln1499_27_fu_830_p2   |       xor|   0|  0|     8|           8|           8|
    |xor_ln1499_28_fu_836_p2   |       xor|   0|  0|     8|           8|           8|
    |xor_ln1499_30_fu_894_p2   |       xor|   0|  0|     8|           8|           8|
    |xor_ln1499_31_fu_900_p2   |       xor|   0|  0|     8|           8|           8|
    |xor_ln1499_33_fu_940_p2   |       xor|   0|  0|     8|           8|           8|
    |xor_ln1499_34_fu_946_p2   |       xor|   0|  0|     8|           8|           8|
    |xor_ln1499_36_fu_1062_p2  |       xor|   0|  0|     8|           8|           8|
    |xor_ln1499_37_fu_1068_p2  |       xor|   0|  0|     8|           8|           8|
    |xor_ln1499_39_fu_1126_p2  |       xor|   0|  0|     8|           8|           8|
    |xor_ln1499_3_fu_244_p2    |       xor|   0|  0|     8|           8|           8|
    |xor_ln1499_40_fu_1132_p2  |       xor|   0|  0|     8|           8|           8|
    |xor_ln1499_42_fu_1190_p2  |       xor|   0|  0|     8|           8|           8|
    |xor_ln1499_43_fu_1196_p2  |       xor|   0|  0|     8|           8|           8|
    |xor_ln1499_45_fu_1236_p2  |       xor|   0|  0|     8|           8|           8|
    |xor_ln1499_46_fu_1242_p2  |       xor|   0|  0|     8|           8|           8|
    |xor_ln1499_4_fu_250_p2    |       xor|   0|  0|     8|           8|           8|
    |xor_ln1499_6_fu_302_p2    |       xor|   0|  0|     8|           8|           8|
    |xor_ln1499_7_fu_308_p2    |       xor|   0|  0|     8|           8|           8|
    |xor_ln1499_9_fu_348_p2    |       xor|   0|  0|     8|           8|           8|
    |xor_ln1499_fu_180_p2      |       xor|   0|  0|     8|           8|           8|
    +--------------------------+----------+----+---+------+------------+------------+
    |Total                     |          |   0|  0| 69856|       65840|       65920|
    +--------------------------+----------+----+---+------+------------+------------+

    * Multiplexer: 
    N/A

    * Register: 
    N/A



================================================================
== Interface
================================================================
* Summary: 
+------------+-----+-----+------------+-----------------+--------------+
|  RTL Ports | Dir | Bits|  Protocol  |  Source Object  |    C Type    |
+------------+-----+-----+------------+-----------------+--------------+
|ap_ready    |  out|    1|  ap_ctrl_hs|  aes_mix_columns|  return value|
|ap_return   |  out|  128|  ap_ctrl_hs|  aes_mix_columns|  return value|
|block_read  |   in|  128|     ap_none|       block_read|        scalar|
+------------+-----+-----+------------+-----------------+--------------+

